<html>
<body>
<pre>
<h1>µVision Build Log</h1>
<h2>Tool Versions:</h2>
IDE-Version: ¦ÌVision V5.28.0.0
Copyright (C) 2019 ARM Ltd and ARM Germany GmbH. All rights reserved.
License Information: Kuon Nakai, Brunhild Inc., LIC=47GU5-G4BHB-9UX4U-SUQYH-7PG1P-KFZZX
 
Tool Versions:
Toolchain:       MDK-ARM Plus  Version: 5.28.0.0
Toolchain Path:  D:\Keil_v5\ARM\ARMCLANG\Bin
C Compiler:      ArmClang.exe V6.12
Assembler:       Armasm.exe V6.12
Linker/Locator:  ArmLink.exe V6.12
Library Manager: ArmAr.exe V6.12
Hex Converter:   FromElf.exe V6.12
CPU DLL:         SARMCM3.DLL V5.28.0.0
Dialog DLL:      DCM.DLL V1.17.3.0
Target DLL:      CMSIS_AGDI.dll V1.31.18.0
Dialog DLL:      TCM.DLL V1.36.2.0
 
<h2>Project:</h2>
D:\GitHub\stm32learning\KeyIn\MDK-ARM\KeyIn.uvprojx
Project File Date:  04/06/2023

<h2>Output:</h2>
*** Using Compiler 'V6.12', folder: 'D:\Keil_v5\ARM\ARMCLANG\Bin'
Rebuild target 'KeyIn'
assembling startup_stm32g431xx.s...
compiling stm32g4xx_it.c...
compiling stm32g4xx_hal_pwr_ex.c...
compiling usart.c...
compiling gpio.c...
compiling main.c...
compiling stm32g4xx_hal_msp.c...
compiling tim.c...
compiling dma.c...
compiling stm32g4xx_hal_flash.c...
compiling stm32g4xx_hal.c...
compiling stm32g4xx_hal_flash_ramfunc.c...
compiling stm32g4xx_hal_rcc_ex.c...
compiling stm32g4xx_hal_rcc.c...
compiling stm32g4xx_hal_flash_ex.c...
compiling stm32g4xx_hal_gpio.c...
compiling stm32g4xx_hal_tim_ex.c...
compiling stm32g4xx_hal_exti.c...
compiling stm32g4xx_hal_dma_ex.c...
compiling stm32g4xx_hal_pwr.c...
compiling stm32g4xx_hal_dma.c...
compiling system_stm32g4xx.c...
compiling stm32g4xx_hal_cortex.c...
compiling stm32g4xx_hal_uart_ex.c...
compiling stm32g4xx_hal_tim.c...
compiling stm32g4xx_hal_uart.c...
linking...
Program Size: Code=7944 RO-data=568 RW-data=20 ZI-data=1364  
FromELF: creating hex file...
"KeyIn\KeyIn.axf" - 0 Error(s), 0 Warning(s).

<h2>Software Packages used:</h2>

Package Vendor: ARM
                http://www.keil.com/pack/ARM.CMSIS.5.9.0.pack
                ARM.CMSIS.5.9.0
                CMSIS (Common Microcontroller Software Interface Standard)
   * Component: CORE Version: 5.6.0

Package Vendor: Keil
                https://www.keil.com/pack/Keil.STM32G4xx_DFP.1.5.0.pack
                Keil.STM32G4xx_DFP.1.5.0
                STMicroelectronics STM32G4 Series Device Support, Drivers and Examples

<h2>Collection of Component include folders:</h2>
  .\RTE\_KeyIn
  D:\ArmPacks\ARM\CMSIS\5.9.0\CMSIS\Core\Include
  D:\ArmPacks\Keil\STM32G4xx_DFP\1.5.0\Drivers\CMSIS\Device\ST\STM32G4xx\Include

<h2>Collection of Component Files used:</h2>

   * Component: ARM::CMSIS:CORE:5.6.0
Build Time Elapsed:  00:00:01
</pre>
</body>
</html>
