Component: ARM Compiler 6.12 Tool: armlink [5d624300]

==============================================================================

Section Cross References

    startup_stm32g431xx.o(RESET) refers to startup_stm32g431xx.o(STACK) for __initial_sp
    startup_stm32g431xx.o(RESET) refers to startup_stm32g431xx.o(.text) for Reset_Handler
    startup_stm32g431xx.o(RESET) refers to stm32g4xx_it.o(.text.NMI_Handler) for NMI_Handler
    startup_stm32g431xx.o(RESET) refers to stm32g4xx_it.o(.text.HardFault_Handler) for HardFault_Handler
    startup_stm32g431xx.o(RESET) refers to stm32g4xx_it.o(.text.MemManage_Handler) for MemManage_Handler
    startup_stm32g431xx.o(RESET) refers to stm32g4xx_it.o(.text.BusFault_Handler) for BusFault_Handler
    startup_stm32g431xx.o(RESET) refers to stm32g4xx_it.o(.text.UsageFault_Handler) for UsageFault_Handler
    startup_stm32g431xx.o(RESET) refers to stm32g4xx_it.o(.text.SVC_Handler) for SVC_Handler
    startup_stm32g431xx.o(RESET) refers to stm32g4xx_it.o(.text.DebugMon_Handler) for DebugMon_Handler
    startup_stm32g431xx.o(RESET) refers to stm32g4xx_it.o(.text.PendSV_Handler) for PendSV_Handler
    startup_stm32g431xx.o(RESET) refers to stm32g4xx_it.o(.text.SysTick_Handler) for SysTick_Handler
    startup_stm32g431xx.o(RESET) refers to stm32g4xx_it.o(.text.EXTI0_IRQHandler) for EXTI0_IRQHandler
    startup_stm32g431xx.o(RESET) refers to stm32g4xx_it.o(.text.EXTI1_IRQHandler) for EXTI1_IRQHandler
    startup_stm32g431xx.o(RESET) refers to stm32g4xx_it.o(.text.EXTI2_IRQHandler) for EXTI2_IRQHandler
    startup_stm32g431xx.o(RESET) refers to stm32g4xx_it.o(.text.DMA1_Channel1_IRQHandler) for DMA1_Channel1_IRQHandler
    startup_stm32g431xx.o(RESET) refers to stm32g4xx_it.o(.text.TIM1_UP_TIM16_IRQHandler) for TIM1_UP_TIM16_IRQHandler
    startup_stm32g431xx.o(RESET) refers to stm32g4xx_it.o(.text.TIM2_IRQHandler) for TIM2_IRQHandler
    startup_stm32g431xx.o(RESET) refers to stm32g4xx_it.o(.text.USART1_IRQHandler) for USART1_IRQHandler
    startup_stm32g431xx.o(RESET) refers to stm32g4xx_it.o(.text.COMP1_2_3_IRQHandler) for COMP1_2_3_IRQHandler
    startup_stm32g431xx.o(.text) refers to system_stm32g4xx.o(.text.SystemInit) for SystemInit
    startup_stm32g431xx.o(.text) refers to entry.o(.ARM.Collect$$$$00000000) for __main
    i2c_hal.o(.text.SDA_Input_Mode) refers to stm32g4xx_hal_gpio.o(.text.HAL_GPIO_Init) for HAL_GPIO_Init
    i2c_hal.o(.ARM.exidx.text.SDA_Input_Mode) refers to i2c_hal.o(.text.SDA_Input_Mode) for [Anonymous Symbol]
    i2c_hal.o(.text.SDA_Output_Mode) refers to stm32g4xx_hal_gpio.o(.text.HAL_GPIO_Init) for HAL_GPIO_Init
    i2c_hal.o(.ARM.exidx.text.SDA_Output_Mode) refers to i2c_hal.o(.text.SDA_Output_Mode) for [Anonymous Symbol]
    i2c_hal.o(.ARM.exidx.text.SDA_Output) refers to i2c_hal.o(.text.SDA_Output) for [Anonymous Symbol]
    i2c_hal.o(.ARM.exidx.text.SCL_Output) refers to i2c_hal.o(.text.SCL_Output) for [Anonymous Symbol]
    i2c_hal.o(.text.SDA_Input) refers to stm32g4xx_hal_gpio.o(.text.HAL_GPIO_ReadPin) for HAL_GPIO_ReadPin
    i2c_hal.o(.ARM.exidx.text.SDA_Input) refers to i2c_hal.o(.text.SDA_Input) for [Anonymous Symbol]
    i2c_hal.o(.ARM.exidx.text.I2CStart) refers to i2c_hal.o(.text.I2CStart) for [Anonymous Symbol]
    i2c_hal.o(.ARM.exidx.text.I2CStop) refers to i2c_hal.o(.text.I2CStop) for [Anonymous Symbol]
    i2c_hal.o(.text.I2CWaitAck) refers to i2c_hal.o(.text.SDA_Input_Mode) for SDA_Input_Mode
    i2c_hal.o(.text.I2CWaitAck) refers to i2c_hal.o(.text.SDA_Input) for SDA_Input
    i2c_hal.o(.text.I2CWaitAck) refers to i2c_hal.o(.text.SDA_Output_Mode) for SDA_Output_Mode
    i2c_hal.o(.text.I2CWaitAck) refers to i2c_hal.o(.text.I2CStop) for I2CStop
    i2c_hal.o(.ARM.exidx.text.I2CWaitAck) refers to i2c_hal.o(.text.I2CWaitAck) for [Anonymous Symbol]
    i2c_hal.o(.ARM.exidx.text.I2CSendAck) refers to i2c_hal.o(.text.I2CSendAck) for [Anonymous Symbol]
    i2c_hal.o(.ARM.exidx.text.I2CSendNotAck) refers to i2c_hal.o(.text.I2CSendNotAck) for [Anonymous Symbol]
    i2c_hal.o(.text.I2CSendByte) refers to i2c_hal.o(.text.SDA_Output) for SDA_Output
    i2c_hal.o(.ARM.exidx.text.I2CSendByte) refers to i2c_hal.o(.text.I2CSendByte) for [Anonymous Symbol]
    i2c_hal.o(.text.I2CReceiveByte) refers to i2c_hal.o(.text.SDA_Input_Mode) for SDA_Input_Mode
    i2c_hal.o(.text.I2CReceiveByte) refers to i2c_hal.o(.text.SDA_Input) for SDA_Input
    i2c_hal.o(.text.I2CReceiveByte) refers to i2c_hal.o(.text.SDA_Output_Mode) for SDA_Output_Mode
    i2c_hal.o(.ARM.exidx.text.I2CReceiveByte) refers to i2c_hal.o(.text.I2CReceiveByte) for [Anonymous Symbol]
    i2c_hal.o(.text.I2CInit) refers to stm32g4xx_hal_gpio.o(.text.HAL_GPIO_Init) for HAL_GPIO_Init
    i2c_hal.o(.ARM.exidx.text.I2CInit) refers to i2c_hal.o(.text.I2CInit) for [Anonymous Symbol]
    lcd.o(.ARM.exidx.text.Delay_LCD) refers to lcd.o(.text.Delay_LCD) for [Anonymous Symbol]
    lcd.o(.text.REG_8230_Init) refers to lcd.o(.text.LCD_WriteReg) for LCD_WriteReg
[...]
    [Anonymous Symbol]                       0x0800037c   Section        0  stm32g4xx_it.o(.text.DebugMon_Handler)
    [Anonymous Symbol]                       0x0800037e   Section        0  stm32g4xx_it.o(.text.EXTI0_IRQHandler)
    [Anonymous Symbol]                       0x08000384   Section        0  stm32g4xx_it.o(.text.EXTI1_IRQHandler)
    [Anonymous Symbol]                       0x0800038a   Section        0  stm32g4xx_it.o(.text.EXTI2_IRQHandler)
    [Anonymous Symbol]                       0x08000390   Section        0  main.o(.text.Error_Handler)
    [Anonymous Symbol]                       0x08000392   Section        0  stm32g4xx_hal_comp.o(.text.HAL_COMP_GetOutputLevel)
    [Anonymous Symbol]                       0x0800039c   Section        0  stm32g4xx_hal_comp.o(.text.HAL_COMP_IRQHandler)
    __arm_cp.6_0                             0x080003e0   Number         4  stm32g4xx_hal_comp.o(.text.HAL_COMP_IRQHandler)
    [Anonymous Symbol]                       0x080003e4   Section        0  stm32g4xx_hal_comp.o(.text.HAL_COMP_Init)
    __arm_cp.0_0                             0x080004e4   Number         4  stm32g4xx_hal_comp.o(.text.HAL_COMP_Init)
    __arm_cp.0_1                             0x080004e8   Number         4  stm32g4xx_hal_comp.o(.text.HAL_COMP_Init)
    __arm_cp.0_2                             0x080004ec   Number         4  stm32g4xx_hal_comp.o(.text.HAL_COMP_Init)
    __arm_cp.0_3                             0x080004f0   Number         4  stm32g4xx_hal_comp.o(.text.HAL_COMP_Init)
    __arm_cp.0_4                             0x080004f4   Number         4  stm32g4xx_hal_comp.o(.text.HAL_COMP_Init)
    __arm_cp.0_5                             0x080004f8   Number         4  stm32g4xx_hal_comp.o(.text.HAL_COMP_Init)
    [Anonymous Symbol]                       0x080004fc   Section        0  comp.o(.text.HAL_COMP_MspInit)
    __arm_cp.1_1                             0x08000550   Number         4  comp.o(.text.HAL_COMP_MspInit)
    [Anonymous Symbol]                       0x08000554   Section        0  main.o(.text.HAL_COMP_TriggerCallback)
    __arm_cp.9_0                             0x080005cc   Number         4  main.o(.text.HAL_COMP_TriggerCallback)
    __arm_cp.9_1                             0x080005d0   Number         4  main.o(.text.HAL_COMP_TriggerCallback)
    __arm_cp.9_4                             0x080005d4   Number         4  main.o(.text.HAL_COMP_TriggerCallback)
    [Anonymous Symbol]                       0x080005d8   Section        0  stm32g4xx_hal_dma.o(.text.HAL_DMA_Abort)
    [Anonymous Symbol]                       0x0800063e   Section        0  stm32g4xx_hal_dma.o(.text.HAL_DMA_Abort_IT)
    [Anonymous Symbol]                       0x080006b8   Section        0  stm32g4xx_hal_dma.o(.text.HAL_DMA_IRQHandler)
    [Anonymous Symbol]                       0x0800075c   Section        0  stm32g4xx_hal_dma.o(.text.HAL_DMA_Init)
    __arm_cp.0_0                             0x08000814   Number         4  stm32g4xx_hal_dma.o(.text.HAL_DMA_Init)
    __arm_cp.0_1                             0x08000818   Number         4  stm32g4xx_hal_dma.o(.text.HAL_DMA_Init)
    [Anonymous Symbol]                       0x0800081c   Section        0  stm32g4xx_hal.o(.text.HAL_Delay)
    [Anonymous Symbol]                       0x0800083c   Section        0  main.o(.text.HAL_GPIO_EXTI_Callback)
    __arm_cp.7_0                             0x080008bc   Number         4  main.o(.text.HAL_GPIO_EXTI_Callback)
    __arm_cp.7_1                             0x080008c0   Number         4  main.o(.text.HAL_GPIO_EXTI_Callback)
    __arm_cp.7_2                             0x080008c4   Number         4  main.o(.text.HAL_GPIO_EXTI_Callback)
    __arm_cp.7_3                             0x080008c8   Number         4  main.o(.text.HAL_GPIO_EXTI_Callback)
    [Anonymous Symbol]                       0x080008cc   Section        0  stm32g4xx_hal_gpio.o(.text.HAL_GPIO_EXTI_IRQHandler)
    __arm_cp.6_0                             0x080008dc   Number         4  stm32g4xx_hal_gpio.o(.text.HAL_GPIO_EXTI_IRQHandler)
    [Anonymous Symbol]                       0x080008e0   Section        0  stm32g4xx_hal_gpio.o(.text.HAL_GPIO_Init)
    __arm_cp.0_0                             0x08000a68   Number         4  stm32g4xx_hal_gpio.o(.text.HAL_GPIO_Init)
    __arm_cp.0_1                             0x08000a6c   Number         4  stm32g4xx_hal_gpio.o(.text.HAL_GPIO_Init)
    __arm_cp.0_2                             0x08000a70   Number         4  stm32g4xx_hal_gpio.o(.text.HAL_GPIO_Init)
    __arm_cp.0_3                             0x08000a74   Number         4  stm32g4xx_hal_gpio.o(.text.HAL_GPIO_Init)
    __arm_cp.0_4                             0x08000a78   Number         4  stm32g4xx_hal_gpio.o(.text.HAL_GPIO_Init)
    [Anonymous Symbol]                       0x08000a7c   Section        0  stm32g4xx_hal_gpio.o(.text.HAL_GPIO_ReadPin)
    [Anonymous Symbol]                       0x08000a86   Section        0  stm32g4xx_hal_gpio.o(.text.HAL_GPIO_WritePin)
    [Anonymous Symbol]                       0x08000a94   Section        0  stm32g4xx_hal.o(.text.HAL_GetTick)
    [Anonymous Symbol]                       0x08000a9c   Section        0  stm32g4xx_hal.o(.text.HAL_IncTick)
    __arm_cp.5_1                             0x08000aac   Number         4  stm32g4xx_hal.o(.text.HAL_IncTick)
    [Anonymous Symbol]                       0x08000ab0   Section        0  stm32g4xx_hal.o(.text.HAL_Init)
    [Anonymous Symbol]                       0x08000acc   Section        0  stm32g4xx_hal.o(.text.HAL_InitTick)
    __arm_cp.1_0                             0x08000b0c   Number         4  stm32g4xx_hal.o(.text.HAL_InitTick)
    [Anonymous Symbol]                       0x08000b10   Section        0  stm32g4xx_hal_msp.o(.text.HAL_MspInit)
    __arm_cp.0_0                             0x08000b40   Number         4  stm32g4xx_hal_msp.o(.text.HAL_MspInit)
    [Anonymous Symbol]                       0x08000b44   Section        0  stm32g4xx_hal_cortex.o(.text.HAL_NVIC_EnableIRQ)
    __arm_cp.3_0                             0x08000b5c   Number         4  stm32g4xx_hal_cortex.o(.text.HAL_NVIC_EnableIRQ)
    [Anonymous Symbol]                       0x08000b60   Section        0  stm32g4xx_hal_cortex.o(.text.HAL_NVIC_SetPriority)
    [Anonymous Symbol]                       0x08000b9c   Section        0  stm32g4xx_hal_cortex.o(.text.HAL_NVIC_SetPriorityGrouping)
    __arm_cp.0_0                             0x08000bb4   Number         4  stm32g4xx_hal_cortex.o(.text.HAL_NVIC_SetPriorityGrouping)
    __arm_cp.0_1                             0x08000bb8   Number         4  stm32g4xx_hal_cortex.o(.text.HAL_NVIC_SetPriorityGrouping)
    [Anonymous Symbol]                       0x08000bbc   Section        0  stm32g4xx_hal_pwr_ex.o(.text.HAL_PWREx_ControlVoltageScaling)
    __arm_cp.1_1                             0x08000c60   Number         4  stm32g4xx_hal_pwr_ex.o(.text.HAL_PWREx_ControlVoltageScaling)
    __arm_cp.1_2                             0x08000c64   Number         4  stm32g4xx_hal_pwr_ex.o(.text.HAL_PWREx_ControlVoltageScaling)
    [Anonymous Symbol]                       0x08000c68   Section        0  stm32g4xx_hal_pwr_ex.o(.text.HAL_PWREx_DisableUCPDDeadBattery)
    __arm_cp.36_0                            0x08000c74   Number         4  stm32g4xx_hal_pwr_ex.o(.text.HAL_PWREx_DisableUCPDDeadBattery)
    [Anonymous Symbol]                       0x08000c78   Section        0  stm32g4xx_hal_rcc_ex.o(.text.HAL_RCCEx_PeriphCLKConfig)
    __arm_cp.0_0                             0x08000ea0   Number         4  stm32g4xx_hal_rcc_ex.o(.text.HAL_RCCEx_PeriphCLKConfig)
    __arm_cp.0_1                             0x08000ea4   Number         4  stm32g4xx_hal_rcc_ex.o(.text.HAL_RCCEx_PeriphCLKConfig)
    [Anonymous Symbol]                       0x08000ea8   Section        0  stm32g4xx_hal_rcc.o(.text.HAL_RCC_ClockConfig)
    __arm_cp.2_0                             0x0800107c   Number         4  stm32g4xx_hal_rcc.o(.text.HAL_RCC_ClockConfig)
    __arm_cp.2_2                             0x08001080   Number         4  stm32g4xx_hal_rcc.o(.text.HAL_RCC_ClockConfig)
    __arm_cp.2_4                             0x08001084   Number         4  stm32g4xx_hal_rcc.o(.text.HAL_RCC_ClockConfig)
    __arm_cp.2_6                             0x08001088   Number         4  stm32g4xx_hal_rcc.o(.text.HAL_RCC_ClockConfig)
    [Anonymous Symbol]                       0x0800108c   Section        0  stm32g4xx_hal_rcc.o(.text.HAL_RCC_GetPCLK1Freq)
    [Anonymous Symbol]                       0x080010a4   Section        0  stm32g4xx_hal_rcc.o(.text.HAL_RCC_GetPCLK2Freq)
    __arm_cp.7_0                             0x080010bc   Number         4  stm32g4xx_hal_rcc.o(.text.HAL_RCC_GetPCLK2Freq)
    __arm_cp.7_2                             0x080010c0   Number         4  stm32g4xx_hal_rcc.o(.text.HAL_RCC_GetPCLK2Freq)
    [Anonymous Symbol]                       0x080010c4   Section        0  stm32g4xx_hal_rcc.o(.text.HAL_RCC_GetSysClockFreq)
    __arm_cp.3_0                             0x08001124   Number         4  stm32g4xx_hal_rcc.o(.text.HAL_RCC_GetSysClockFreq)
    __arm_cp.3_1                             0x08001128   Number         4  stm32g4xx_hal_rcc.o(.text.HAL_RCC_GetSysClockFreq)
    __arm_cp.3_2                             0x0800112c   Number         4  stm32g4xx_hal_rcc.o(.text.HAL_RCC_GetSysClockFreq)
    [Anonymous Symbol]                       0x08001130   Section        0  stm32g4xx_hal_rcc.o(.text.HAL_RCC_OscConfig)
    __arm_cp.1_6                             0x080014bc   Number         4  stm32g4xx_hal_rcc.o(.text.HAL_RCC_OscConfig)
    __arm_cp.1_1                             0x08001558   Number         4  stm32g4xx_hal_rcc.o(.text.HAL_RCC_OscConfig)
    __arm_cp.1_2                             0x0800155c   Number         4  stm32g4xx_hal_rcc.o(.text.HAL_RCC_OscConfig)
    __arm_cp.1_3                             0x08001560   Number         4  stm32g4xx_hal_rcc.o(.text.HAL_RCC_OscConfig)
    __arm_cp.1_4                             0x08001564   Number         4  stm32g4xx_hal_rcc.o(.text.HAL_RCC_OscConfig)
    __arm_cp.1_5                             0x08001568   Number         4  stm32g4xx_hal_rcc.o(.text.HAL_RCC_OscConfig)
    [Anonymous Symbol]                       0x0800156c   Section        0  stm32g4xx_hal_rtc.o(.text.HAL_RTC_Init)
    __arm_cp.0_0                             0x080015fc   Number         4  stm32g4xx_hal_rtc.o(.text.HAL_RTC_Init)
    [Anonymous Symbol]                       0x08001600   Section        0  rtc.o(.text.HAL_RTC_MspInit)
    __arm_cp.1_0                             0x08001650   Number         4  rtc.o(.text.HAL_RTC_MspInit)
    __arm_cp.1_1                             0x08001654   Number         4  rtc.o(.text.HAL_RTC_MspInit)
    [Anonymous Symbol]                       0x08001658   Section        0  stm32g4xx_hal_rtc.o(.text.HAL_RTC_SetDate)
    [Anonymous Symbol]                       0x08001704   Section        0  stm32g4xx_hal_rtc.o(.text.HAL_RTC_SetTime)
    __arm_cp.7_0                             0x080017d8   Number         4  stm32g4xx_hal_rtc.o(.text.HAL_RTC_SetTime)
    __arm_cp.7_1                             0x080017dc   Number         4  stm32g4xx_hal_rtc.o(.text.HAL_RTC_SetTime)
    [Anonymous Symbol]                       0x080017e0   Section        0  stm32g4xx_hal_rtc.o(.text.HAL_RTC_WaitForSynchro)
    [Anonymous Symbol]                       0x08001814   Section        0  stm32g4xx_hal_cortex.o(.text.HAL_SYSTICK_Config)
    __arm_cp.7_0                             0x08001834   Number         4  stm32g4xx_hal_cortex.o(.text.HAL_SYSTICK_Config)
    __arm_cp.7_1                             0x08001838   Number         4  stm32g4xx_hal_cortex.o(.text.HAL_SYSTICK_Config)
    [Anonymous Symbol]                       0x0800183c   Section        0  stm32g4xx_hal_tim_ex.o(.text.HAL_TIMEx_Break2Callback)
    [Anonymous Symbol]                       0x0800183e   Section        0  stm32g4xx_hal_tim_ex.o(.text.HAL_TIMEx_BreakCallback)
    [Anonymous Symbol]                       0x08001840   Section        0  stm32g4xx_hal_tim_ex.o(.text.HAL_TIMEx_CommutCallback)
    [Anonymous Symbol]                       0x08001844   Section        0  stm32g4xx_hal_tim_ex.o(.text.HAL_TIMEx_ConfigBreakDeadTime)
    __arm_cp.35_0                            0x080018f8   Number         4  stm32g4xx_hal_tim_ex.o(.text.HAL_TIMEx_ConfigBreakDeadTime)
    __arm_cp.35_3                            0x080018fc   Number         4  stm32g4xx_hal_tim_ex.o(.text.HAL_TIMEx_ConfigBreakDeadTime)
    [Anonymous Symbol]                       0x08001900   Section        0  stm32g4xx_hal_tim_ex.o(.text.HAL_TIMEx_DirectionChangeCallback)
    [Anonymous Symbol]                       0x08001902   Section        0  stm32g4xx_hal_tim_ex.o(.text.HAL_TIMEx_EncoderIndexCallback)
    [Anonymous Symbol]                       0x08001904   Section        0  stm32g4xx_hal_tim_ex.o(.text.HAL_TIMEx_IndexErrorCallback)
    [Anonymous Symbol]                       0x08001908   Section        0  stm32g4xx_hal_tim_ex.o(.text.HAL_TIMEx_MasterConfigSynchronization)
    __arm_cp.34_0                            0x08001988   Number         4  stm32g4xx_hal_tim_ex.o(.text.HAL_TIMEx_MasterConfigSynchronization)
    __arm_cp.34_2                            0x0800198c   Number         4  stm32g4xx_hal_tim_ex.o(.text.HAL_TIMEx_MasterConfigSynchronization)
    __arm_cp.34_5                            0x08001990   Number         4  stm32g4xx_hal_tim_ex.o(.text.HAL_TIMEx_MasterConfigSynchronization)
    [Anonymous Symbol]                       0x08001994   Section        0  stm32g4xx_hal_tim_ex.o(.text.HAL_TIMEx_TransitionErrorCallback)
    [Anonymous Symbol]                       0x08001996   Section        0  stm32g4xx_hal_tim.o(.text.HAL_TIM_Base_Init)
    [Anonymous Symbol]                       0x080019f8   Section        0  tim.o(.text.HAL_TIM_Base_MspInit)
    __arm_cp.7_0                             0x08001ac0   Number         4  tim.o(.text.HAL_TIM_Base_MspInit)
    __arm_cp.7_1                             0x08001ac4   Number         4  tim.o(.text.HAL_TIM_Base_MspInit)
    __arm_cp.7_2                             0x08001ac8   Number         4  tim.o(.text.HAL_TIM_Base_MspInit)
    __arm_cp.7_3                             0x08001acc   Number         4  tim.o(.text.HAL_TIM_Base_MspInit)
    __arm_cp.7_4                             0x08001ad0   Number         4  tim.o(.text.HAL_TIM_Base_MspInit)
    __arm_cp.7_5                             0x08001ad4   Number         4  tim.o(.text.HAL_TIM_Base_MspInit)
    [Anonymous Symbol]                       0x08001ad8   Section        0  stm32g4xx_hal_tim.o(.text.HAL_TIM_ConfigClockSource)
    __arm_cp.96_0                            0x08001be8   Number         4  stm32g4xx_hal_tim.o(.text.HAL_TIM_ConfigClockSource)
    __arm_cp.96_1                            0x08001bec   Number         4  stm32g4xx_hal_tim.o(.text.HAL_TIM_ConfigClockSource)
    __arm_cp.96_2                            0x08001bf0   Number         4  stm32g4xx_hal_tim.o(.text.HAL_TIM_ConfigClockSource)
    __arm_cp.96_3                            0x08001bf4   Number         4  stm32g4xx_hal_tim.o(.text.HAL_TIM_ConfigClockSource)
    __arm_cp.96_4                            0x08001bf8   Number         4  stm32g4xx_hal_tim.o(.text.HAL_TIM_ConfigClockSource)
    __arm_cp.96_5                            0x08001bfc   Number         4  stm32g4xx_hal_tim.o(.text.HAL_TIM_ConfigClockSource)
    [Anonymous Symbol]                       0x08001c00   Section        0  stm32g4xx_hal_tim.o(.text.HAL_TIM_IC_CaptureCallback)
    [Anonymous Symbol]                       0x08001c02   Section        0  stm32g4xx_hal_tim.o(.text.HAL_TIM_IRQHandler)
    [Anonymous Symbol]                       0x08001e04   Section        0  tim.o(.text.HAL_TIM_MspPostInit)
    __arm_cp.3_0                             0x08001e78   Number         4  tim.o(.text.HAL_TIM_MspPostInit)
    __arm_cp.3_1                             0x08001e7c   Number         4  tim.o(.text.HAL_TIM_MspPostInit)
    __arm_cp.3_2                             0x08001e80   Number         4  tim.o(.text.HAL_TIM_MspPostInit)
    [Anonymous Symbol]                       0x08001e84   Section        0  stm32g4xx_hal_tim.o(.text.HAL_TIM_OC_DelayElapsedCallback)
    [Anonymous Symbol]                       0x08001e88   Section        0  stm32g4xx_hal_tim.o(.text.HAL_TIM_PWM_ConfigChannel)
    [Anonymous Symbol]                       0x08001f42   Section        0  stm32g4xx_hal_tim.o(.text.HAL_TIM_PWM_Init)
    [Anonymous Symbol]                       0x08001fa2   Section        0  stm32g4xx_hal_tim.o(.text.HAL_TIM_PWM_MspInit)
    [Anonymous Symbol]                       0x08001fa4   Section        0  stm32g4xx_hal_tim.o(.text.HAL_TIM_PWM_PulseFinishedCallback)
    [Anonymous Symbol]                       0x08001fa8   Section        0  main.o(.text.HAL_TIM_PeriodElapsedCallback)
    __arm_cp.6_0                             0x08001fb8   Number         4  main.o(.text.HAL_TIM_PeriodElapsedCallback)
    __arm_cp.6_1                             0x08001fbc   Number         4  main.o(.text.HAL_TIM_PeriodElapsedCallback)
    [Anonymous Symbol]                       0x08001fc0   Section        0  stm32g4xx_hal_tim.o(.text.HAL_TIM_SlaveConfigSynchro)
    [Anonymous Symbol]                       0x08002008   Section        0  stm32g4xx_hal_tim.o(.text.HAL_TIM_TriggerCallback)
    [Anonymous Symbol]                       0x0800200a   Section        0  stm32g4xx_hal_uart_ex.o(.text.HAL_UARTEx_DisableFifoMode)
    [Anonymous Symbol]                       0x08002040   Section        0  stm32g4xx_hal_uart.o(.text.HAL_UARTEx_RxEventCallback)
    [Anonymous Symbol]                       0x08002042   Section        0  stm32g4xx_hal_uart_ex.o(.text.HAL_UARTEx_RxFifoFullCallback)
    [Anonymous Symbol]                       0x08002044   Section        0  stm32g4xx_hal_uart_ex.o(.text.HAL_UARTEx_SetRxFifoThreshold)
    [Anonymous Symbol]                       0x0800208e   Section        0  stm32g4xx_hal_uart_ex.o(.text.HAL_UARTEx_SetTxFifoThreshold)
    [Anonymous Symbol]                       0x080020d8   Section        0  stm32g4xx_hal_uart_ex.o(.text.HAL_UARTEx_TxFifoEmptyCallback)
    [Anonymous Symbol]                       0x080020da   Section        0  stm32g4xx_hal_uart_ex.o(.text.HAL_UARTEx_WakeupCallback)
    [Anonymous Symbol]                       0x080020dc   Section        0  stm32g4xx_hal_uart.o(.text.HAL_UART_ErrorCallback)
    [Anonymous Symbol]                       0x080020e0   Section        0  stm32g4xx_hal_uart.o(.text.HAL_UART_IRQHandler)
    __arm_cp.44_0                            0x080023d8   Number         4  stm32g4xx_hal_uart.o(.text.HAL_UART_IRQHandler)
    __arm_cp.44_1                            0x080023dc   Number         4  stm32g4xx_hal_uart.o(.text.HAL_UART_IRQHandler)
    __arm_cp.44_2                            0x080023e0   Number         4  stm32g4xx_hal_uart.o(.text.HAL_UART_IRQHandler)
    __arm_cp.44_3                            0x080023e4   Number         4  stm32g4xx_hal_uart.o(.text.HAL_UART_IRQHandler)
    [Anonymous Symbol]                       0x080023e8   Section        0  stm32g4xx_hal_uart.o(.text.HAL_UART_Init)
    [Anonymous Symbol]                       0x0800244c   Section        0  usart.o(.text.HAL_UART_MspInit)
    __arm_cp.1_0                             0x08002500   Number         4  usart.o(.text.HAL_UART_MspInit)
    __arm_cp.1_2                             0x08002504   Number         4  usart.o(.text.HAL_UART_MspInit)
    __arm_cp.1_3                             0x08002508   Number         4  usart.o(.text.HAL_UART_MspInit)
    [Anonymous Symbol]                       0x0800250c   Section        0  stm32g4xx_hal_uart.o(.text.HAL_UART_TxCpltCallback)
    [Anonymous Symbol]                       0x0800250e   Section        0  stm32g4xx_it.o(.text.HardFault_Handler)
    [Anonymous Symbol]                       0x08002510   Section        0  lcd.o(.text.LCD_BusIn)
    [Anonymous Symbol]                       0x08002530   Section        0  lcd.o(.text.LCD_BusOut)
    __arm_cp.25_0                            0x08002554   Number         4  lcd.o(.text.LCD_BusOut)
    [Anonymous Symbol]                       0x08002558   Section        0  lcd.o(.text.LCD_Clear)
    [Anonymous Symbol]                       0x0800257c   Section        0  lcd.o(.text.LCD_CtrlLinesConfig)
    __arm_cp.5_0                             0x08002608   Number         4  lcd.o(.text.LCD_CtrlLinesConfig)
    __arm_cp.5_1                             0x0800260c   Number         4  lcd.o(.text.LCD_CtrlLinesConfig)
    __arm_cp.5_2                             0x08002610   Number         4  lcd.o(.text.LCD_CtrlLinesConfig)
    [Anonymous Symbol]                       0x08002614   Section        0  lcd.o(.text.LCD_Init)
    __arm_cp.4_0                             0x08002644   Number         4  lcd.o(.text.LCD_Init)
    [Anonymous Symbol]                       0x08002648   Section        0  lcd.o(.text.LCD_ReadReg)
    __arm_cp.6_0                             0x080026d0   Number         4  lcd.o(.text.LCD_ReadReg)
    __arm_cp.6_1                             0x080026d4   Number         4  lcd.o(.text.LCD_ReadReg)
    [Anonymous Symbol]                       0x080026d8   Section        0  lcd.o(.text.LCD_SetBackColor)
    __arm_cp.8_0                             0x080026ec   Number         4  lcd.o(.text.LCD_SetBackColor)
    [Anonymous Symbol]                       0x080026f0   Section        0  lcd.o(.text.LCD_SetCursor)
    [Anonymous Symbol]                       0x08002708   Section        0  lcd.o(.text.LCD_SetTextColor)
    __arm_cp.7_0                             0x0800271c   Number         4  lcd.o(.text.LCD_SetTextColor)
    [Anonymous Symbol]                       0x08002720   Section        0  lcd.o(.text.LCD_WriteRAM)
    [Anonymous Symbol]                       0x0800276c   Section        0  lcd.o(.text.LCD_WriteRAM_Prepare)
    [Anonymous Symbol]                       0x080027bc   Section        0  lcd.o(.text.LCD_WriteReg)
    __arm_cp.2_0                             0x0800281c   Number         4  lcd.o(.text.LCD_WriteReg)
    [Anonymous Symbol]                       0x08002820   Section        0  comp.o(.text.MX_COMP3_Init)
    __arm_cp.0_0                             0x08002850   Number         4  comp.o(.text.MX_COMP3_Init)
    __arm_cp.0_1                             0x08002854   Number         4  comp.o(.text.MX_COMP3_Init)
    __arm_cp.0_2                             0x08002858   Number         4  comp.o(.text.MX_COMP3_Init)
    [Anonymous Symbol]                       0x0800285c   Section        0  dma.o(.text.MX_DMA_Init)
    __arm_cp.0_0                             0x08002898   Number         4  dma.o(.text.MX_DMA_Init)
    [Anonymous Symbol]                       0x0800289c   Section        0  gpio.o(.text.MX_GPIO_Init)
    __arm_cp.0_0                             0x080029f4   Number         4  gpio.o(.text.MX_GPIO_Init)
    __arm_cp.0_1                             0x080029f8   Number         4  gpio.o(.text.MX_GPIO_Init)
    __arm_cp.0_2                             0x080029fc   Number         4  gpio.o(.text.MX_GPIO_Init)
    __arm_cp.0_3                             0x08002a00   Number         4  gpio.o(.text.MX_GPIO_Init)
    __arm_cp.0_4                             0x08002a04   Number         4  gpio.o(.text.MX_GPIO_Init)
    __arm_cp.0_5                             0x08002a08   Number         4  gpio.o(.text.MX_GPIO_Init)
    [Anonymous Symbol]                       0x08002a0c   Section        0  rtc.o(.text.MX_RTC_Init)
    __arm_cp.0_0                             0x08002a80   Number         4  rtc.o(.text.MX_RTC_Init)
    __arm_cp.0_1                             0x08002a84   Number         4  rtc.o(.text.MX_RTC_Init)
    __arm_cp.0_2                             0x08002a88   Number         4  rtc.o(.text.MX_RTC_Init)
    [Anonymous Symbol]                       0x08002a8c   Section        0  tim.o(.text.MX_TIM17_Init)
    __arm_cp.6_0                             0x08002b1c   Number         4  tim.o(.text.MX_TIM17_Init)
    __arm_cp.6_1                             0x08002b20   Number         4  tim.o(.text.MX_TIM17_Init)
    [Anonymous Symbol]                       0x08002b24   Section        0  tim.o(.text.MX_TIM1_Init)
    __arm_cp.0_0                             0x08002b88   Number         4  tim.o(.text.MX_TIM1_Init)
    __arm_cp.0_1                             0x08002b8c   Number         4  tim.o(.text.MX_TIM1_Init)
    [Anonymous Symbol]                       0x08002b90   Section        0  tim.o(.text.MX_TIM2_Init)
    __arm_cp.1_0                             0x08002bf4   Number         4  tim.o(.text.MX_TIM2_Init)
    [Anonymous Symbol]                       0x08002bf8   Section        0  tim.o(.text.MX_TIM3_Init)
    __arm_cp.2_0                             0x08002c90   Number         4  tim.o(.text.MX_TIM3_Init)
    __arm_cp.2_1                             0x08002c94   Number         4  tim.o(.text.MX_TIM3_Init)
    [Anonymous Symbol]                       0x08002c98   Section        0  tim.o(.text.MX_TIM4_Init)
    __arm_cp.4_0                             0x08002cf8   Number         4  tim.o(.text.MX_TIM4_Init)
    __arm_cp.4_1                             0x08002cfc   Number         4  tim.o(.text.MX_TIM4_Init)
    [Anonymous Symbol]                       0x08002d00   Section        0  tim.o(.text.MX_TIM6_Init)
    __arm_cp.5_0                             0x08002d40   Number         4  tim.o(.text.MX_TIM6_Init)
    __arm_cp.5_1                             0x08002d44   Number         4  tim.o(.text.MX_TIM6_Init)
    [Anonymous Symbol]                       0x08002d48   Section        0  usart.o(.text.MX_USART1_UART_Init)
    __arm_cp.0_0                             0x08002da8   Number         4  usart.o(.text.MX_USART1_UART_Init)
    __arm_cp.0_1                             0x08002dac   Number         4  usart.o(.text.MX_USART1_UART_Init)
    [Anonymous Symbol]                       0x08002db0   Section        0  stm32g4xx_it.o(.text.MemManage_Handler)
    [Anonymous Symbol]                       0x08002db2   Section        0  stm32g4xx_it.o(.text.NMI_Handler)
    [Anonymous Symbol]                       0x08002db4   Section        0  stm32g4xx_it.o(.text.PendSV_Handler)
    [Anonymous Symbol]                       0x08002db8   Section        0  lcd.o(.text.REG_8230_Init)
    __arm_cp.1_1                             0x08002ea0   Number         4  lcd.o(.text.REG_8230_Init)
    [Anonymous Symbol]                       0x08002ea4   Section        0  lcd.o(.text.REG_932X_Init)
    __arm_cp.3_0                             0x08003034   Number         4  lcd.o(.text.REG_932X_Init)
    __arm_cp.3_1                             0x08003038   Number         4  lcd.o(.text.REG_932X_Init)
    [Anonymous Symbol]                       0x0800303c   Section        0  stm32g4xx_hal_rtc.o(.text.RTC_ByteToBcd2)
    [Anonymous Symbol]                       0x08003068   Section        0  stm32g4xx_hal_rtc.o(.text.RTC_EnterInitMode)
    [Anonymous Symbol]                       0x080030ae   Section        0  stm32g4xx_hal_rtc.o(.text.RTC_ExitInitMode)
    [Anonymous Symbol]                       0x080030fc   Section        0  stm32g4xx_it.o(.text.SVC_Handler)
    [Anonymous Symbol]                       0x080030fe   Section        0  stm32g4xx_it.o(.text.SysTick_Handler)
    [Anonymous Symbol]                       0x08003102   Section        0  main.o(.text.SystemClock_Config)
    [Anonymous Symbol]                       0x08003160   Section        0  system_stm32g4xx.o(.text.SystemInit)
    __arm_cp.0_0                             0x08003178   Number         4  system_stm32g4xx.o(.text.SystemInit)
    [Anonymous Symbol]                       0x0800317c   Section        0  stm32g4xx_it.o(.text.TIM1_UP_TIM16_IRQHandler)
    __arm_cp.13_0                            0x08003184   Number         4  stm32g4xx_it.o(.text.TIM1_UP_TIM16_IRQHandler)
    [Anonymous Symbol]                       0x08003188   Section        0  stm32g4xx_it.o(.text.TIM2_IRQHandler)
    __arm_cp.14_0                            0x08003190   Number         4  stm32g4xx_it.o(.text.TIM2_IRQHandler)
    [Anonymous Symbol]                       0x08003194   Section        0  stm32g4xx_hal_tim.o(.text.TIM_Base_SetConfig)
    __arm_cp.2_0                             0x08003264   Number         4  stm32g4xx_hal_tim.o(.text.TIM_Base_SetConfig)
    __arm_cp.2_1                             0x08003268   Number         4  stm32g4xx_hal_tim.o(.text.TIM_Base_SetConfig)
    __arm_cp.2_2                             0x0800326c   Number         4  stm32g4xx_hal_tim.o(.text.TIM_Base_SetConfig)
    __arm_cp.2_3                             0x08003270   Number         4  stm32g4xx_hal_tim.o(.text.TIM_Base_SetConfig)
    __arm_cp.2_4                             0x08003274   Number         4  stm32g4xx_hal_tim.o(.text.TIM_Base_SetConfig)
    __arm_cp.2_5                             0x08003278   Number         4  stm32g4xx_hal_tim.o(.text.TIM_Base_SetConfig)
    __arm_cp.2_6                             0x0800327c   Number         4  stm32g4xx_hal_tim.o(.text.TIM_Base_SetConfig)
    TIM_OC1_SetConfig                        0x08003281   Thumb Code   112  stm32g4xx_hal_tim.o(.text.TIM_OC1_SetConfig)
    [Anonymous Symbol]                       0x08003280   Section        0  stm32g4xx_hal_tim.o(.text.TIM_OC1_SetConfig)
    [Anonymous Symbol]                       0x080032e8   Section        0  stm32g4xx_hal_tim.o(.text.TIM_OC2_SetConfig)
    TIM_OC3_SetConfig                        0x08003359   Thumb Code   120  stm32g4xx_hal_tim.o(.text.TIM_OC3_SetConfig)
    [Anonymous Symbol]                       0x08003358   Section        0  stm32g4xx_hal_tim.o(.text.TIM_OC3_SetConfig)
    __arm_cp.76_0                            0x080033c8   Number         4  stm32g4xx_hal_tim.o(.text.TIM_OC3_SetConfig)
    TIM_OC4_SetConfig                        0x080033cd   Thumb Code   120  stm32g4xx_hal_tim.o(.text.TIM_OC4_SetConfig)
    [Anonymous Symbol]                       0x080033cc   Section        0  stm32g4xx_hal_tim.o(.text.TIM_OC4_SetConfig)
    __arm_cp.77_0                            0x0800343c   Number         4  stm32g4xx_hal_tim.o(.text.TIM_OC4_SetConfig)
    TIM_OC5_SetConfig                        0x08003441   Thumb Code    96  stm32g4xx_hal_tim.o(.text.TIM_OC5_SetConfig)
    [Anonymous Symbol]                       0x08003440   Section        0  stm32g4xx_hal_tim.o(.text.TIM_OC5_SetConfig)
    __arm_cp.78_0                            0x08003498   Number         4  stm32g4xx_hal_tim.o(.text.TIM_OC5_SetConfig)
    TIM_OC6_SetConfig                        0x0800349d   Thumb Code    96  stm32g4xx_hal_tim.o(.text.TIM_OC6_SetConfig)
    [Anonymous Symbol]                       0x0800349c   Section        0  stm32g4xx_hal_tim.o(.text.TIM_OC6_SetConfig)
    __arm_cp.79_0                            0x080034f4   Number         4  stm32g4xx_hal_tim.o(.text.TIM_OC6_SetConfig)
    __arm_cp.79_1                            0x080034f8   Number         4  stm32g4xx_hal_tim.o(.text.TIM_OC6_SetConfig)
    TIM_SlaveTimer_SetConfig                 0x080034fd   Thumb Code   252  stm32g4xx_hal_tim.o(.text.TIM_SlaveTimer_SetConfig)
    [Anonymous Symbol]                       0x080034fc   Section        0  stm32g4xx_hal_tim.o(.text.TIM_SlaveTimer_SetConfig)
    __arm_cp.101_0                           0x080035e0   Number         4  stm32g4xx_hal_tim.o(.text.TIM_SlaveTimer_SetConfig)
    __arm_cp.101_1                           0x080035e4   Number         4  stm32g4xx_hal_tim.o(.text.TIM_SlaveTimer_SetConfig)
    __arm_cp.101_2                           0x080035e8   Number         4  stm32g4xx_hal_tim.o(.text.TIM_SlaveTimer_SetConfig)
    __arm_cp.101_3                           0x080035ec   Number         4  stm32g4xx_hal_tim.o(.text.TIM_SlaveTimer_SetConfig)
    __arm_cp.101_4                           0x080035f0   Number         4  stm32g4xx_hal_tim.o(.text.TIM_SlaveTimer_SetConfig)
    __arm_cp.101_5                           0x080035f4   Number         4  stm32g4xx_hal_tim.o(.text.TIM_SlaveTimer_SetConfig)
    TIM_TI1_ConfigInputStage                 0x080035f9   Thumb Code    34  stm32g4xx_hal_tim.o(.text.TIM_TI1_ConfigInputStage)
    [Anonymous Symbol]                       0x080035f8   Section        0  stm32g4xx_hal_tim.o(.text.TIM_TI1_ConfigInputStage)
    TIM_TI2_ConfigInputStage                 0x0800361b   Thumb Code    34  stm32g4xx_hal_tim.o(.text.TIM_TI2_ConfigInputStage)
    [Anonymous Symbol]                       0x0800361a   Section        0  stm32g4xx_hal_tim.o(.text.TIM_TI2_ConfigInputStage)
    UARTEx_SetNbDataToProcess                0x0800363d   Thumb Code    84  stm32g4xx_hal_uart_ex.o(.text.UARTEx_SetNbDataToProcess)
    [Anonymous Symbol]                       0x0800363c   Section        0  stm32g4xx_hal_uart_ex.o(.text.UARTEx_SetNbDataToProcess)
    __arm_cp.9_0                             0x08003688   Number         4  stm32g4xx_hal_uart_ex.o(.text.UARTEx_SetNbDataToProcess)
    __arm_cp.9_1                             0x0800368c   Number         4  stm32g4xx_hal_uart_ex.o(.text.UARTEx_SetNbDataToProcess)
    [Anonymous Symbol]                       0x08003690   Section        0  stm32g4xx_hal_uart.o(.text.UART_AdvFeatureConfig)
    [Anonymous Symbol]                       0x08003762   Section        0  stm32g4xx_hal_uart.o(.text.UART_CheckIdleState)
    UART_DMAAbortOnError                     0x080037c9   Thumb Code    16  stm32g4xx_hal_uart.o(.text.UART_DMAAbortOnError)
    [Anonymous Symbol]                       0x080037c8   Section        0  stm32g4xx_hal_uart.o(.text.UART_DMAAbortOnError)
    UART_EndRxTransfer                       0x080037d9   Thumb Code    92  stm32g4xx_hal_uart.o(.text.UART_EndRxTransfer)
    [Anonymous Symbol]                       0x080037d8   Section        0  stm32g4xx_hal_uart.o(.text.UART_EndRxTransfer)
    __arm_cp.30_0                            0x08003830   Number         4  stm32g4xx_hal_uart.o(.text.UART_EndRxTransfer)
    [Anonymous Symbol]                       0x08003834   Section        0  stm32g4xx_hal_uart.o(.text.UART_SetConfig)
    __arm_cp.2_0                             0x08003a20   Number         4  stm32g4xx_hal_uart.o(.text.UART_SetConfig)
    __arm_cp.2_1                             0x08003a24   Number         4  stm32g4xx_hal_uart.o(.text.UART_SetConfig)
    __arm_cp.2_2                             0x08003a28   Number         4  stm32g4xx_hal_uart.o(.text.UART_SetConfig)
    __arm_cp.2_3                             0x08003a2c   Number         4  stm32g4xx_hal_uart.o(.text.UART_SetConfig)
    __arm_cp.2_4                             0x08003a30   Number         4  stm32g4xx_hal_uart.o(.text.UART_SetConfig)
    __arm_cp.2_5                             0x08003a34   Number         4  stm32g4xx_hal_uart.o(.text.UART_SetConfig)
    __arm_cp.2_6                             0x08003a38   Number         4  stm32g4xx_hal_uart.o(.text.UART_SetConfig)
    __arm_cp.2_7                             0x08003a3c   Number         4  stm32g4xx_hal_uart.o(.text.UART_SetConfig)
    __arm_cp.2_8                             0x08003a40   Number         4  stm32g4xx_hal_uart.o(.text.UART_SetConfig)
    __arm_cp.2_11                            0x08003a64   Number         4  stm32g4xx_hal_uart.o(.text.UART_SetConfig)
    __arm_cp.2_12                            0x08003a68   Number         4  stm32g4xx_hal_uart.o(.text.UART_SetConfig)
    [Anonymous Symbol]                       0x08003a6c   Section        0  stm32g4xx_hal_uart.o(.text.UART_WaitOnFlagUntilTimeout)
    [Anonymous Symbol]                       0x08003b40   Section        0  stm32g4xx_it.o(.text.USART1_IRQHandler)
    __arm_cp.15_0                            0x08003b48   Number         4  stm32g4xx_it.o(.text.USART1_IRQHandler)
    [Anonymous Symbol]                       0x08003b4c   Section        0  stm32g4xx_it.o(.text.UsageFault_Handler)
    __NVIC_SetPriority                       0x08003b51   Thumb Code    36  stm32g4xx_hal_cortex.o(.text.__NVIC_SetPriority)
    [Anonymous Symbol]                       0x08003b50   Section        0  stm32g4xx_hal_cortex.o(.text.__NVIC_SetPriority)
    __arm_cp.2_0                             0x08003b6c   Number         4  stm32g4xx_hal_cortex.o(.text.__NVIC_SetPriority)
    __arm_cp.2_1                             0x08003b70   Number         4  stm32g4xx_hal_cortex.o(.text.__NVIC_SetPriority)
    [Anonymous Symbol]                       0x08003b74   Section        0  main.o(.text.dr_close)
    [Anonymous Symbol]                       0x08003b88   Section        0  main.o(.text.dr_open)
    __arm_cp.2_0                             0x08003b9c   Number         4  main.o(.text.dr_open)
    [Anonymous Symbol]                       0x08003ba0   Section        0  main.o(.text.eng_run)
    __arm_cp.1_1                             0x08003bbc   Number         4  main.o(.text.eng_run)
    [Anonymous Symbol]                       0x08003bc0   Section        0  main.o(.text.main)
    __arm_cp.0_0                             0x08003c40   Number         4  main.o(.text.main)
    __arm_cp.0_1                             0x08003c44   Number         4  main.o(.text.main)
    __arm_cp.0_2                             0x08003c48   Number         4  main.o(.text.main)
    __arm_cp.0_3                             0x08003c4c   Number         4  main.o(.text.main)
    i.__scatterload_copy                     0x08003c50   Section       14  handlers.o(i.__scatterload_copy)
    i.__scatterload_null                     0x08003c5e   Section        2  handlers.o(i.__scatterload_null)
    i.__scatterload_zeroinit                 0x08003c60   Section       14  handlers.o(i.__scatterload_zeroinit)
    UARTEx_SetNbDataToProcess.numerator      0x08003c9e   Data           8  stm32g4xx_hal_uart_ex.o(.rodata.cst8)
    UARTEx_SetNbDataToProcess.denominator    0x08003ca6   Data           8  stm32g4xx_hal_uart_ex.o(.rodata.cst8)
    main.Dor                                 0x20000000   Data          16  main.o(.data..L_MergedGlobals)
    [Anonymous Symbol]                       0x20000000   Section        0  main.o(.data..L_MergedGlobals)
    main.Eng                                 0x20000010   Data          20  main.o(.data..L_MergedGlobals)
    [Anonymous Symbol]                       0x20000024   Section        0  stm32g4xx_hal.o(.data..L_MergedGlobals)
    BackColor                                0x2000002c   Data           2  lcd.o(.data.BackColor)
    [Anonymous Symbol]                       0x2000002c   Section        0  lcd.o(.data.BackColor)
    [Anonymous Symbol]                       0x20000038   Section        0  main.o(.bss..L_MergedGlobals.1)
    TextColor                                0x20000040   Data           2  lcd.o(.bss.TextColor)
    [Anonymous Symbol]                       0x20000040   Section        0  lcd.o(.bss.TextColor)
    STACK                                    0x20000350   Section     1024  startup_stm32g431xx.o(STACK)

    Global Symbols

    Symbol Name                              Value     Ov Type        Size  Object(Section)

    BuildAttributes$$THM_ISAv4$E$P$D$K$B$S$7EM$VFPi3$EXTD16$VFPS$VFMA$PE$A:L22UL41UL21$X:L11$S22US41US21$IEEE1$IW$~IW$USESV6$~STKCKD$USESV7$~SHL$OSPACE$EBA8$MICROLIB$REQ8$PRES8$EABIv2 0x00000000   Number         0  anon$$obj.o ABSOLUTE
    __cpp_initialize__aeabi_                  - Undefined Weak Reference
    __cxa_finalize                            - Undefined Weak Reference
    __decompress                              - Undefined Weak Reference
    _clock_init                               - Undefined Weak Reference
    _microlib_exit                            - Undefined Weak Reference
    __Vectors_Size                           0x000001d8   Number         0  startup_stm32g431xx.o ABSOLUTE
    __Vectors                                0x08000000   Data           4  startup_stm32g431xx.o(RESET)
    __Vectors_End                            0x080001d8   Data           0  startup_stm32g431xx.o(RESET)
    __main                                   0x080001d9   Thumb Code     0  entry.o(.ARM.Collect$$$$00000000)
    _main_stk                                0x080001d9   Thumb Code     0  entry2.o(.ARM.Collect$$$$00000001)
    _main_scatterload                        0x080001dd   Thumb Code     0  entry5.o(.ARM.Collect$$$$00000004)
    __main_after_scatterload                 0x080001e1   Thumb Code     0  entry5.o(.ARM.Collect$$$$00000004)
    _main_clock                              0x080001e1   Thumb Code     0  entry7b.o(.ARM.Collect$$$$00000008)
    _main_cpp_init                           0x080001e1   Thumb Code     0  entry8b.o(.ARM.Collect$$$$0000000A)
    _main_init                               0x080001e1   Thumb Code     0  entry9a.o(.ARM.Collect$$$$0000000B)
    __rt_final_cpp                           0x080001e9   Thumb Code     0  entry10a.o(.ARM.Collect$$$$0000000D)
    __rt_final_exit                          0x080001e9   Thumb Code     0  entry11a.o(.ARM.Collect$$$$0000000F)
    Reset_Handler                            0x080001ed   Thumb Code     8  startup_stm32g431xx.o(.text)
    ADC1_2_IRQHandler                        0x08000207   Thumb Code     0  startup_stm32g431xx.o(.text)
    COMP4_IRQHandler                         0x08000207   Thumb Code     0  startup_stm32g431xx.o(.text)
    CORDIC_IRQHandler                        0x08000207   Thumb Code     0  startup_stm32g431xx.o(.text)
    CRS_IRQHandler                           0x08000207   Thumb Code     0  startup_stm32g431xx.o(.text)
    DMA1_Channel2_IRQHandler                 0x08000207   Thumb Code     0  startup_stm32g431xx.o(.text)
    DMA1_Channel3_IRQHandler                 0x08000207   Thumb Code     0  startup_stm32g431xx.o(.text)
    DMA1_Channel4_IRQHandler                 0x08000207   Thumb Code     0  startup_stm32g431xx.o(.text)
    DMA1_Channel5_IRQHandler                 0x08000207   Thumb Code     0  startup_stm32g431xx.o(.text)
    DMA1_Channel6_IRQHandler                 0x08000207   Thumb Code     0  startup_stm32g431xx.o(.text)
    DMA2_Channel1_IRQHandler                 0x08000207   Thumb Code     0  startup_stm32g431xx.o(.text)
    DMA2_Channel2_IRQHandler                 0x08000207   Thumb Code     0  startup_stm32g431xx.o(.text)
    DMA2_Channel3_IRQHandler                 0x08000207   Thumb Code     0  startup_stm32g431xx.o(.text)
    DMA2_Channel4_IRQHandler                 0x08000207   Thumb Code     0  startup_stm32g431xx.o(.text)
    DMA2_Channel5_IRQHandler                 0x08000207   Thumb Code     0  startup_stm32g431xx.o(.text)
    DMA2_Channel6_IRQHandler                 0x08000207   Thumb Code     0  startup_stm32g431xx.o(.text)
    DMAMUX_OVR_IRQHandler                    0x08000207   Thumb Code     0  startup_stm32g431xx.o(.text)
    EXTI15_10_IRQHandler                     0x08000207   Thumb Code     0  startup_stm32g431xx.o(.text)
    EXTI3_IRQHandler                         0x08000207   Thumb Code     0  startup_stm32g431xx.o(.text)
    EXTI4_IRQHandler                         0x08000207   Thumb Code     0  startup_stm32g431xx.o(.text)
    EXTI9_5_IRQHandler                       0x08000207   Thumb Code     0  startup_stm32g431xx.o(.text)
    FDCAN1_IT0_IRQHandler                    0x08000207   Thumb Code     0  startup_stm32g431xx.o(.text)
    FDCAN1_IT1_IRQHandler                    0x08000207   Thumb Code     0  startup_stm32g431xx.o(.text)
    FLASH_IRQHandler                         0x08000207   Thumb Code     0  startup_stm32g431xx.o(.text)
    FMAC_IRQHandler                          0x08000207   Thumb Code     0  startup_stm32g431xx.o(.text)
    FPU_IRQHandler                           0x08000207   Thumb Code     0  startup_stm32g431xx.o(.text)
    I2C1_ER_IRQHandler                       0x08000207   Thumb Code     0  startup_stm32g431xx.o(.text)
    I2C1_EV_IRQHandler                       0x08000207   Thumb Code     0  startup_stm32g431xx.o(.text)
    I2C2_ER_IRQHandler                       0x08000207   Thumb Code     0  startup_stm32g431xx.o(.text)
    I2C2_EV_IRQHandler                       0x08000207   Thumb Code     0  startup_stm32g431xx.o(.text)
    I2C3_ER_IRQHandler                       0x08000207   Thumb Code     0  startup_stm32g431xx.o(.text)
    I2C3_EV_IRQHandler                       0x08000207   Thumb Code     0  startup_stm32g431xx.o(.text)
    LPTIM1_IRQHandler                        0x08000207   Thumb Code     0  startup_stm32g431xx.o(.text)
    LPUART1_IRQHandler                       0x08000207   Thumb Code     0  startup_stm32g431xx.o(.text)
    PVD_PVM_IRQHandler                       0x08000207   Thumb Code     0  startup_stm32g431xx.o(.text)
    RCC_IRQHandler                           0x08000207   Thumb Code     0  startup_stm32g431xx.o(.text)
    RNG_IRQHandler                           0x08000207   Thumb Code     0  startup_stm32g431xx.o(.text)
    RTC_Alarm_IRQHandler                     0x08000207   Thumb Code     0  startup_stm32g431xx.o(.text)
    RTC_TAMP_LSECSS_IRQHandler               0x08000207   Thumb Code     0  startup_stm32g431xx.o(.text)
    RTC_WKUP_IRQHandler                      0x08000207   Thumb Code     0  startup_stm32g431xx.o(.text)
    SAI1_IRQHandler                          0x08000207   Thumb Code     0  startup_stm32g431xx.o(.text)
    SPI1_IRQHandler                          0x08000207   Thumb Code     0  startup_stm32g431xx.o(.text)
    SPI2_IRQHandler                          0x08000207   Thumb Code     0  startup_stm32g431xx.o(.text)
    SPI3_IRQHandler                          0x08000207   Thumb Code     0  startup_stm32g431xx.o(.text)
    TIM1_BRK_TIM15_IRQHandler                0x08000207   Thumb Code     0  startup_stm32g431xx.o(.text)
    TIM1_CC_IRQHandler                       0x08000207   Thumb Code     0  startup_stm32g431xx.o(.text)
    TIM1_TRG_COM_TIM17_IRQHandler            0x08000207   Thumb Code     0  startup_stm32g431xx.o(.text)
    TIM3_IRQHandler                          0x08000207   Thumb Code     0  startup_stm32g431xx.o(.text)
    TIM4_IRQHandler                          0x08000207   Thumb Code     0  startup_stm32g431xx.o(.text)
    TIM6_DAC_IRQHandler                      0x08000207   Thumb Code     0  startup_stm32g431xx.o(.text)
    TIM7_IRQHandler                          0x08000207   Thumb Code     0  startup_stm32g431xx.o(.text)
    TIM8_BRK_IRQHandler                      0x08000207   Thumb Code     0  startup_stm32g431xx.o(.text)
    TIM8_CC_IRQHandler                       0x08000207   Thumb Code     0  startup_stm32g431xx.o(.text)
    TIM8_TRG_COM_IRQHandler                  0x08000207   Thumb Code     0  startup_stm32g431xx.o(.text)
    TIM8_UP_IRQHandler                       0x08000207   Thumb Code     0  startup_stm32g431xx.o(.text)
    UART4_IRQHandler                         0x08000207   Thumb Code     0  startup_stm32g431xx.o(.text)
    UCPD1_IRQHandler                         0x08000207   Thumb Code     0  startup_stm32g431xx.o(.text)
    USART2_IRQHandler                        0x08000207   Thumb Code     0  startup_stm32g431xx.o(.text)
    USART3_IRQHandler                        0x08000207   Thumb Code     0  startup_stm32g431xx.o(.text)
    USBWakeUp_IRQHandler                     0x08000207   Thumb Code     0  startup_stm32g431xx.o(.text)
    USB_HP_IRQHandler                        0x08000207   Thumb Code     0  startup_stm32g431xx.o(.text)
    USB_LP_IRQHandler                        0x08000207   Thumb Code     0  startup_stm32g431xx.o(.text)
    WWDG_IRQHandler                          0x08000207   Thumb Code     0  startup_stm32g431xx.o(.text)
    __aeabi_uldivmod                         0x08000211   Thumb Code    98  uldiv.o(.text)
    __aeabi_memset                           0x08000273   Thumb Code    14  memseta.o(.text)
    __aeabi_memset4                          0x08000273   Thumb Code     0  memseta.o(.text)
    __aeabi_memset8                          0x08000273   Thumb Code     0  memseta.o(.text)
    __aeabi_memclr                           0x08000281   Thumb Code     4  memseta.o(.text)
    __aeabi_memclr4                          0x08000281   Thumb Code     0  memseta.o(.text)
    __aeabi_memclr8                          0x08000281   Thumb Code     0  memseta.o(.text)
    _memset$wrapper                          0x08000285   Thumb Code    18  memseta.o(.text)
    __aeabi_llsl                             0x08000297   Thumb Code    30  llshl.o(.text)
    _ll_shift_l                              0x08000297   Thumb Code     0  llshl.o(.text)
    __aeabi_llsr                             0x080002b5   Thumb Code    32  llushr.o(.text)
    _ll_ushift_r                             0x080002b5   Thumb Code     0  llushr.o(.text)
    __scatterload                            0x080002d5   Thumb Code    28  init.o(.text)
    __scatterload_rt2                        0x080002d5   Thumb Code     0  init.o(.text)
    BusFault_Handler                         0x080002f9   Thumb Code     2  stm32g4xx_it.o(.text.BusFault_Handler)
    COMP1_2_3_IRQHandler                     0x080002fd   Thumb Code    12  stm32g4xx_it.o(.text.COMP1_2_3_IRQHandler)
    DMA1_Channel1_IRQHandler                 0x08000305   Thumb Code    12  stm32g4xx_it.o(.text.DMA1_Channel1_IRQHandler)
    DebugMon_Handler                         0x0800037d   Thumb Code     2  stm32g4xx_it.o(.text.DebugMon_Handler)
    EXTI0_IRQHandler                         0x0800037f   Thumb Code     6  stm32g4xx_it.o(.text.EXTI0_IRQHandler)
    EXTI1_IRQHandler                         0x08000385   Thumb Code     6  stm32g4xx_it.o(.text.EXTI1_IRQHandler)
    EXTI2_IRQHandler                         0x0800038b   Thumb Code     6  stm32g4xx_it.o(.text.EXTI2_IRQHandler)
    Error_Handler                            0x08000391   Thumb Code     2  main.o(.text.Error_Handler)
    HAL_COMP_GetOutputLevel                  0x08000393   Thumb Code    10  stm32g4xx_hal_comp.o(.text.HAL_COMP_GetOutputLevel)
    HAL_COMP_IRQHandler                      0x0800039d   Thumb Code    80  stm32g4xx_hal_comp.o(.text.HAL_COMP_IRQHandler)
    HAL_COMP_Init                            0x080003e5   Thumb Code   280  stm32g4xx_hal_comp.o(.text.HAL_COMP_Init)
    HAL_COMP_MspInit                         0x080004fd   Thumb Code    92  comp.o(.text.HAL_COMP_MspInit)
    HAL_COMP_TriggerCallback                 0x08000555   Thumb Code   144  main.o(.text.HAL_COMP_TriggerCallback)
    HAL_DMA_Abort                            0x080005d9   Thumb Code   102  stm32g4xx_hal_dma.o(.text.HAL_DMA_Abort)
    HAL_DMA_Abort_IT                         0x0800063f   Thumb Code   122  stm32g4xx_hal_dma.o(.text.HAL_DMA_Abort_IT)
    HAL_DMA_IRQHandler                       0x080006b9   Thumb Code   164  stm32g4xx_hal_dma.o(.text.HAL_DMA_IRQHandler)
    HAL_DMA_Init                             0x0800075d   Thumb Code   192  stm32g4xx_hal_dma.o(.text.HAL_DMA_Init)
    HAL_Delay                                0x0800081d   Thumb Code    36  stm32g4xx_hal.o(.text.HAL_Delay)
    HAL_GPIO_EXTI_Callback                   0x0800083d   Thumb Code   144  main.o(.text.HAL_GPIO_EXTI_Callback)
    HAL_GPIO_EXTI_IRQHandler                 0x080008cd   Thumb Code    20  stm32g4xx_hal_gpio.o(.text.HAL_GPIO_EXTI_IRQHandler)
    HAL_GPIO_Init                            0x080008e1   Thumb Code   412  stm32g4xx_hal_gpio.o(.text.HAL_GPIO_Init)
    HAL_GPIO_ReadPin                         0x08000a7d   Thumb Code    10  stm32g4xx_hal_gpio.o(.text.HAL_GPIO_ReadPin)
    HAL_GPIO_WritePin                        0x08000a87   Thumb Code    12  stm32g4xx_hal_gpio.o(.text.HAL_GPIO_WritePin)
    HAL_GetTick                              0x08000a95   Thumb Code    12  stm32g4xx_hal.o(.text.HAL_GetTick)
    HAL_IncTick                              0x08000a9d   Thumb Code    24  stm32g4xx_hal.o(.text.HAL_IncTick)
    HAL_Init                                 0x08000ab1   Thumb Code    28  stm32g4xx_hal.o(.text.HAL_Init)
    HAL_InitTick                             0x08000acd   Thumb Code    72  stm32g4xx_hal.o(.text.HAL_InitTick)
    HAL_MspInit                              0x08000b11   Thumb Code    52  stm32g4xx_hal_msp.o(.text.HAL_MspInit)
    HAL_NVIC_EnableIRQ                       0x08000b45   Thumb Code    28  stm32g4xx_hal_cortex.o(.text.HAL_NVIC_EnableIRQ)
    HAL_NVIC_SetPriority                     0x08000b61   Thumb Code    64  stm32g4xx_hal_cortex.o(.text.HAL_NVIC_SetPriority)
    HAL_NVIC_SetPriorityGrouping             0x08000b9d   Thumb Code    32  stm32g4xx_hal_cortex.o(.text.HAL_NVIC_SetPriorityGrouping)
    HAL_PWREx_ControlVoltageScaling          0x08000bbd   Thumb Code   176  stm32g4xx_hal_pwr_ex.o(.text.HAL_PWREx_ControlVoltageScaling)
    HAL_PWREx_DisableUCPDDeadBattery         0x08000c69   Thumb Code    16  stm32g4xx_hal_pwr_ex.o(.text.HAL_PWREx_DisableUCPDDeadBattery)
    HAL_RCCEx_PeriphCLKConfig                0x08000c79   Thumb Code   560  stm32g4xx_hal_rcc_ex.o(.text.HAL_RCCEx_PeriphCLKConfig)
    HAL_RCC_ClockConfig                      0x08000ea9   Thumb Code   496  stm32g4xx_hal_rcc.o(.text.HAL_RCC_ClockConfig)
    HAL_RCC_GetPCLK1Freq                     0x0800108d   Thumb Code    36  stm32g4xx_hal_rcc.o(.text.HAL_RCC_GetPCLK1Freq)
    HAL_RCC_GetPCLK2Freq                     0x080010a5   Thumb Code    36  stm32g4xx_hal_rcc.o(.text.HAL_RCC_GetPCLK2Freq)
    HAL_RCC_GetSysClockFreq                  0x080010c5   Thumb Code   108  stm32g4xx_hal_rcc.o(.text.HAL_RCC_GetSysClockFreq)
    HAL_RCC_OscConfig                        0x08001131   Thumb Code  1084  stm32g4xx_hal_rcc.o(.text.HAL_RCC_OscConfig)
    HAL_RTC_Init                             0x0800156d   Thumb Code   148  stm32g4xx_hal_rtc.o(.text.HAL_RTC_Init)
    HAL_RTC_MspInit                          0x08001601   Thumb Code    88  rtc.o(.text.HAL_RTC_MspInit)
    HAL_RTC_SetDate                          0x08001659   Thumb Code   176  stm32g4xx_hal_rtc.o(.text.HAL_RTC_SetDate)
    HAL_RTC_SetTime                          0x08001705   Thumb Code   220  stm32g4xx_hal_rtc.o(.text.HAL_RTC_SetTime)
    HAL_RTC_WaitForSynchro                   0x080017e1   Thumb Code    50  stm32g4xx_hal_rtc.o(.text.HAL_RTC_WaitForSynchro)
    HAL_SYSTICK_Config                       0x08001815   Thumb Code    40  stm32g4xx_hal_cortex.o(.text.HAL_SYSTICK_Config)
    HAL_TIMEx_Break2Callback                 0x0800183d   Thumb Code     2  stm32g4xx_hal_tim_ex.o(.text.HAL_TIMEx_Break2Callback)
    HAL_TIMEx_BreakCallback                  0x0800183f   Thumb Code     2  stm32g4xx_hal_tim_ex.o(.text.HAL_TIMEx_BreakCallback)
    HAL_TIMEx_CommutCallback                 0x08001841   Thumb Code     2  stm32g4xx_hal_tim_ex.o(.text.HAL_TIMEx_CommutCallback)
    HAL_TIMEx_ConfigBreakDeadTime            0x08001845   Thumb Code   196  stm32g4xx_hal_tim_ex.o(.text.HAL_TIMEx_ConfigBreakDeadTime)
    HAL_TIMEx_DirectionChangeCallback        0x08001901   Thumb Code     2  stm32g4xx_hal_tim_ex.o(.text.HAL_TIMEx_DirectionChangeCallback)
    HAL_TIMEx_EncoderIndexCallback           0x08001903   Thumb Code     2  stm32g4xx_hal_tim_ex.o(.text.HAL_TIMEx_EncoderIndexCallback)
    HAL_TIMEx_IndexErrorCallback             0x08001905   Thumb Code     2  stm32g4xx_hal_tim_ex.o(.text.HAL_TIMEx_IndexErrorCallback)
    HAL_TIMEx_MasterConfigSynchronization    0x08001909   Thumb Code   152  stm32g4xx_hal_tim_ex.o(.text.HAL_TIMEx_MasterConfigSynchronization)
    HAL_TIMEx_TransitionErrorCallback        0x08001995   Thumb Code     2  stm32g4xx_hal_tim_ex.o(.text.HAL_TIMEx_TransitionErrorCallback)
    HAL_TIM_Base_Init                        0x08001997   Thumb Code    96  stm32g4xx_hal_tim.o(.text.HAL_TIM_Base_Init)
    HAL_TIM_Base_MspInit                     0x080019f9   Thumb Code   224  tim.o(.text.HAL_TIM_Base_MspInit)
    HAL_TIM_ConfigClockSource                0x08001ad9   Thumb Code   296  stm32g4xx_hal_tim.o(.text.HAL_TIM_ConfigClockSource)
    HAL_TIM_IC_CaptureCallback               0x08001c01   Thumb Code     2  stm32g4xx_hal_tim.o(.text.HAL_TIM_IC_CaptureCallback)
    HAL_TIM_IRQHandler                       0x08001c03   Thumb Code   512  stm32g4xx_hal_tim.o(.text.HAL_TIM_IRQHandler)
    HAL_TIM_MspPostInit                      0x08001e05   Thumb Code   128  tim.o(.text.HAL_TIM_MspPostInit)
    HAL_TIM_OC_DelayElapsedCallback          0x08001e85   Thumb Code     2  stm32g4xx_hal_tim.o(.text.HAL_TIM_OC_DelayElapsedCallback)
    HAL_TIM_PWM_ConfigChannel                0x08001e89   Thumb Code   186  stm32g4xx_hal_tim.o(.text.HAL_TIM_PWM_ConfigChannel)
    HAL_TIM_PWM_Init                         0x08001f43   Thumb Code    96  stm32g4xx_hal_tim.o(.text.HAL_TIM_PWM_Init)
    HAL_TIM_PWM_MspInit                      0x08001fa3   Thumb Code     2  stm32g4xx_hal_tim.o(.text.HAL_TIM_PWM_MspInit)
    HAL_TIM_PWM_PulseFinishedCallback        0x08001fa5   Thumb Code     2  stm32g4xx_hal_tim.o(.text.HAL_TIM_PWM_PulseFinishedCallback)
    HAL_TIM_PeriodElapsedCallback            0x08001fa9   Thumb Code    24  main.o(.text.HAL_TIM_PeriodElapsedCallback)
    HAL_TIM_SlaveConfigSynchro               0x08001fc1   Thumb Code    72  stm32g4xx_hal_tim.o(.text.HAL_TIM_SlaveConfigSynchro)
    HAL_TIM_TriggerCallback                  0x08002009   Thumb Code     2  stm32g4xx_hal_tim.o(.text.HAL_TIM_TriggerCallback)
    HAL_UARTEx_DisableFifoMode               0x0800200b   Thumb Code    54  stm32g4xx_hal_uart_ex.o(.text.HAL_UARTEx_DisableFifoMode)
    HAL_UARTEx_RxEventCallback               0x08002041   Thumb Code     2  stm32g4xx_hal_uart.o(.text.HAL_UARTEx_RxEventCallback)
    HAL_UARTEx_RxFifoFullCallback            0x08002043   Thumb Code     2  stm32g4xx_hal_uart_ex.o(.text.HAL_UARTEx_RxFifoFullCallback)
    HAL_UARTEx_SetRxFifoThreshold            0x08002045   Thumb Code    74  stm32g4xx_hal_uart_ex.o(.text.HAL_UARTEx_SetRxFifoThreshold)
    HAL_UARTEx_SetTxFifoThreshold            0x0800208f   Thumb Code    74  stm32g4xx_hal_uart_ex.o(.text.HAL_UARTEx_SetTxFifoThreshold)
    HAL_UARTEx_TxFifoEmptyCallback           0x080020d9   Thumb Code     2  stm32g4xx_hal_uart_ex.o(.text.HAL_UARTEx_TxFifoEmptyCallback)
    HAL_UARTEx_WakeupCallback                0x080020db   Thumb Code     2  stm32g4xx_hal_uart_ex.o(.text.HAL_UARTEx_WakeupCallback)
    HAL_UART_ErrorCallback                   0x080020dd   Thumb Code     2  stm32g4xx_hal_uart.o(.text.HAL_UART_ErrorCallback)
    HAL_UART_IRQHandler                      0x080020e1   Thumb Code   776  stm32g4xx_hal_uart.o(.text.HAL_UART_IRQHandler)
    HAL_UART_Init                            0x080023e9   Thumb Code   100  stm32g4xx_hal_uart.o(.text.HAL_UART_Init)
    HAL_UART_MspInit                         0x0800244d   Thumb Code   196  usart.o(.text.HAL_UART_MspInit)
    HAL_UART_TxCpltCallback                  0x0800250d   Thumb Code     2  stm32g4xx_hal_uart.o(.text.HAL_UART_TxCpltCallback)
    HardFault_Handler                        0x0800250f   Thumb Code     2  stm32g4xx_it.o(.text.HardFault_Handler)
    LCD_BusIn                                0x08002511   Thumb Code    36  lcd.o(.text.LCD_BusIn)
    LCD_BusOut                               0x08002531   Thumb Code    40  lcd.o(.text.LCD_BusOut)
    LCD_Clear                                0x08002559   Thumb Code    36  lcd.o(.text.LCD_Clear)
    LCD_CtrlLinesConfig                      0x0800257d   Thumb Code   152  lcd.o(.text.LCD_CtrlLinesConfig)
    LCD_Init                                 0x08002615   Thumb Code    52  lcd.o(.text.LCD_Init)
    LCD_ReadReg                              0x08002649   Thumb Code   144  lcd.o(.text.LCD_ReadReg)
    LCD_SetBackColor                         0x080026d9   Thumb Code    24  lcd.o(.text.LCD_SetBackColor)
    LCD_SetCursor                            0x080026f1   Thumb Code    24  lcd.o(.text.LCD_SetCursor)
    LCD_SetTextColor                         0x08002709   Thumb Code    24  lcd.o(.text.LCD_SetTextColor)
    LCD_WriteRAM                             0x08002721   Thumb Code    80  lcd.o(.text.LCD_WriteRAM)
    LCD_WriteRAM_Prepare                     0x0800276d   Thumb Code    84  lcd.o(.text.LCD_WriteRAM_Prepare)
    LCD_WriteReg                             0x080027bd   Thumb Code   100  lcd.o(.text.LCD_WriteReg)
    MX_COMP3_Init                            0x08002821   Thumb Code    60  comp.o(.text.MX_COMP3_Init)
    MX_DMA_Init                              0x0800285d   Thumb Code    64  dma.o(.text.MX_DMA_Init)
    MX_GPIO_Init                             0x0800289d   Thumb Code   368  gpio.o(.text.MX_GPIO_Init)
    MX_RTC_Init                              0x08002a0d   Thumb Code   128  rtc.o(.text.MX_RTC_Init)
    MX_TIM17_Init                            0x08002a8d   Thumb Code   152  tim.o(.text.MX_TIM17_Init)
    MX_TIM1_Init                             0x08002b25   Thumb Code   108  tim.o(.text.MX_TIM1_Init)
    MX_TIM2_Init                             0x08002b91   Thumb Code   104  tim.o(.text.MX_TIM2_Init)
    MX_TIM3_Init                             0x08002bf9   Thumb Code   160  tim.o(.text.MX_TIM3_Init)
    MX_TIM4_Init                             0x08002c99   Thumb Code   104  tim.o(.text.MX_TIM4_Init)
    MX_TIM6_Init                             0x08002d01   Thumb Code    72  tim.o(.text.MX_TIM6_Init)
    MX_USART1_UART_Init                      0x08002d49   Thumb Code   104  usart.o(.text.MX_USART1_UART_Init)
    MemManage_Handler                        0x08002db1   Thumb Code     2  stm32g4xx_it.o(.text.MemManage_Handler)
    NMI_Handler                              0x08002db3   Thumb Code     2  stm32g4xx_it.o(.text.NMI_Handler)
    PendSV_Handler                           0x08002db5   Thumb Code     2  stm32g4xx_it.o(.text.PendSV_Handler)
    REG_8230_Init                            0x08002db9   Thumb Code   240  lcd.o(.text.REG_8230_Init)
    REG_932X_Init                            0x08002ea5   Thumb Code   408  lcd.o(.text.REG_932X_Init)
    RTC_ByteToBcd2                           0x0800303d   Thumb Code    44  stm32g4xx_hal_rtc.o(.text.RTC_ByteToBcd2)
    RTC_EnterInitMode                        0x08003069   Thumb Code    70  stm32g4xx_hal_rtc.o(.text.RTC_EnterInitMode)
    RTC_ExitInitMode                         0x080030af   Thumb Code    78  stm32g4xx_hal_rtc.o(.text.RTC_ExitInitMode)
    SVC_Handler                              0x080030fd   Thumb Code     2  stm32g4xx_it.o(.text.SVC_Handler)
    SysTick_Handler                          0x080030ff   Thumb Code     4  stm32g4xx_it.o(.text.SysTick_Handler)
    SystemClock_Config                       0x08003103   Thumb Code    92  main.o(.text.SystemClock_Config)
    SystemInit                               0x08003161   Thumb Code    28  system_stm32g4xx.o(.text.SystemInit)
    TIM1_UP_TIM16_IRQHandler                 0x0800317d   Thumb Code    12  stm32g4xx_it.o(.text.TIM1_UP_TIM16_IRQHandler)
    TIM2_IRQHandler                          0x08003189   Thumb Code    12  stm32g4xx_it.o(.text.TIM2_IRQHandler)
    TIM_Base_SetConfig                       0x08003195   Thumb Code   236  stm32g4xx_hal_tim.o(.text.TIM_Base_SetConfig)
    TIM_OC2_SetConfig                        0x080032e9   Thumb Code   120  stm32g4xx_hal_tim.o(.text.TIM_OC2_SetConfig)
    UART_AdvFeatureConfig                    0x08003691   Thumb Code   210  stm32g4xx_hal_uart.o(.text.UART_AdvFeatureConfig)
    UART_CheckIdleState                      0x08003763   Thumb Code   102  stm32g4xx_hal_uart.o(.text.UART_CheckIdleState)
    UART_SetConfig                           0x08003835   Thumb Code   568  stm32g4xx_hal_uart.o(.text.UART_SetConfig)
    UART_WaitOnFlagUntilTimeout              0x08003a6d   Thumb Code   212  stm32g4xx_hal_uart.o(.text.UART_WaitOnFlagUntilTimeout)
    USART1_IRQHandler                        0x08003b41   Thumb Code    12  stm32g4xx_it.o(.text.USART1_IRQHandler)
    UsageFault_Handler                       0x08003b4d   Thumb Code     2  stm32g4xx_it.o(.text.UsageFault_Handler)
    dr_close                                 0x08003b75   Thumb Code    28  main.o(.text.dr_close)
    dr_open                                  0x08003b89   Thumb Code    28  main.o(.text.dr_open)
    eng_run                                  0x08003ba1   Thumb Code    36  main.o(.text.eng_run)
    main                                     0x08003bc1   Thumb Code   144  main.o(.text.main)
    __scatterload_copy                       0x08003c51   Thumb Code    14  handlers.o(i.__scatterload_copy)
    __scatterload_null                       0x08003c5f   Thumb Code     2  handlers.o(i.__scatterload_null)
    __scatterload_zeroinit                   0x08003c61   Thumb Code    14  handlers.o(i.__scatterload_zeroinit)
    AHBPrescTable                            0x08003c6e   Data          16  system_stm32g4xx.o(.rodata.AHBPrescTable)
    APBPrescTable                            0x08003c7e   Data           8  system_stm32g4xx.o(.rodata.APBPrescTable)
    UARTPrescTable                           0x08003c86   Data          24  stm32g4xx_hal_uart.o(.rodata.UARTPrescTable)
    Region$$Table$$Base                      0x08003cb0   Number         0  anon$$obj.o(Region$$Table)
    Region$$Table$$Limit                     0x08003cd0   Number         0  anon$$obj.o(Region$$Table)
    uwTickPrio                               0x20000024   Data           4  stm32g4xx_hal.o(.data..L_MergedGlobals)
    uwTickFreq                               0x20000028   Data           4  stm32g4xx_hal.o(.data..L_MergedGlobals)
    SystemCoreClock                          0x20000030   Data           4  system_stm32g4xx.o(.data.SystemCoreClock)
    flrSel                                   0x20000034   Data           4  main.o(.data.flrSel)
    Door                                     0x20000038   Data           4  main.o(.bss..L_MergedGlobals.1)
    Engine                                   0x2000003c   Data           4  main.o(.bss..L_MergedGlobals.1)
    dummy                                    0x20000042   Data           2  lcd.o(.bss.dummy)
    floors                                   0x20000044   Data           1  main.o(.bss.floors)
    hcomp3                                   0x20000048   Data          36  comp.o(.bss.hcomp3)
    hdma_usart1_rx                           0x2000006c   Data          96  usart.o(.bss.hdma_usart1_rx)
    hrtc                                     0x200000cc   Data          40  rtc.o(.bss.hrtc)
    htim1                                    0x200000f4   Data          76  tim.o(.bss.htim1)
    htim17                                   0x20000140   Data          76  tim.o(.bss.htim17)
    htim2                                    0x2000018c   Data          76  tim.o(.bss.htim2)
    htim3                                    0x200001d8   Data          76  tim.o(.bss.htim3)
    htim4                                    0x20000224   Data          76  tim.o(.bss.htim4)
    htim6                                    0x20000270   Data          76  tim.o(.bss.htim6)
    huart1                                   0x200002bc   Data         144  usart.o(.bss.huart1)
    uwTick                                   0x2000034c   Data           4  stm32g4xx_hal.o(.bss.uwTick)
    __initial_sp                             0x20000750   Data           0  startup_stm32g431xx.o(STACK)



==============================================================================

Memory Map of the image

  Image Entry point : 0x080001d9

  Load Region LR_IROM1 (Base: 0x08000000, Size: 0x00003d08, Max: 0x00020000, ABSOLUTE)

    Execution Region ER_IROM1 (Exec base: 0x08000000, Load base: 0x08000000, Size: 0x00003cd0, Max: 0x00020000, ABSOLUTE)

    Exec Addr    Load Addr    Size         Type   Attr      Idx    E Section Name        Object

    0x08000000   0x08000000   0x000001d8   Data   RO            3    RESET               startup_stm32g431xx.o
    0x080001d8   0x080001d8   0x00000000   Code   RO         1626  * .ARM.Collect$$$$00000000  mc_w.l(entry.o)
    0x080001d8   0x080001d8   0x00000004   Code   RO         1633    .ARM.Collect$$$$00000001  mc_w.l(entry2.o)
    0x080001dc   0x080001dc   0x00000004   Code   RO         1636    .ARM.Collect$$$$00000004  mc_w.l(entry5.o)
    0x080001e0   0x080001e0   0x00000000   Code   RO         1638    .ARM.Collect$$$$00000008  mc_w.l(entry7b.o)
    0x080001e0   0x080001e0   0x00000000   Code   RO         1640    .ARM.Collect$$$$0000000A  mc_w.l(entry8b.o)
    0x080001e0   0x080001e0   0x00000008   Code   RO         1641    .ARM.Collect$$$$0000000B  mc_w.l(entry9a.o)
    0x080001e8   0x080001e8   0x00000000   Code   RO         1643    .ARM.Collect$$$$0000000D  mc_w.l(entry10a.o)
    0x080001e8   0x080001e8   0x00000000   Code   RO         1645    .ARM.Collect$$$$0000000F  mc_w.l(entry11a.o)
    0x080001e8   0x080001e8   0x00000004   Code   RO         1634    .ARM.Collect$$$$00002712  mc_w.l(entry2.o)
    0x080001ec   0x080001ec   0x00000024   Code   RO            4    .text               startup_stm32g431xx.o
    0x08000210   0x08000210   0x00000062   Code   RO         1629    .text               mc_w.l(uldiv.o)
    0x08000272   0x08000272   0x00000024   Code   RO         1631    .text               mc_w.l(memseta.o)
    0x08000296   0x08000296   0x0000001e   Code   RO         1647    .text               mc_w.l(llshl.o)
    0x080002b4   0x080002b4   0x00000020   Code   RO         1649    .text               mc_w.l(llushr.o)
    0x080002d4   0x080002d4   0x00000024   Code   RO         1651    .text               mc_w.l(init.o)
    0x080002f8   0x080002f8   0x00000002   Code   RO          264    .text.BusFault_Handler  stm32g4xx_it.o
    0x080002fa   0x080002fa   0x00000002   PAD
    0x080002fc   0x080002fc   0x00000008   Code   RO          290    .text.COMP1_2_3_IRQHandler  stm32g4xx_it.o
    0x08000304   0x08000304   0x0000000c   Code   RO          282    .text.DMA1_Channel1_IRQHandler  stm32g4xx_it.o
    0x08000310   0x08000310   0x00000048   Code   RO          640    .text.DMA_CalcDMAMUXChannelBaseAndMask  stm32g4xx_hal_dma.o
    0x08000358   0x08000358   0x00000024   Code   RO          642    .text.DMA_CalcDMAMUXRequestGenBaseAndMask  stm32g4xx_hal_dma.o
    0x0800037c   0x0800037c   0x00000002   Code   RO          270    .text.DebugMon_Handler  stm32g4xx_it.o
    0x0800037e   0x0800037e   0x00000006   Code   RO          276    .text.EXTI0_IRQHandler  stm32g4xx_it.o
    0x08000384   0x08000384   0x00000006   Code   RO          278    .text.EXTI1_IRQHandler  stm32g4xx_it.o
    0x0800038a   0x0800038a   0x00000006   Code   RO          280    .text.EXTI2_IRQHandler  stm32g4xx_it.o
    0x08000390   0x08000390   0x00000002   Code   RO          131    .text.Error_Handler  main.o
    0x08000392   0x08000392   0x0000000a   Code   RO          327    .text.HAL_COMP_GetOutputLevel  stm32g4xx_hal_comp.o
    0x0800039c   0x0800039c   0x00000048   Code   RO          321    .text.HAL_COMP_IRQHandler  stm32g4xx_hal_comp.o
    0x080003e4   0x080003e4   0x00000118   Code   RO          309    .text.HAL_COMP_Init  stm32g4xx_hal_comp.o
    0x080004fc   0x080004fc   0x00000058   Code   RO          168    .text.HAL_COMP_MspInit  comp.o
    0x08000554   0x08000554   0x00000084   Code   RO          139    .text.HAL_COMP_TriggerCallback  main.o
    0x080005d8   0x080005d8   0x00000066   Code   RO          652    .text.HAL_DMA_Abort  stm32g4xx_hal_dma.o
    0x0800063e   0x0800063e   0x0000007a   Code   RO          654    .text.HAL_DMA_Abort_IT  stm32g4xx_hal_dma.o
    0x080006b8   0x080006b8   0x000000a4   Code   RO          658    .text.HAL_DMA_IRQHandler  stm32g4xx_hal_dma.o
    0x0800075c   0x0800075c   0x000000c0   Code   RO          638    .text.HAL_DMA_Init  stm32g4xx_hal_dma.o
    0x0800081c   0x0800081c   0x00000020   Code   RO          362    .text.HAL_Delay     stm32g4xx_hal.o
    0x0800083c   0x0800083c   0x00000090   Code   RO          135    .text.HAL_GPIO_EXTI_Callback  main.o
    0x080008cc   0x080008cc   0x00000014   Code   RO          598    .text.HAL_GPIO_EXTI_IRQHandler  stm32g4xx_hal_gpio.o
    0x080008e0   0x080008e0   0x0000019c   Code   RO          586    .text.HAL_GPIO_Init  stm32g4xx_hal_gpio.o
    0x08000a7c   0x08000a7c   0x0000000a   Code   RO          590    .text.HAL_GPIO_ReadPin  stm32g4xx_hal_gpio.o
    0x08000a86   0x08000a86   0x0000000c   Code   RO          592    .text.HAL_GPIO_WritePin  stm32g4xx_hal_gpio.o
    0x08000a92   0x08000a92   0x00000002   PAD
    0x08000a94   0x08000a94   0x00000008   Code   RO          354    .text.HAL_GetTick   stm32g4xx_hal.o
    0x08000a9c   0x08000a9c   0x00000014   Code   RO          352    .text.HAL_IncTick   stm32g4xx_hal.o
    0x08000ab0   0x08000ab0   0x0000001c   Code   RO          342    .text.HAL_Init      stm32g4xx_hal.o
    0x08000acc   0x08000acc   0x00000044   Code   RO          344    .text.HAL_InitTick  stm32g4xx_hal.o
    0x08000b10   0x08000b10   0x00000034   Code   RO          300    .text.HAL_MspInit   stm32g4xx_hal_msp.o
    0x08000b44   0x08000b44   0x0000001c   Code   RO          826    .text.HAL_NVIC_EnableIRQ  stm32g4xx_hal_cortex.o
    0x08000b60   0x08000b60   0x0000003c   Code   RO          822    .text.HAL_NVIC_SetPriority  stm32g4xx_hal_cortex.o
    0x08000b9c   0x08000b9c   0x00000020   Code   RO          820    .text.HAL_NVIC_SetPriorityGrouping  stm32g4xx_hal_cortex.o
    0x08000bbc   0x08000bbc   0x000000ac   Code   RO          739    .text.HAL_PWREx_ControlVoltageScaling  stm32g4xx_hal_pwr_ex.o
    0x08000c68   0x08000c68   0x00000010   Code   RO          809    .text.HAL_PWREx_DisableUCPDDeadBattery  stm32g4xx_hal_pwr_ex.o
    0x08000c78   0x08000c78   0x00000230   Code   RO          462    .text.HAL_RCCEx_PeriphCLKConfig  stm32g4xx_hal_rcc_ex.o
    0x08000ea8   0x08000ea8   0x000001e4   Code   RO          427    .text.HAL_RCC_ClockConfig  stm32g4xx_hal_rcc.o
    0x0800108c   0x0800108c   0x00000018   Code   RO          435    .text.HAL_RCC_GetPCLK1Freq  stm32g4xx_hal_rcc.o
    0x080010a4   0x080010a4   0x00000020   Code   RO          437    .text.HAL_RCC_GetPCLK2Freq  stm32g4xx_hal_rcc.o
    0x080010c4   0x080010c4   0x0000006c   Code   RO          429    .text.HAL_RCC_GetSysClockFreq  stm32g4xx_hal_rcc.o
    0x08001130   0x08001130   0x0000043c   Code   RO          425    .text.HAL_RCC_OscConfig  stm32g4xx_hal_rcc.o
    0x0800156c   0x0800156c   0x00000094   Code   RO          869    .text.HAL_RTC_Init  stm32g4xx_hal_rtc.o
    0x08001600   0x08001600   0x00000058   Code   RO          194    .text.HAL_RTC_MspInit  rtc.o
    0x08001658   0x08001658   0x000000ac   Code   RO          891    .text.HAL_RTC_SetDate  stm32g4xx_hal_rtc.o
    0x08001704   0x08001704   0x000000dc   Code   RO          883    .text.HAL_RTC_SetTime  stm32g4xx_hal_rtc.o
    0x080017e0   0x080017e0   0x00000032   Code   RO          879    .text.HAL_RTC_WaitForSynchro  stm32g4xx_hal_rtc.o
    0x08001812   0x08001812   0x00000002   PAD
    0x08001814   0x08001814   0x00000028   Code   RO          834    .text.HAL_SYSTICK_Config  stm32g4xx_hal_cortex.o
    0x0800183c   0x0800183c   0x00000002   Code   RO         1397    .text.HAL_TIMEx_Break2Callback  stm32g4xx_hal_tim_ex.o
    0x0800183e   0x0800183e   0x00000002   Code   RO         1395    .text.HAL_TIMEx_BreakCallback  stm32g4xx_hal_tim_ex.o
    0x08001840   0x08001840   0x00000002   Code   RO         1391    .text.HAL_TIMEx_CommutCallback  stm32g4xx_hal_tim_ex.o
    0x08001842   0x08001842   0x00000002   PAD
    0x08001844   0x08001844   0x000000bc   Code   RO         1343    .text.HAL_TIMEx_ConfigBreakDeadTime  stm32g4xx_hal_tim_ex.o
    0x08001900   0x08001900   0x00000002   Code   RO         1401    .text.HAL_TIMEx_DirectionChangeCallback  stm32g4xx_hal_tim_ex.o
    0x08001902   0x08001902   0x00000002   Code   RO         1399    .text.HAL_TIMEx_EncoderIndexCallback  stm32g4xx_hal_tim_ex.o
    0x08001904   0x08001904   0x00000002   Code   RO         1403    .text.HAL_TIMEx_IndexErrorCallback  stm32g4xx_hal_tim_ex.o
    0x08001906   0x08001906   0x00000002   PAD
    0x08001908   0x08001908   0x0000008c   Code   RO         1341    .text.HAL_TIMEx_MasterConfigSynchronization  stm32g4xx_hal_tim_ex.o
    0x08001994   0x08001994   0x00000002   Code   RO         1405    .text.HAL_TIMEx_TransitionErrorCallback  stm32g4xx_hal_tim_ex.o
    0x08001996   0x08001996   0x00000060   Code   RO         1027    .text.HAL_TIM_Base_Init  stm32g4xx_hal_tim.o
    0x080019f6   0x080019f6   0x00000002   PAD
    0x080019f8   0x080019f8   0x000000e0   Code   RO          222    .text.HAL_TIM_Base_MspInit  tim.o
    0x08001ad8   0x08001ad8   0x00000128   Code   RO         1219    .text.HAL_TIM_ConfigClockSource  stm32g4xx_hal_tim.o
    0x08001c00   0x08001c00   0x00000002   Code   RO         1163    .text.HAL_TIM_IC_CaptureCallback  stm32g4xx_hal_tim.o
    0x08001c02   0x08001c02   0x00000200   Code   RO         1161    .text.HAL_TIM_IRQHandler  stm32g4xx_hal_tim.o
    0x08001e02   0x08001e02   0x00000002   PAD
    0x08001e04   0x08001e04   0x00000080   Code   RO          214    .text.HAL_TIM_MspPostInit  tim.o
    0x08001e84   0x08001e84   0x00000002   Code   RO         1165    .text.HAL_TIM_OC_DelayElapsedCallback  stm32g4xx_hal_tim.o
    0x08001e86   0x08001e86   0x00000002   PAD
    0x08001e88   0x08001e88   0x000000ba   Code   RO         1193    .text.HAL_TIM_PWM_ConfigChannel  stm32g4xx_hal_tim.o
    0x08001f42   0x08001f42   0x00000060   Code   RO         1081    .text.HAL_TIM_PWM_Init  stm32g4xx_hal_tim.o
    0x08001fa2   0x08001fa2   0x00000002   Code   RO         1083    .text.HAL_TIM_PWM_MspInit  stm32g4xx_hal_tim.o
    0x08001fa4   0x08001fa4   0x00000002   Code   RO         1167    .text.HAL_TIM_PWM_PulseFinishedCallback  stm32g4xx_hal_tim.o
    0x08001fa6   0x08001fa6   0x00000002   PAD
    0x08001fa8   0x08001fa8   0x00000018   Code   RO          133    .text.HAL_TIM_PeriodElapsedCallback  main.o
    0x08001fc0   0x08001fc0   0x00000048   Code   RO         1227    .text.HAL_TIM_SlaveConfigSynchro  stm32g4xx_hal_tim.o
    0x08002008   0x08002008   0x00000002   Code   RO         1171    .text.HAL_TIM_TriggerCallback  stm32g4xx_hal_tim.o
    0x0800200a   0x0800200a   0x00000036   Code   RO         1589    .text.HAL_UARTEx_DisableFifoMode  stm32g4xx_hal_uart_ex.o
    0x08002040   0x08002040   0x00000002   Code   RO         1515    .text.HAL_UARTEx_RxEventCallback  stm32g4xx_hal_uart.o
    0x08002042   0x08002042   0x00000002   Code   RO         1573    .text.HAL_UARTEx_RxFifoFullCallback  stm32g4xx_hal_uart_ex.o
    0x08002044   0x08002044   0x0000004a   Code   RO         1593    .text.HAL_UARTEx_SetRxFifoThreshold  stm32g4xx_hal_uart_ex.o
    0x0800208e   0x0800208e   0x0000004a   Code   RO         1591    .text.HAL_UARTEx_SetTxFifoThreshold  stm32g4xx_hal_uart_ex.o
    0x080020d8   0x080020d8   0x00000002   Code   RO         1575    .text.HAL_UARTEx_TxFifoEmptyCallback  stm32g4xx_hal_uart_ex.o
    0x080020da   0x080020da   0x00000002   Code   RO         1571    .text.HAL_UARTEx_WakeupCallback  stm32g4xx_hal_uart_ex.o
    0x080020dc   0x080020dc   0x00000002   Code   RO         1513    .text.HAL_UART_ErrorCallback  stm32g4xx_hal_uart.o
    0x080020de   0x080020de   0x00000002   PAD
    0x080020e0   0x080020e0   0x00000308   Code   RO         1509    .text.HAL_UART_IRQHandler  stm32g4xx_hal_uart.o
    0x080023e8   0x080023e8   0x00000064   Code   RO         1421    .text.HAL_UART_Init  stm32g4xx_hal_uart.o
    0x0800244c   0x0800244c   0x000000c0   Code   RO          243    .text.HAL_UART_MspInit  usart.o
    0x0800250c   0x0800250c   0x00000002   Code   RO         1517    .text.HAL_UART_TxCpltCallback  stm32g4xx_hal_uart.o
    0x0800250e   0x0800250e   0x00000002   Code   RO          260    .text.HardFault_Handler  stm32g4xx_it.o
    0x08002510   0x08002510   0x00000020   Code   RO           94    .text.LCD_BusIn     lcd.o
    0x08002530   0x08002530   0x00000028   Code   RO           96    .text.LCD_BusOut    lcd.o
    0x08002558   0x08002558   0x00000024   Code   RO           68    .text.LCD_Clear     lcd.o
    0x0800257c   0x0800257c   0x00000098   Code   RO           56    .text.LCD_CtrlLinesConfig  lcd.o
    0x08002614   0x08002614   0x00000034   Code   RO           54    .text.LCD_Init      lcd.o
    0x08002648   0x08002648   0x00000090   Code   RO           58    .text.LCD_ReadReg   lcd.o
    0x080026d8   0x080026d8   0x00000018   Code   RO           62    .text.LCD_SetBackColor  lcd.o
    0x080026f0   0x080026f0   0x00000018   Code   RO           70    .text.LCD_SetCursor  lcd.o
    0x08002708   0x08002708   0x00000018   Code   RO           60    .text.LCD_SetTextColor  lcd.o
    0x08002720   0x08002720   0x0000004c   Code   RO           74    .text.LCD_WriteRAM  lcd.o
    0x0800276c   0x0800276c   0x00000050   Code   RO           72    .text.LCD_WriteRAM_Prepare  lcd.o
    0x080027bc   0x080027bc   0x00000064   Code   RO           50    .text.LCD_WriteReg  lcd.o
    0x08002820   0x08002820   0x0000003c   Code   RO          166    .text.MX_COMP3_Init  comp.o
    0x0800285c   0x0800285c   0x00000040   Code   RO          182    .text.MX_DMA_Init   dma.o
    0x0800289c   0x0800289c   0x00000170   Code   RO          155    .text.MX_GPIO_Init  gpio.o
    0x08002a0c   0x08002a0c   0x00000080   Code   RO          192    .text.MX_RTC_Init   rtc.o
    0x08002a8c   0x08002a8c   0x00000098   Code   RO          220    .text.MX_TIM17_Init  tim.o
    0x08002b24   0x08002b24   0x0000006c   Code   RO          208    .text.MX_TIM1_Init  tim.o
    0x08002b90   0x08002b90   0x00000068   Code   RO          210    .text.MX_TIM2_Init  tim.o
    0x08002bf8   0x08002bf8   0x000000a0   Code   RO          212    .text.MX_TIM3_Init  tim.o
    0x08002c98   0x08002c98   0x00000068   Code   RO          216    .text.MX_TIM4_Init  tim.o
    0x08002d00   0x08002d00   0x00000048   Code   RO          218    .text.MX_TIM6_Init  tim.o
    0x08002d48   0x08002d48   0x00000068   Code   RO          241    .text.MX_USART1_UART_Init  usart.o
    0x08002db0   0x08002db0   0x00000002   Code   RO          262    .text.MemManage_Handler  stm32g4xx_it.o
    0x08002db2   0x08002db2   0x00000002   Code   RO          258    .text.NMI_Handler   stm32g4xx_it.o
    0x08002db4   0x08002db4   0x00000002   Code   RO          272    .text.PendSV_Handler  stm32g4xx_it.o
    0x08002db6   0x08002db6   0x00000002   PAD
    0x08002db8   0x08002db8   0x000000ec   Code   RO           48    .text.REG_8230_Init  lcd.o
    0x08002ea4   0x08002ea4   0x00000198   Code   RO           52    .text.REG_932X_Init  lcd.o
    0x0800303c   0x0800303c   0x0000002c   Code   RO          885    .text.RTC_ByteToBcd2  stm32g4xx_hal_rtc.o
    0x08003068   0x08003068   0x00000046   Code   RO          873    .text.RTC_EnterInitMode  stm32g4xx_hal_rtc.o
    0x080030ae   0x080030ae   0x0000004e   Code   RO          875    .text.RTC_ExitInitMode  stm32g4xx_hal_rtc.o
    0x080030fc   0x080030fc   0x00000002   Code   RO          268    .text.SVC_Handler   stm32g4xx_it.o
    0x080030fe   0x080030fe   0x00000004   Code   RO          274    .text.SysTick_Handler  stm32g4xx_it.o
    0x08003102   0x08003102   0x0000005c   Code   RO          129    .text.SystemClock_Config  main.o
    0x0800315e   0x0800315e   0x00000002   PAD
    0x08003160   0x08003160   0x0000001c   Code   RO         1611    .text.SystemInit    system_stm32g4xx.o
    0x0800317c   0x0800317c   0x0000000c   Code   RO          284    .text.TIM1_UP_TIM16_IRQHandler  stm32g4xx_it.o
    0x08003188   0x08003188   0x0000000c   Code   RO          286    .text.TIM2_IRQHandler  stm32g4xx_it.o
    0x08003194   0x08003194   0x000000ec   Code   RO         1031    .text.TIM_Base_SetConfig  stm32g4xx_hal_tim.o
    0x08003280   0x08003280   0x00000068   Code   RO         1175    .text.TIM_OC1_SetConfig  stm32g4xx_hal_tim.o
    0x080032e8   0x080032e8   0x00000070   Code   RO         1177    .text.TIM_OC2_SetConfig  stm32g4xx_hal_tim.o
    0x08003358   0x08003358   0x00000074   Code   RO         1179    .text.TIM_OC3_SetConfig  stm32g4xx_hal_tim.o
    0x080033cc   0x080033cc   0x00000074   Code   RO         1181    .text.TIM_OC4_SetConfig  stm32g4xx_hal_tim.o
    0x08003440   0x08003440   0x0000005c   Code   RO         1183    .text.TIM_OC5_SetConfig  stm32g4xx_hal_tim.o
    0x0800349c   0x0800349c   0x00000060   Code   RO         1185    .text.TIM_OC6_SetConfig  stm32g4xx_hal_tim.o
    0x080034fc   0x080034fc   0x000000fc   Code   RO         1229    .text.TIM_SlaveTimer_SetConfig  stm32g4xx_hal_tim.o
    0x080035f8   0x080035f8   0x00000022   Code   RO         1221    .text.TIM_TI1_ConfigInputStage  stm32g4xx_hal_tim.o
    0x0800361a   0x0800361a   0x00000022   Code   RO         1223    .text.TIM_TI2_ConfigInputStage  stm32g4xx_hal_tim.o
    0x0800363c   0x0800363c   0x00000054   Code   RO         1587    .text.UARTEx_SetNbDataToProcess  stm32g4xx_hal_uart_ex.o
    0x08003690   0x08003690   0x000000d2   Code   RO         1427    .text.UART_AdvFeatureConfig  stm32g4xx_hal_uart.o
    0x08003762   0x08003762   0x00000066   Code   RO         1429    .text.UART_CheckIdleState  stm32g4xx_hal_uart.o
    0x080037c8   0x080037c8   0x00000010   Code   RO         1511    .text.UART_DMAAbortOnError  stm32g4xx_hal_uart.o
    0x080037d8   0x080037d8   0x0000005c   Code   RO         1481    .text.UART_EndRxTransfer  stm32g4xx_hal_uart.o
    0x08003834   0x08003834   0x00000238   Code   RO         1425    .text.UART_SetConfig  stm32g4xx_hal_uart.o
    0x08003a6c   0x08003a6c   0x000000d4   Code   RO         1443    .text.UART_WaitOnFlagUntilTimeout  stm32g4xx_hal_uart.o
    0x08003b40   0x08003b40   0x0000000c   Code   RO          288    .text.USART1_IRQHandler  stm32g4xx_it.o
    0x08003b4c   0x08003b4c   0x00000002   Code   RO          266    .text.UsageFault_Handler  stm32g4xx_it.o
    0x08003b4e   0x08003b4e   0x00000002   PAD
    0x08003b50   0x08003b50   0x00000024   Code   RO          824    .text.__NVIC_SetPriority  stm32g4xx_hal_cortex.o
    0x08003b74   0x08003b74   0x00000014   Code   RO          127    .text.dr_close      main.o
    0x08003b88   0x08003b88   0x00000018   Code   RO          125    .text.dr_open       main.o
    0x08003ba0   0x08003ba0   0x00000020   Code   RO          123    .text.eng_run       main.o
    0x08003bc0   0x08003bc0   0x00000090   Code   RO          121    .text.main          main.o
    0x08003c50   0x08003c50   0x0000000e   Code   RO         1655    i.__scatterload_copy  mc_w.l(handlers.o)
    0x08003c5e   0x08003c5e   0x00000002   Code   RO         1656    i.__scatterload_null  mc_w.l(handlers.o)
    0x08003c60   0x08003c60   0x0000000e   Code   RO         1657    i.__scatterload_zeroinit  mc_w.l(handlers.o)
    0x08003c6e   0x08003c6e   0x00000010   Data   RO         1616    .rodata.AHBPrescTable  system_stm32g4xx.o
    0x08003c7e   0x08003c7e   0x00000008   Data   RO         1617    .rodata.APBPrescTable  system_stm32g4xx.o
    0x08003c86   0x08003c86   0x00000018   Data   RO         1559    .rodata.UARTPrescTable  stm32g4xx_hal_uart.o
    0x08003c9e   0x08003c9e   0x00000010   Data   RO         1601    .rodata.cst8        stm32g4xx_hal_uart_ex.o
    0x08003cae   0x08003cae   0x00000002   PAD
    0x08003cb0   0x08003cb0   0x00000020   Data   RO         1654    Region$$Table       anon$$obj.o


    Execution Region RW_IRAM1 (Exec base: 0x20000000, Load base: 0x08003cd0, Size: 0x00000750, Max: 0x00008000, ABSOLUTE)

    Exec Addr    Load Addr    Size         Type   Attr      Idx    E Section Name        Object

    0x20000000   0x08003cd0   0x00000024   Data   RW          144    .data..L_MergedGlobals  main.o
    0x20000024   0x08003cf4   0x00000008   Data   RW          413    .data..L_MergedGlobals  stm32g4xx_hal.o
    0x2000002c   0x08003cfc   0x00000002   Data   RW          111    .data.BackColor     lcd.o
    0x2000002e   0x08003cfe   0x00000002   PAD
    0x20000030   0x08003d00   0x00000004   Data   RW         1615    .data.SystemCoreClock  system_stm32g4xx.o
    0x20000034   0x08003d04   0x00000004   Data   RW          142    .data.flrSel        main.o
    0x20000038        -       0x00000008   Zero   RW          145    .bss..L_MergedGlobals.1  main.o
    0x20000040        -       0x00000002   Zero   RW          110    .bss.TextColor      lcd.o
    0x20000042        -       0x00000002   Zero   RW          109    .bss.dummy          lcd.o
    0x20000044        -       0x00000001   Zero   RW          141    .bss.floors         main.o
    0x20000045   0x08003d08   0x00000003   PAD
    0x20000048        -       0x00000024   Zero   RW          172    .bss.hcomp3         comp.o
    0x2000006c        -       0x00000060   Zero   RW          248    .bss.hdma_usart1_rx  usart.o
    0x200000cc        -       0x00000028   Zero   RW          198    .bss.hrtc           rtc.o
    0x200000f4        -       0x0000004c   Zero   RW          226    .bss.htim1          tim.o
    0x20000140        -       0x0000004c   Zero   RW          231    .bss.htim17         tim.o
    0x2000018c        -       0x0000004c   Zero   RW          227    .bss.htim2          tim.o
    0x200001d8        -       0x0000004c   Zero   RW          228    .bss.htim3          tim.o
    0x20000224        -       0x0000004c   Zero   RW          229    .bss.htim4          tim.o
    0x20000270        -       0x0000004c   Zero   RW          230    .bss.htim6          tim.o
    0x200002bc        -       0x00000090   Zero   RW          247    .bss.huart1         usart.o
    0x2000034c        -       0x00000004   Zero   RW          412    .bss.uwTick         stm32g4xx_hal.o
    0x20000350        -       0x00000400   Zero   RW            1    STACK               startup_stm32g431xx.o


==============================================================================

Image component sizes


      Code (inc. data)   RO Data    RW Data    ZI Data      Debug   Object Name

       148         16          0          0         36       5027   comp.o
        64          4          0          0          0       3211   dma.o
       368         24          0          0          0       4116   gpio.o
      1428         52          0          2          4       9274   lcd.o
       614         60          0         40          9       7611   main.o
       216         20          0          0         40       4387   rtc.o
        36          8        472          0       1024        808   startup_stm32g431xx.o
       156          8          0          8          4       8526   stm32g4xx_hal.o
       362         28          0          0          0       5660   stm32g4xx_hal_comp.o
       196         28          0          0          0       9522   stm32g4xx_hal_cortex.o
       688         16          0          0          0       7690   stm32g4xx_hal_dma.o
       454         24          0          0          0       5114   stm32g4xx_hal_gpio.o
        52          4          0          0          0       1561   stm32g4xx_hal_msp.o
       188         12          0          0          0       8713   stm32g4xx_hal_pwr_ex.o
      1732         60          0          0          0       9009   stm32g4xx_hal_rcc.o
       560          8          0          0          0       9890   stm32g4xx_hal_rcc_ex.o
       782         12          0          0          0      11739   stm32g4xx_hal_rtc.o
      2460        102          0          0          0      44516   stm32g4xx_hal_tim.o
       342         20          0          0          0      24319   stm32g4xx_hal_tim_ex.o
      2082        126         24          0          0      29701   stm32g4xx_hal_uart.o
       292          8         16          0          0       9396   stm32g4xx_hal_uart_ex.o
        94         16          0          0          0       1846   stm32g4xx_it.o
        28          4         24          4          0       2710   system_stm32g4xx.o
      1052         80          0          0        456      11016   tim.o
       296         20          0          0        240       8192   usart.o

    ----------------------------------------------------------------------
     14716        760        570         56       1816     243554   Object Totals
         0          0         32          0          0          0   (incl. Generated)
        26          0          2          2          3          0   (incl. Padding)

    ----------------------------------------------------------------------

      Code (inc. data)   RO Data    RW Data    ZI Data      Debug   Library Member Name

         0          0          0          0          0          0   entry.o
         0          0          0          0          0          0   entry10a.o
         0          0          0          0          0          0   entry11a.o
         8          4          0          0          0          0   entry2.o
         4          0          0          0          0          0   entry5.o
         0          0          0          0          0          0   entry7b.o
         0          0          0          0          0          0   entry8b.o
         8          4          0          0          0          0   entry9a.o
        30          0          0          0          0          0   handlers.o
        36          8          0          0          0         68   init.o
        30          0          0          0          0         68   llshl.o
        32          0          0          0          0         68   llushr.o
        36          0          0          0          0        108   memseta.o
        98          0          0          0          0         92   uldiv.o

    ----------------------------------------------------------------------
       282         16          0          0          0        404   Library Totals
         0          0          0          0          0          0   (incl. Padding)

    ----------------------------------------------------------------------

      Code (inc. data)   RO Data    RW Data    ZI Data      Debug   Library Name

       282         16          0          0          0        404   mc_w.l

    ----------------------------------------------------------------------
       282         16          0          0          0        404   Library Totals

    ----------------------------------------------------------------------

==============================================================================


      Code (inc. data)   RO Data    RW Data    ZI Data      Debug   

     14998        776        570         56       1816     243690   Grand Totals
     14998        776        570         56       1816     243690   ELF Image Totals
     14998        776        570         56          0          0   ROM Totals

==============================================================================

    Total RO  Size (Code + RO Data)                15568 (  15.20kB)
    Total RW  Size (RW Data + ZI Data)              1872 (   1.83kB)
    Total ROM Size (Code + RO Data + RW Data)      15624 (  15.26kB)

==============================================================================

