Component: ARM Compiler 5.06 update 6 (build 750) Tool: armlink [4d35ed]

==============================================================================

Section Cross References

    startup_stm32g431xx.o(RESET) refers to startup_stm32g431xx.o(STACK) for __initial_sp
    startup_stm32g431xx.o(RESET) refers to startup_stm32g431xx.o(.text) for Reset_Handler
    startup_stm32g431xx.o(RESET) refers to stm32g4xx_it.o(i.NMI_Handler) for NMI_Handler
    startup_stm32g431xx.o(RESET) refers to stm32g4xx_it.o(i.HardFault_Handler) for HardFault_Handler
    startup_stm32g431xx.o(RESET) refers to stm32g4xx_it.o(i.MemManage_Handler) for MemManage_Handler
    startup_stm32g431xx.o(RESET) refers to stm32g4xx_it.o(i.BusFault_Handler) for BusFault_Handler
    startup_stm32g431xx.o(RESET) refers to stm32g4xx_it.o(i.UsageFault_Handler) for UsageFault_Handler
    startup_stm32g431xx.o(RESET) refers to stm32g4xx_it.o(i.SVC_Handler) for SVC_Handler
    startup_stm32g431xx.o(RESET) refers to stm32g4xx_it.o(i.DebugMon_Handler) for DebugMon_Handler
    startup_stm32g431xx.o(RESET) refers to stm32g4xx_it.o(i.PendSV_Handler) for PendSV_Handler
    startup_stm32g431xx.o(RESET) refers to stm32g4xx_it.o(i.SysTick_Handler) for SysTick_Handler
    startup_stm32g431xx.o(RESET) refers to stm32g4xx_it.o(i.EXTI0_IRQHandler) for EXTI0_IRQHandler
    startup_stm32g431xx.o(RESET) refers to stm32g4xx_it.o(i.EXTI1_IRQHandler) for EXTI1_IRQHandler
    startup_stm32g431xx.o(RESET) refers to stm32g4xx_it.o(i.EXTI2_IRQHandler) for EXTI2_IRQHandler
    startup_stm32g431xx.o(RESET) refers to stm32g4xx_it.o(i.ADC1_2_IRQHandler) for ADC1_2_IRQHandler
    startup_stm32g431xx.o(RESET) refers to stm32g4xx_it.o(i.TIM1_BRK_TIM15_IRQHandler) for TIM1_BRK_TIM15_IRQHandler
    startup_stm32g431xx.o(RESET) refers to stm32g4xx_it.o(i.TIM2_IRQHandler) for TIM2_IRQHandler
    startup_stm32g431xx.o(RESET) refers to stm32g4xx_it.o(i.TIM3_IRQHandler) for TIM3_IRQHandler
    startup_stm32g431xx.o(RESET) refers to stm32g4xx_it.o(i.TIM4_IRQHandler) for TIM4_IRQHandler
    startup_stm32g431xx.o(RESET) refers to stm32g4xx_it.o(i.USART1_IRQHandler) for USART1_IRQHandler
    startup_stm32g431xx.o(RESET) refers to stm32g4xx_it.o(i.DMA2_Channel1_IRQHandler) for DMA2_Channel1_IRQHandler
    startup_stm32g431xx.o(RESET) refers to stm32g4xx_it.o(i.COMP1_2_3_IRQHandler) for COMP1_2_3_IRQHandler
    startup_stm32g431xx.o(.text) refers to system_stm32g4xx.o(i.SystemInit) for SystemInit
    startup_stm32g431xx.o(.text) refers to entry.o(.ARM.Collect$$$$00000000) for __main
    lcd.o(i.LCD_BusIn) refers to memseta.o(.text) for __aeabi_memclr4
    lcd.o(i.LCD_BusIn) refers to stm32g4xx_hal_gpio.o(i.HAL_GPIO_Init) for HAL_GPIO_Init
    lcd.o(i.LCD_BusOut) refers to memseta.o(.text) for __aeabi_memclr4
    lcd.o(i.LCD_BusOut) refers to stm32g4xx_hal_gpio.o(i.HAL_GPIO_Init) for HAL_GPIO_Init
    lcd.o(i.LCD_Clear) refers to lcd.o(i.LCD_SetCursor) for LCD_SetCursor
    lcd.o(i.LCD_Clear) refers to lcd.o(i.LCD_WriteRAM_Prepare) for LCD_WriteRAM_Prepare
    lcd.o(i.LCD_Clear) refers to lcd.o(i.LCD_WriteRAM) for LCD_WriteRAM
    lcd.o(i.LCD_ClearLine) refers to lcd.o(i.LCD_DisplayStringLine) for LCD_DisplayStringLine
    lcd.o(i.LCD_CtrlLinesConfig) refers to memseta.o(.text) for __aeabi_memclr4
    lcd.o(i.LCD_CtrlLinesConfig) refers to stm32g4xx_hal_gpio.o(i.HAL_GPIO_Init) for HAL_GPIO_Init
    lcd.o(i.LCD_CtrlLinesConfig) refers to lcd.o(i.LCD_BusOut) for LCD_BusOut
    lcd.o(i.LCD_DisplayChar) refers to lcd.o(i.LCD_DrawChar) for LCD_DrawChar
    lcd.o(i.LCD_DisplayChar) refers to lcd.o(.constdata) for .constdata
    lcd.o(i.LCD_DisplayOff) refers to lcd.o(i.LCD_WriteReg) for LCD_WriteReg
    lcd.o(i.LCD_DisplayOn) refers to lcd.o(i.LCD_WriteReg) for LCD_WriteReg
    lcd.o(i.LCD_DisplayStringLine) refers to lcd.o(i.LCD_DisplayChar) for LCD_DisplayChar
    lcd.o(i.LCD_DrawChar) refers to lcd.o(i.LCD_SetCursor) for LCD_SetCursor
    lcd.o(i.LCD_DrawChar) refers to lcd.o(i.LCD_WriteRAM_Prepare) for LCD_WriteRAM_Prepare
    lcd.o(i.LCD_DrawChar) refers to lcd.o(i.LCD_WriteRAM) for LCD_WriteRAM
    lcd.o(i.LCD_DrawChar) refers to lcd.o(.data) for .data
    lcd.o(i.LCD_DrawCircle) refers to lcd.o(i.LCD_SetCursor) for LCD_SetCursor
    lcd.o(i.LCD_DrawCircle) refers to lcd.o(i.LCD_WriteRAM_Prepare) for LCD_WriteRAM_Prepare
    lcd.o(i.LCD_DrawCircle) refers to lcd.o(i.LCD_WriteRAM) for LCD_WriteRAM
    lcd.o(i.LCD_DrawCircle) refers to lcd.o(.data) for .data
    lcd.o(i.LCD_DrawLine) refers to lcd.o(i.LCD_SetCursor) for LCD_SetCursor
    lcd.o(i.LCD_DrawLine) refers to lcd.o(i.LCD_WriteRAM_Prepare) for LCD_WriteRAM_Prepare
    lcd.o(i.LCD_DrawLine) refers to lcd.o(i.LCD_WriteRAM) for LCD_WriteRAM
    lcd.o(i.LCD_DrawLine) refers to lcd.o(.data) for .data
    lcd.o(i.LCD_DrawMonoPict) refers to lcd.o(i.LCD_SetCursor) for LCD_SetCursor
    lcd.o(i.LCD_DrawMonoPict) refers to lcd.o(i.LCD_WriteRAM_Prepare) for LCD_WriteRAM_Prepare
[...]
    i.HAL_UARTEx_RxFifoFullCallback          0x080037c8   Section        0  stm32g4xx_hal_uart_ex.o(i.HAL_UARTEx_RxFifoFullCallback)
    i.HAL_UARTEx_SetRxFifoThreshold          0x080037ca   Section        0  stm32g4xx_hal_uart_ex.o(i.HAL_UARTEx_SetRxFifoThreshold)
    i.HAL_UARTEx_SetTxFifoThreshold          0x08003816   Section        0  stm32g4xx_hal_uart_ex.o(i.HAL_UARTEx_SetTxFifoThreshold)
    i.HAL_UARTEx_TxFifoEmptyCallback         0x08003862   Section        0  stm32g4xx_hal_uart_ex.o(i.HAL_UARTEx_TxFifoEmptyCallback)
    i.HAL_UARTEx_WakeupCallback              0x08003864   Section        0  stm32g4xx_hal_uart_ex.o(i.HAL_UARTEx_WakeupCallback)
    i.HAL_UART_ErrorCallback                 0x08003866   Section        0  stm32g4xx_hal_uart.o(i.HAL_UART_ErrorCallback)
    i.HAL_UART_IRQHandler                    0x08003868   Section        0  stm32g4xx_hal_uart.o(i.HAL_UART_IRQHandler)
    i.HAL_UART_Init                          0x08003b48   Section        0  stm32g4xx_hal_uart.o(i.HAL_UART_Init)
    i.HAL_UART_MspInit                       0x08003bb4   Section        0  usart.o(i.HAL_UART_MspInit)
    i.HAL_UART_RxCpltCallback                0x08003c74   Section        0  stm32g4xx_hal_uart.o(i.HAL_UART_RxCpltCallback)
    i.HAL_UART_RxHalfCpltCallback            0x08003c76   Section        0  stm32g4xx_hal_uart.o(i.HAL_UART_RxHalfCpltCallback)
    i.HAL_UART_Transmit                      0x08003c78   Section        0  stm32g4xx_hal_uart.o(i.HAL_UART_Transmit)
    i.HAL_UART_TxCpltCallback                0x08003d34   Section        0  stm32g4xx_hal_uart.o(i.HAL_UART_TxCpltCallback)
    i.HardFault_Handler                      0x08003d36   Section        0  stm32g4xx_it.o(i.HardFault_Handler)
    i.LCD_BusIn                              0x08003d38   Section        0  lcd.o(i.LCD_BusIn)
    i.LCD_BusOut                             0x08003d64   Section        0  lcd.o(i.LCD_BusOut)
    i.LCD_Clear                              0x08003d94   Section        0  lcd.o(i.LCD_Clear)
    i.LCD_CtrlLinesConfig                    0x08003db8   Section        0  lcd.o(i.LCD_CtrlLinesConfig)
    i.LCD_DisplayChar                        0x08003e48   Section        0  lcd.o(i.LCD_DisplayChar)
    i.LCD_DisplayStringLine                  0x08003e60   Section        0  lcd.o(i.LCD_DisplayStringLine)
    i.LCD_DrawChar                           0x08003e8c   Section        0  lcd.o(i.LCD_DrawChar)
    i.LCD_Init                               0x08003ee4   Section        0  lcd.o(i.LCD_Init)
    i.LCD_ReadReg                            0x08003f18   Section        0  lcd.o(i.LCD_ReadReg)
    i.LCD_SetBackColor                       0x08003f98   Section        0  lcd.o(i.LCD_SetBackColor)
    i.LCD_SetCursor                          0x08003fa8   Section        0  lcd.o(i.LCD_SetCursor)
    i.LCD_SetTextColor                       0x08003fc0   Section        0  lcd.o(i.LCD_SetTextColor)
    i.LCD_WriteRAM                           0x08003fd0   Section        0  lcd.o(i.LCD_WriteRAM)
    i.LCD_WriteRAM_Prepare                   0x08004028   Section        0  lcd.o(i.LCD_WriteRAM_Prepare)
    i.LCD_WriteReg                           0x08004084   Section        0  lcd.o(i.LCD_WriteReg)
    i.LL_ADC_GetOffsetChannel                0x080040f0   Section        0  stm32g4xx_hal_adc.o(i.LL_ADC_GetOffsetChannel)
    LL_ADC_GetOffsetChannel                  0x080040f1   Thumb Code    12  stm32g4xx_hal_adc.o(i.LL_ADC_GetOffsetChannel)
    i.LL_ADC_INJ_IsConversionOngoing         0x080040fc   Section        0  stm32g4xx_hal_adc.o(i.LL_ADC_INJ_IsConversionOngoing)
    LL_ADC_INJ_IsConversionOngoing           0x080040fd   Thumb Code     8  stm32g4xx_hal_adc.o(i.LL_ADC_INJ_IsConversionOngoing)
    i.LL_ADC_REG_IsConversionOngoing         0x08004104   Section        0  stm32g4xx_hal_adc.o(i.LL_ADC_REG_IsConversionOngoing)
    LL_ADC_REG_IsConversionOngoing           0x08004105   Thumb Code     8  stm32g4xx_hal_adc.o(i.LL_ADC_REG_IsConversionOngoing)
    i.LL_ADC_REG_IsTriggerSourceSWStart      0x0800410c   Section        0  stm32g4xx_hal_adc.o(i.LL_ADC_REG_IsTriggerSourceSWStart)
    LL_ADC_REG_IsTriggerSourceSWStart        0x0800410d   Thumb Code    16  stm32g4xx_hal_adc.o(i.LL_ADC_REG_IsTriggerSourceSWStart)
    i.LL_ADC_SetChannelSamplingTime          0x0800411c   Section        0  stm32g4xx_hal_adc.o(i.LL_ADC_SetChannelSamplingTime)
    LL_ADC_SetChannelSamplingTime            0x0800411d   Thumb Code    30  stm32g4xx_hal_adc.o(i.LL_ADC_SetChannelSamplingTime)
    i.LL_ADC_SetOffsetState                  0x0800413a   Section        0  stm32g4xx_hal_adc.o(i.LL_ADC_SetOffsetState)
    LL_ADC_SetOffsetState                    0x0800413b   Thumb Code    16  stm32g4xx_hal_adc.o(i.LL_ADC_SetOffsetState)
    i.MX_ADC2_Init                           0x0800414c   Section        0  adc.o(i.MX_ADC2_Init)
    i.MX_COMP2_Init                          0x080041c8   Section        0  comp.o(i.MX_COMP2_Init)
    i.MX_COMP3_Init                          0x08004200   Section        0  comp.o(i.MX_COMP3_Init)
    i.MX_DMA_Init                            0x08004238   Section        0  dma.o(i.MX_DMA_Init)
    i.MX_GPIO_Init                           0x08004274   Section        0  gpio.o(i.MX_GPIO_Init)
    i.MX_TIM15_Init                          0x08004394   Section        0  tim.o(i.MX_TIM15_Init)
    i.MX_TIM2_Init                           0x08004400   Section        0  tim.o(i.MX_TIM2_Init)
    i.MX_TIM3_Init                           0x080044b8   Section        0  tim.o(i.MX_TIM3_Init)
    i.MX_TIM4_Init                           0x08004588   Section        0  tim.o(i.MX_TIM4_Init)
    i.MX_USART1_UART_Init                    0x08004668   Section        0  usart.o(i.MX_USART1_UART_Init)
    i.MemManage_Handler                      0x080046d0   Section        0  stm32g4xx_it.o(i.MemManage_Handler)
    i.NMI_Handler                            0x080046d2   Section        0  stm32g4xx_it.o(i.NMI_Handler)
    i.PendSV_Handler                         0x080046d4   Section        0  stm32g4xx_it.o(i.PendSV_Handler)
    i.REG_8230_Init                          0x080046d6   Section        0  lcd.o(i.REG_8230_Init)
    i.REG_932X_Init                          0x080047e8   Section        0  lcd.o(i.REG_932X_Init)
    i.SVC_Handler                            0x080049ea   Section        0  stm32g4xx_it.o(i.SVC_Handler)
    i.SysTick_Handler                        0x080049ec   Section        0  stm32g4xx_it.o(i.SysTick_Handler)
    i.SystemClock_Config                     0x080049f0   Section        0  main.o(i.SystemClock_Config)
    i.SystemInit                             0x08004a5c   Section        0  system_stm32g4xx.o(i.SystemInit)
    i.TIM1_BRK_TIM15_IRQHandler              0x08004a6c   Section        0  stm32g4xx_it.o(i.TIM1_BRK_TIM15_IRQHandler)
    i.TIM2_IRQHandler                        0x08004a78   Section        0  stm32g4xx_it.o(i.TIM2_IRQHandler)
    i.TIM3_IRQHandler                        0x08004a84   Section        0  stm32g4xx_it.o(i.TIM3_IRQHandler)
    i.TIM4_IRQHandler                        0x08004a90   Section        0  stm32g4xx_it.o(i.TIM4_IRQHandler)
    i.TIM_Base_SetConfig                     0x08004a9c   Section        0  stm32g4xx_hal_tim.o(i.TIM_Base_SetConfig)
    i.TIM_CCxChannelCmd                      0x08004b4c   Section        0  stm32g4xx_hal_tim.o(i.TIM_CCxChannelCmd)
    i.TIM_ETR_SetConfig                      0x08004b66   Section        0  stm32g4xx_hal_tim.o(i.TIM_ETR_SetConfig)
    i.TIM_ITRx_SetConfig                     0x08004b7c   Section        0  stm32g4xx_hal_tim.o(i.TIM_ITRx_SetConfig)
    TIM_ITRx_SetConfig                       0x08004b7d   Thumb Code    16  stm32g4xx_hal_tim.o(i.TIM_ITRx_SetConfig)
    i.TIM_SlaveTimer_SetConfig               0x08004b90   Section        0  stm32g4xx_hal_tim.o(i.TIM_SlaveTimer_SetConfig)
    TIM_SlaveTimer_SetConfig                 0x08004b91   Thumb Code   194  stm32g4xx_hal_tim.o(i.TIM_SlaveTimer_SetConfig)
    i.TIM_TI1_ConfigInputStage               0x08004c60   Section        0  stm32g4xx_hal_tim.o(i.TIM_TI1_ConfigInputStage)
    TIM_TI1_ConfigInputStage                 0x08004c61   Thumb Code    34  stm32g4xx_hal_tim.o(i.TIM_TI1_ConfigInputStage)
    i.TIM_TI1_SetConfig                      0x08004c84   Section        0  stm32g4xx_hal_tim.o(i.TIM_TI1_SetConfig)
    i.TIM_TI2_ConfigInputStage               0x08004cf0   Section        0  stm32g4xx_hal_tim.o(i.TIM_TI2_ConfigInputStage)
    TIM_TI2_ConfigInputStage                 0x08004cf1   Thumb Code    36  stm32g4xx_hal_tim.o(i.TIM_TI2_ConfigInputStage)
    i.TIM_TI2_SetConfig                      0x08004d14   Section        0  stm32g4xx_hal_tim.o(i.TIM_TI2_SetConfig)
    TIM_TI2_SetConfig                        0x08004d15   Thumb Code    54  stm32g4xx_hal_tim.o(i.TIM_TI2_SetConfig)
    i.UARTEx_SetNbDataToProcess              0x08004d4c   Section        0  stm32g4xx_hal_uart_ex.o(i.UARTEx_SetNbDataToProcess)
    UARTEx_SetNbDataToProcess                0x08004d4d   Thumb Code    62  stm32g4xx_hal_uart_ex.o(i.UARTEx_SetNbDataToProcess)
    i.UART_AdvFeatureConfig                  0x08004d90   Section        0  stm32g4xx_hal_uart.o(i.UART_AdvFeatureConfig)
    i.UART_CheckIdleState                    0x08004e58   Section        0  stm32g4xx_hal_uart.o(i.UART_CheckIdleState)
    i.UART_DMAAbortOnError                   0x08004eb8   Section        0  stm32g4xx_hal_uart.o(i.UART_DMAAbortOnError)
    UART_DMAAbortOnError                     0x08004eb9   Thumb Code    20  stm32g4xx_hal_uart.o(i.UART_DMAAbortOnError)
    i.UART_DMAError                          0x08004ecc   Section        0  stm32g4xx_hal_uart.o(i.UART_DMAError)
    UART_DMAError                            0x08004ecd   Thumb Code    80  stm32g4xx_hal_uart.o(i.UART_DMAError)
    i.UART_DMAReceiveCplt                    0x08004f1c   Section        0  stm32g4xx_hal_uart.o(i.UART_DMAReceiveCplt)
    UART_DMAReceiveCplt                      0x08004f1d   Thumb Code   130  stm32g4xx_hal_uart.o(i.UART_DMAReceiveCplt)
    i.UART_DMARxHalfCplt                     0x08004f9e   Section        0  stm32g4xx_hal_uart.o(i.UART_DMARxHalfCplt)
    UART_DMARxHalfCplt                       0x08004f9f   Thumb Code    28  stm32g4xx_hal_uart.o(i.UART_DMARxHalfCplt)
    i.UART_EndRxTransfer                     0x08004fbc   Section        0  stm32g4xx_hal_uart.o(i.UART_EndRxTransfer)
    UART_EndRxTransfer                       0x08004fbd   Thumb Code    78  stm32g4xx_hal_uart.o(i.UART_EndRxTransfer)
    i.UART_EndTxTransfer                     0x08005010   Section        0  stm32g4xx_hal_uart.o(i.UART_EndTxTransfer)
    UART_EndTxTransfer                       0x08005011   Thumb Code    46  stm32g4xx_hal_uart.o(i.UART_EndTxTransfer)
    i.UART_SetConfig                         0x08005040   Section        0  stm32g4xx_hal_uart.o(i.UART_SetConfig)
    i.UART_Start_Receive_DMA                 0x080052b4   Section        0  stm32g4xx_hal_uart.o(i.UART_Start_Receive_DMA)
    i.UART_WaitOnFlagUntilTimeout            0x08005358   Section        0  stm32g4xx_hal_uart.o(i.UART_WaitOnFlagUntilTimeout)
    i.USART1_IRQHandler                      0x08005420   Section        0  stm32g4xx_it.o(i.USART1_IRQHandler)
    i.UsageFault_Handler                     0x0800542c   Section        0  stm32g4xx_it.o(i.UsageFault_Handler)
    i.__0printf                              0x08005430   Section        0  printfa.o(i.__0printf)
    i.__0vsprintf                            0x08005450   Section        0  printfa.o(i.__0vsprintf)
    i.__NVIC_SetPriority                     0x08005474   Section        0  stm32g4xx_hal_cortex.o(i.__NVIC_SetPriority)
    __NVIC_SetPriority                       0x08005475   Thumb Code    32  stm32g4xx_hal_cortex.o(i.__NVIC_SetPriority)
    i.__scatterload_copy                     0x08005494   Section       14  handlers.o(i.__scatterload_copy)
    i.__scatterload_null                     0x080054a2   Section        2  handlers.o(i.__scatterload_null)
    i.__scatterload_zeroinit                 0x080054a4   Section       14  handlers.o(i.__scatterload_zeroinit)
    i._fp_digits                             0x080054b4   Section        0  printfa.o(i._fp_digits)
    _fp_digits                               0x080054b5   Thumb Code   366  printfa.o(i._fp_digits)
    i._printf_core                           0x08005638   Section        0  printfa.o(i._printf_core)
    _printf_core                             0x08005639   Thumb Code  1744  printfa.o(i._printf_core)
    i._printf_post_padding                   0x08005d14   Section        0  printfa.o(i._printf_post_padding)
    _printf_post_padding                     0x08005d15   Thumb Code    36  printfa.o(i._printf_post_padding)
    i._printf_pre_padding                    0x08005d38   Section        0  printfa.o(i._printf_pre_padding)
    _printf_pre_padding                      0x08005d39   Thumb Code    46  printfa.o(i._printf_pre_padding)
    i._sputc                                 0x08005d66   Section        0  printfa.o(i._sputc)
    _sputc                                   0x08005d67   Thumb Code    10  printfa.o(i._sputc)
    i.angleA                                 0x08005d70   Section        0  main.o(i.angleA)
    i.angleB                                 0x08005dc4   Section        0  main.o(i.angleB)
    i.cmp                                    0x08005e18   Section        0  main.o(i.cmp)
    i.format                                 0x08005e40   Section        0  main.o(i.format)
    i.fputc                                  0x08005e64   Section        0  main.o(i.fputc)
    i.free                                   0x08005e7c   Section        0  malloc.o(i.free)
    i.incPax                                 0x08005ecc   Section        0  main.o(i.incPax)
    i.incPbx                                 0x08005efc   Section        0  main.o(i.incPbx)
    i.incPf                                  0x08005f2c   Section        0  main.o(i.incPf)
    i.main                                   0x08005f68   Section        0  main.o(i.main)
    i.malloc                                 0x080061ac   Section        0  malloc.o(i.malloc)
    i.refreshAngle                           0x08006218   Section        0  main.o(i.refreshAngle)
    i.render                                 0x08006258   Section        0  main.o(i.render)
    i.updA                                   0x080062cc   Section        0  main.o(i.updA)
    i.updAx                                  0x080062f8   Section        0  main.o(i.updAx)
    i.updB                                   0x08006318   Section        0  main.o(i.updB)
    i.updBx                                  0x08006344   Section        0  main.o(i.updBx)
    i.updF                                   0x08006364   Section        0  main.o(i.updF)
    i.updMode                                0x08006384   Section        0  main.o(i.updMode)
    .constdata                               0x080063a8   Section     4560  lcd.o(.constdata)
    .constdata                               0x08007578   Section       24  stm32g4xx_hal_uart.o(.constdata)
    .constdata                               0x08007590   Section       16  stm32g4xx_hal_uart_ex.o(.constdata)
    numerator                                0x08007590   Data           8  stm32g4xx_hal_uart_ex.o(.constdata)
    denominator                              0x08007598   Data           8  stm32g4xx_hal_uart_ex.o(.constdata)
    .constdata                               0x080075a0   Section       16  system_stm32g4xx.o(.constdata)
    .constdata                               0x080075b0   Section        8  system_stm32g4xx.o(.constdata)
    .conststring                             0x080075b8   Section      143  main.o(.conststring)
    .data                                    0x20000000   Section        6  lcd.o(.data)
    TextColor                                0x20000000   Data           2  lcd.o(.data)
    BackColor                                0x20000002   Data           2  lcd.o(.data)
    .data                                    0x20000008   Section       60  main.o(.data)
    .data                                    0x20000044   Section       12  stm32g4xx_hal.o(.data)
    .data                                    0x20000050   Section        4  system_stm32g4xx.o(.data)
    .data                                    0x20000054   Section        4  stdout.o(.data)
    .data                                    0x20000058   Section        4  mvars.o(.data)
    .data                                    0x2000005c   Section        4  mvars.o(.data)
    .bss                                     0x20000060   Section      104  main.o(.bss)
    .bss                                     0x200000c8   Section      108  adc.o(.bss)
    .bss                                     0x20000134   Section       72  comp.o(.bss)
    .bss                                     0x2000017c   Section      304  tim.o(.bss)
    .bss                                     0x200002ac   Section      240  usart.o(.bss)
    HEAP                                     0x200003a0   Section      512  startup_stm32g431xx.o(HEAP)
    STACK                                    0x200005a0   Section     1024  startup_stm32g431xx.o(STACK)

    Global Symbols

    Symbol Name                              Value     Ov Type        Size  Object(Section)

    BuildAttributes$$THM_ISAv4$E$P$D$K$B$S$7EM$VFPi3$EXTD16$VFPS$VFMA$PE$A:L22UL41UL21$X:L11$S22US41US21$IEEE1$IW$USESV6$~STKCKD$USESV7$~SHL$OTIME$ROPI$EBA8$MICROLIB$REQ8$PRES8$EABIv2 0x00000000   Number         0  anon$$obj.o ABSOLUTE
    __ARM_use_no_argv                        0x00000000   Number         0  main.o ABSOLUTE
    _printf_a                                0x00000000   Number         0  stubs.o ABSOLUTE
    _printf_c                                0x00000000   Number         0  stubs.o ABSOLUTE
    _printf_charcount                        0x00000000   Number         0  stubs.o ABSOLUTE
    _printf_d                                0x00000000   Number         0  stubs.o ABSOLUTE
    _printf_e                                0x00000000   Number         0  stubs.o ABSOLUTE
    _printf_f                                0x00000000   Number         0  stubs.o ABSOLUTE
    _printf_flags                            0x00000000   Number         0  stubs.o ABSOLUTE
    _printf_fp_dec                           0x00000000   Number         0  stubs.o ABSOLUTE
    _printf_fp_hex                           0x00000000   Number         0  stubs.o ABSOLUTE
    _printf_g                                0x00000000   Number         0  stubs.o ABSOLUTE
    _printf_i                                0x00000000   Number         0  stubs.o ABSOLUTE
    _printf_int_dec                          0x00000000   Number         0  stubs.o ABSOLUTE
    _printf_l                                0x00000000   Number         0  stubs.o ABSOLUTE
    _printf_lc                               0x00000000   Number         0  stubs.o ABSOLUTE
    _printf_ll                               0x00000000   Number         0  stubs.o ABSOLUTE
    _printf_lld                              0x00000000   Number         0  stubs.o ABSOLUTE
    _printf_lli                              0x00000000   Number         0  stubs.o ABSOLUTE
    _printf_llo                              0x00000000   Number         0  stubs.o ABSOLUTE
    _printf_llu                              0x00000000   Number         0  stubs.o ABSOLUTE
    _printf_llx                              0x00000000   Number         0  stubs.o ABSOLUTE
    _printf_longlong_dec                     0x00000000   Number         0  stubs.o ABSOLUTE
    _printf_longlong_hex                     0x00000000   Number         0  stubs.o ABSOLUTE
    _printf_longlong_oct                     0x00000000   Number         0  stubs.o ABSOLUTE
    _printf_ls                               0x00000000   Number         0  stubs.o ABSOLUTE
    _printf_mbtowc                           0x00000000   Number         0  stubs.o ABSOLUTE
    _printf_n                                0x00000000   Number         0  stubs.o ABSOLUTE
    _printf_o                                0x00000000   Number         0  stubs.o ABSOLUTE
    _printf_p                                0x00000000   Number         0  stubs.o ABSOLUTE
    _printf_percent                          0x00000000   Number         0  stubs.o ABSOLUTE
    _printf_pre_padding                      0x00000000   Number         0  stubs.o ABSOLUTE
    _printf_return_value                     0x00000000   Number         0  stubs.o ABSOLUTE
    _printf_s                                0x00000000   Number         0  stubs.o ABSOLUTE
    _printf_sizespec                         0x00000000   Number         0  stubs.o ABSOLUTE
    _printf_str                              0x00000000   Number         0  stubs.o ABSOLUTE
    _printf_truncate_signed                  0x00000000   Number         0  stubs.o ABSOLUTE
    _printf_truncate_unsigned                0x00000000   Number         0  stubs.o ABSOLUTE
    _printf_u                                0x00000000   Number         0  stubs.o ABSOLUTE
    _printf_wc                               0x00000000   Number         0  stubs.o ABSOLUTE
    _printf_wctomb                           0x00000000   Number         0  stubs.o ABSOLUTE
    _printf_widthprec                        0x00000000   Number         0  stubs.o ABSOLUTE
    _printf_x                                0x00000000   Number         0  stubs.o ABSOLUTE
    __cpp_initialize__aeabi_                  - Undefined Weak Reference
    __cxa_finalize                            - Undefined Weak Reference
    __decompress                              - Undefined Weak Reference
    _clock_init                               - Undefined Weak Reference
    _microlib_exit                            - Undefined Weak Reference
    __Vectors_Size                           0x000001d8   Number         0  startup_stm32g431xx.o ABSOLUTE
    __Vectors                                0x08000000   Data           4  startup_stm32g431xx.o(RESET)
    __Vectors_End                            0x080001d8   Data           0  startup_stm32g431xx.o(RESET)
    __main                                   0x080001d9   Thumb Code     0  entry.o(.ARM.Collect$$$$00000000)
    _main_stk                                0x080001d9   Thumb Code     0  entry2.o(.ARM.Collect$$$$00000001)
    _main_scatterload                        0x080001dd   Thumb Code     0  entry5.o(.ARM.Collect$$$$00000004)
    __main_after_scatterload                 0x080001e1   Thumb Code     0  entry5.o(.ARM.Collect$$$$00000004)
    _main_clock                              0x080001e1   Thumb Code     0  entry7b.o(.ARM.Collect$$$$00000008)
    _main_cpp_init                           0x080001e1   Thumb Code     0  entry8b.o(.ARM.Collect$$$$0000000A)
    _main_init                               0x080001e1   Thumb Code     0  entry9a.o(.ARM.Collect$$$$0000000B)
    __rt_final_cpp                           0x080001e9   Thumb Code     0  entry10a.o(.ARM.Collect$$$$0000000D)
    __rt_final_exit                          0x080001e9   Thumb Code     0  entry11a.o(.ARM.Collect$$$$0000000F)
    Reset_Handler                            0x080001ed   Thumb Code     8  startup_stm32g431xx.o(.text)
    COMP4_IRQHandler                         0x08000207   Thumb Code     0  startup_stm32g431xx.o(.text)
    CORDIC_IRQHandler                        0x08000207   Thumb Code     0  startup_stm32g431xx.o(.text)
    CRS_IRQHandler                           0x08000207   Thumb Code     0  startup_stm32g431xx.o(.text)
    DMA1_Channel1_IRQHandler                 0x08000207   Thumb Code     0  startup_stm32g431xx.o(.text)
    DMA1_Channel2_IRQHandler                 0x08000207   Thumb Code     0  startup_stm32g431xx.o(.text)
    DMA1_Channel3_IRQHandler                 0x08000207   Thumb Code     0  startup_stm32g431xx.o(.text)
    DMA1_Channel4_IRQHandler                 0x08000207   Thumb Code     0  startup_stm32g431xx.o(.text)
    DMA1_Channel5_IRQHandler                 0x08000207   Thumb Code     0  startup_stm32g431xx.o(.text)
    DMA1_Channel6_IRQHandler                 0x08000207   Thumb Code     0  startup_stm32g431xx.o(.text)
    DMA2_Channel2_IRQHandler                 0x08000207   Thumb Code     0  startup_stm32g431xx.o(.text)
    DMA2_Channel3_IRQHandler                 0x08000207   Thumb Code     0  startup_stm32g431xx.o(.text)
    DMA2_Channel4_IRQHandler                 0x08000207   Thumb Code     0  startup_stm32g431xx.o(.text)
    DMA2_Channel5_IRQHandler                 0x08000207   Thumb Code     0  startup_stm32g431xx.o(.text)
    DMA2_Channel6_IRQHandler                 0x08000207   Thumb Code     0  startup_stm32g431xx.o(.text)
    DMAMUX_OVR_IRQHandler                    0x08000207   Thumb Code     0  startup_stm32g431xx.o(.text)
    EXTI15_10_IRQHandler                     0x08000207   Thumb Code     0  startup_stm32g431xx.o(.text)
    EXTI3_IRQHandler                         0x08000207   Thumb Code     0  startup_stm32g431xx.o(.text)
    EXTI4_IRQHandler                         0x08000207   Thumb Code     0  startup_stm32g431xx.o(.text)
    EXTI9_5_IRQHandler                       0x08000207   Thumb Code     0  startup_stm32g431xx.o(.text)
    FDCAN1_IT0_IRQHandler                    0x08000207   Thumb Code     0  startup_stm32g431xx.o(.text)
    FDCAN1_IT1_IRQHandler                    0x08000207   Thumb Code     0  startup_stm32g431xx.o(.text)
    FLASH_IRQHandler                         0x08000207   Thumb Code     0  startup_stm32g431xx.o(.text)
    FMAC_IRQHandler                          0x08000207   Thumb Code     0  startup_stm32g431xx.o(.text)
    FPU_IRQHandler                           0x08000207   Thumb Code     0  startup_stm32g431xx.o(.text)
    I2C1_ER_IRQHandler                       0x08000207   Thumb Code     0  startup_stm32g431xx.o(.text)
    I2C1_EV_IRQHandler                       0x08000207   Thumb Code     0  startup_stm32g431xx.o(.text)
    I2C2_ER_IRQHandler                       0x08000207   Thumb Code     0  startup_stm32g431xx.o(.text)
    I2C2_EV_IRQHandler                       0x08000207   Thumb Code     0  startup_stm32g431xx.o(.text)
    I2C3_ER_IRQHandler                       0x08000207   Thumb Code     0  startup_stm32g431xx.o(.text)
    I2C3_EV_IRQHandler                       0x08000207   Thumb Code     0  startup_stm32g431xx.o(.text)
    LPTIM1_IRQHandler                        0x08000207   Thumb Code     0  startup_stm32g431xx.o(.text)
    LPUART1_IRQHandler                       0x08000207   Thumb Code     0  startup_stm32g431xx.o(.text)
    PVD_PVM_IRQHandler                       0x08000207   Thumb Code     0  startup_stm32g431xx.o(.text)
    RCC_IRQHandler                           0x08000207   Thumb Code     0  startup_stm32g431xx.o(.text)
    RNG_IRQHandler                           0x08000207   Thumb Code     0  startup_stm32g431xx.o(.text)
    RTC_Alarm_IRQHandler                     0x08000207   Thumb Code     0  startup_stm32g431xx.o(.text)
    RTC_TAMP_LSECSS_IRQHandler               0x08000207   Thumb Code     0  startup_stm32g431xx.o(.text)
    RTC_WKUP_IRQHandler                      0x08000207   Thumb Code     0  startup_stm32g431xx.o(.text)
    SAI1_IRQHandler                          0x08000207   Thumb Code     0  startup_stm32g431xx.o(.text)
    SPI1_IRQHandler                          0x08000207   Thumb Code     0  startup_stm32g431xx.o(.text)
    SPI2_IRQHandler                          0x08000207   Thumb Code     0  startup_stm32g431xx.o(.text)
    SPI3_IRQHandler                          0x08000207   Thumb Code     0  startup_stm32g431xx.o(.text)
    TIM1_CC_IRQHandler                       0x08000207   Thumb Code     0  startup_stm32g431xx.o(.text)
    TIM1_TRG_COM_TIM17_IRQHandler            0x08000207   Thumb Code     0  startup_stm32g431xx.o(.text)
    TIM1_UP_TIM16_IRQHandler                 0x08000207   Thumb Code     0  startup_stm32g431xx.o(.text)
    TIM6_DAC_IRQHandler                      0x08000207   Thumb Code     0  startup_stm32g431xx.o(.text)
    TIM7_IRQHandler                          0x08000207   Thumb Code     0  startup_stm32g431xx.o(.text)
    TIM8_BRK_IRQHandler                      0x08000207   Thumb Code     0  startup_stm32g431xx.o(.text)
    TIM8_CC_IRQHandler                       0x08000207   Thumb Code     0  startup_stm32g431xx.o(.text)
    TIM8_TRG_COM_IRQHandler                  0x08000207   Thumb Code     0  startup_stm32g431xx.o(.text)
    TIM8_UP_IRQHandler                       0x08000207   Thumb Code     0  startup_stm32g431xx.o(.text)
    UART4_IRQHandler                         0x08000207   Thumb Code     0  startup_stm32g431xx.o(.text)
    UCPD1_IRQHandler                         0x08000207   Thumb Code     0  startup_stm32g431xx.o(.text)
    USART2_IRQHandler                        0x08000207   Thumb Code     0  startup_stm32g431xx.o(.text)
    USART3_IRQHandler                        0x08000207   Thumb Code     0  startup_stm32g431xx.o(.text)
    USBWakeUp_IRQHandler                     0x08000207   Thumb Code     0  startup_stm32g431xx.o(.text)
    USB_HP_IRQHandler                        0x08000207   Thumb Code     0  startup_stm32g431xx.o(.text)
    USB_LP_IRQHandler                        0x08000207   Thumb Code     0  startup_stm32g431xx.o(.text)
    WWDG_IRQHandler                          0x08000207   Thumb Code     0  startup_stm32g431xx.o(.text)
    __aeabi_uldivmod                         0x08000211   Thumb Code    98  uldiv.o(.text)
    qsort                                    0x08000273   Thumb Code   156  qsort.o(.text)
    __aeabi_memcpy                           0x0800030f   Thumb Code    36  memcpya.o(.text)
    __aeabi_memcpy4                          0x0800030f   Thumb Code     0  memcpya.o(.text)
    __aeabi_memcpy8                          0x0800030f   Thumb Code     0  memcpya.o(.text)
    __aeabi_memset                           0x08000333   Thumb Code    14  memseta.o(.text)
    __aeabi_memset4                          0x08000333   Thumb Code     0  memseta.o(.text)
    __aeabi_memset8                          0x08000333   Thumb Code     0  memseta.o(.text)
    __aeabi_memclr                           0x08000341   Thumb Code     4  memseta.o(.text)
    __aeabi_memclr4                          0x08000341   Thumb Code     0  memseta.o(.text)
    __aeabi_memclr8                          0x08000341   Thumb Code     0  memseta.o(.text)
    _memset$wrapper                          0x08000345   Thumb Code    18  memseta.o(.text)
    strcmp                                   0x08000357   Thumb Code    28  strcmp.o(.text)
    __aeabi_ddiv                             0x08000373   Thumb Code   222  ddiv.o(.text)
    __aeabi_i2d                              0x08000451   Thumb Code    34  dflti.o(.text)
    __aeabi_f2d                              0x08000473   Thumb Code    38  f2d.o(.text)
    __aeabi_d2f                              0x08000499   Thumb Code    56  d2f.o(.text)
    __aeabi_uidiv                            0x080004d1   Thumb Code     0  uidiv.o(.text)
    __aeabi_uidivmod                         0x080004d1   Thumb Code    44  uidiv.o(.text)
    __aeabi_llsl                             0x080004fd   Thumb Code    30  llshl.o(.text)
    _ll_shift_l                              0x080004fd   Thumb Code     0  llshl.o(.text)
    __aeabi_llsr                             0x0800051b   Thumb Code    32  llushr.o(.text)
    _ll_ushift_r                             0x0800051b   Thumb Code     0  llushr.o(.text)
    __I$use$fp                               0x0800053b   Thumb Code     0  iusefp.o(.text)
    _float_round                             0x0800053b   Thumb Code    18  fepilogue.o(.text)
    _float_epilogue                          0x0800054d   Thumb Code    92  fepilogue.o(.text)
    _double_round                            0x080005a9   Thumb Code    30  depilogue.o(.text)
    _double_epilogue                         0x080005c7   Thumb Code   156  depilogue.o(.text)
    __aeabi_dadd                             0x08000663   Thumb Code   322  dadd.o(.text)
    __aeabi_dsub                             0x080007a5   Thumb Code     6  dadd.o(.text)
    __aeabi_drsub                            0x080007ab   Thumb Code     6  dadd.o(.text)
    __aeabi_dmul                             0x080007b1   Thumb Code   228  dmul.o(.text)
    __aeabi_d2ulz                            0x08000895   Thumb Code    48  dfixul.o(.text)
    __aeabi_cdrcmple                         0x080008c5   Thumb Code    48  cdrcmple.o(.text)
    __scatterload                            0x080008f5   Thumb Code    28  init.o(.text)
    __scatterload_rt2                        0x080008f5   Thumb Code     0  init.o(.text)
    __aeabi_lasr                             0x08000919   Thumb Code    36  llsshr.o(.text)
    _ll_sshift_r                             0x08000919   Thumb Code     0  llsshr.o(.text)
    ADC1_2_IRQHandler                        0x0800093d   Thumb Code     6  stm32g4xx_it.o(i.ADC1_2_IRQHandler)
    ADC_Disable                              0x08000949   Thumb Code   106  stm32g4xx_hal_adc.o(i.ADC_Disable)
    ADC_Enable                               0x080009b9   Thumb Code   110  stm32g4xx_hal_adc.o(i.ADC_Enable)
    BusFault_Handler                         0x08000a2d   Thumb Code     2  stm32g4xx_it.o(i.BusFault_Handler)
    COMP1_2_3_IRQHandler                     0x08000a31   Thumb Code     6  stm32g4xx_it.o(i.COMP1_2_3_IRQHandler)
    DMA2_Channel1_IRQHandler                 0x08000a3d   Thumb Code     6  stm32g4xx_it.o(i.DMA2_Channel1_IRQHandler)
    DebugMon_Handler                         0x08000aeb   Thumb Code     2  stm32g4xx_it.o(i.DebugMon_Handler)
    Delay_LCD                                0x08000aed   Thumb Code    28  lcd.o(i.Delay_LCD)
    EXTI0_IRQHandler                         0x08000b09   Thumb Code     6  stm32g4xx_it.o(i.EXTI0_IRQHandler)
    EXTI1_IRQHandler                         0x08000b0f   Thumb Code     6  stm32g4xx_it.o(i.EXTI1_IRQHandler)
    EXTI2_IRQHandler                         0x08000b15   Thumb Code     6  stm32g4xx_it.o(i.EXTI2_IRQHandler)
    Error_Handler                            0x08000b1b   Thumb Code     4  main.o(i.Error_Handler)
    HAL_ADCEx_Calibration_Start              0x08000b21   Thumb Code   138  stm32g4xx_hal_adc_ex.o(i.HAL_ADCEx_Calibration_Start)
    HAL_ADCEx_EndOfSamplingCallback          0x08000bb5   Thumb Code     2  stm32g4xx_hal_adc_ex.o(i.HAL_ADCEx_EndOfSamplingCallback)
    HAL_ADCEx_InjectedConvCpltCallback       0x08000bb7   Thumb Code     2  stm32g4xx_hal_adc_ex.o(i.HAL_ADCEx_InjectedConvCpltCallback)
    HAL_ADCEx_InjectedQueueOverflowCallback  0x08000bb9   Thumb Code     2  stm32g4xx_hal_adc_ex.o(i.HAL_ADCEx_InjectedQueueOverflowCallback)
    HAL_ADCEx_LevelOutOfWindow2Callback      0x08000bbb   Thumb Code     2  stm32g4xx_hal_adc_ex.o(i.HAL_ADCEx_LevelOutOfWindow2Callback)
    HAL_ADCEx_LevelOutOfWindow3Callback      0x08000bbd   Thumb Code     2  stm32g4xx_hal_adc_ex.o(i.HAL_ADCEx_LevelOutOfWindow3Callback)
    HAL_ADC_ConfigChannel                    0x08000bc1   Thumb Code   998  stm32g4xx_hal_adc.o(i.HAL_ADC_ConfigChannel)
    HAL_ADC_ConvCpltCallback                 0x08000fd9   Thumb Code    46  main.o(i.HAL_ADC_ConvCpltCallback)
    HAL_ADC_ErrorCallback                    0x08001015   Thumb Code     2  stm32g4xx_hal_adc.o(i.HAL_ADC_ErrorCallback)
    HAL_ADC_GetValue                         0x08001017   Thumb Code     6  stm32g4xx_hal_adc.o(i.HAL_ADC_GetValue)
    HAL_ADC_IRQHandler                       0x0800101d   Thumb Code   612  stm32g4xx_hal_adc.o(i.HAL_ADC_IRQHandler)
    HAL_ADC_Init                             0x08001289   Thumb Code   476  stm32g4xx_hal_adc.o(i.HAL_ADC_Init)
    HAL_ADC_LevelOutOfWindowCallback         0x08001485   Thumb Code     2  stm32g4xx_hal_adc.o(i.HAL_ADC_LevelOutOfWindowCallback)
    HAL_ADC_MspInit                          0x08001489   Thumb Code   126  adc.o(i.HAL_ADC_MspInit)
    HAL_ADC_Start_IT                         0x08001511   Thumb Code   362  stm32g4xx_hal_adc.o(i.HAL_ADC_Start_IT)
    HAL_COMP_GetOutputLevel                  0x08001689   Thumb Code    10  stm32g4xx_hal_comp.o(i.HAL_COMP_GetOutputLevel)
    HAL_COMP_IRQHandler                      0x08001695   Thumb Code    64  stm32g4xx_hal_comp.o(i.HAL_COMP_IRQHandler)
    HAL_COMP_Init                            0x080016dd   Thumb Code   266  stm32g4xx_hal_comp.o(i.HAL_COMP_Init)
    HAL_COMP_MspInit                         0x08001801   Thumb Code   122  comp.o(i.HAL_COMP_MspInit)
    HAL_COMP_Start                           0x08001885   Thumb Code    68  stm32g4xx_hal_comp.o(i.HAL_COMP_Start)
    HAL_COMP_TriggerCallback                 0x080018d1   Thumb Code    44  main.o(i.HAL_COMP_TriggerCallback)
    HAL_DMA_Abort                            0x08001909   Thumb Code   106  stm32g4xx_hal_dma.o(i.HAL_DMA_Abort)
    HAL_DMA_Abort_IT                         0x08001973   Thumb Code   120  stm32g4xx_hal_dma.o(i.HAL_DMA_Abort_IT)
    HAL_DMA_IRQHandler                       0x080019eb   Thumb Code   186  stm32g4xx_hal_dma.o(i.HAL_DMA_IRQHandler)
    HAL_DMA_Init                             0x08001aa5   Thumb Code   178  stm32g4xx_hal_dma.o(i.HAL_DMA_Init)
    HAL_DMA_Start_IT                         0x08001b65   Thumb Code   140  stm32g4xx_hal_dma.o(i.HAL_DMA_Start_IT)
    HAL_Delay                                0x08001bf1   Thumb Code    32  stm32g4xx_hal.o(i.HAL_Delay)
    HAL_GPIO_EXTI_Callback                   0x08001c15   Thumb Code   142  main.o(i.HAL_GPIO_EXTI_Callback)
    HAL_GPIO_EXTI_IRQHandler                 0x08001cad   Thumb Code    18  stm32g4xx_hal_gpio.o(i.HAL_GPIO_EXTI_IRQHandler)
    HAL_GPIO_Init                            0x08001cc5   Thumb Code   550  stm32g4xx_hal_gpio.o(i.HAL_GPIO_Init)
    HAL_GPIO_ReadPin                         0x08001f0d   Thumb Code    10  stm32g4xx_hal_gpio.o(i.HAL_GPIO_ReadPin)
    HAL_GPIO_WritePin                        0x08001f17   Thumb Code    10  stm32g4xx_hal_gpio.o(i.HAL_GPIO_WritePin)
    HAL_GetTick                              0x08001f21   Thumb Code     6  stm32g4xx_hal.o(i.HAL_GetTick)
    HAL_IncTick                              0x08001f2d   Thumb Code    12  stm32g4xx_hal.o(i.HAL_IncTick)
    HAL_Init                                 0x08001f3d   Thumb Code    30  stm32g4xx_hal.o(i.HAL_Init)
    HAL_InitTick                             0x08001f5d   Thumb Code    58  stm32g4xx_hal.o(i.HAL_InitTick)
    HAL_MspInit                              0x08001fa1   Thumb Code    42  stm32g4xx_hal_msp.o(i.HAL_MspInit)
    HAL_NVIC_EnableIRQ                       0x08001fd1   Thumb Code    26  stm32g4xx_hal_cortex.o(i.HAL_NVIC_EnableIRQ)
    HAL_NVIC_SetPriority                     0x08001fed   Thumb Code    60  stm32g4xx_hal_cortex.o(i.HAL_NVIC_SetPriority)
    HAL_NVIC_SetPriorityGrouping             0x0800202d   Thumb Code    26  stm32g4xx_hal_cortex.o(i.HAL_NVIC_SetPriorityGrouping)
    HAL_PWREx_ControlVoltageScaling          0x08002051   Thumb Code   174  stm32g4xx_hal_pwr_ex.o(i.HAL_PWREx_ControlVoltageScaling)
    HAL_PWREx_DisableUCPDDeadBattery         0x0800210d   Thumb Code    12  stm32g4xx_hal_pwr_ex.o(i.HAL_PWREx_DisableUCPDDeadBattery)
    HAL_RCCEx_PeriphCLKConfig                0x0800211d   Thumb Code   638  stm32g4xx_hal_rcc_ex.o(i.HAL_RCCEx_PeriphCLKConfig)
    HAL_RCC_ClockConfig                      0x080023a5   Thumb Code   444  stm32g4xx_hal_rcc.o(i.HAL_RCC_ClockConfig)
    HAL_RCC_GetPCLK1Freq                     0x08002581   Thumb Code    24  stm32g4xx_hal_rcc.o(i.HAL_RCC_GetPCLK1Freq)
    HAL_RCC_GetPCLK2Freq                     0x080025a5   Thumb Code    24  stm32g4xx_hal_rcc.o(i.HAL_RCC_GetPCLK2Freq)
    HAL_RCC_GetSysClockFreq                  0x080025c9   Thumb Code    98  stm32g4xx_hal_rcc.o(i.HAL_RCC_GetSysClockFreq)
    HAL_RCC_OscConfig                        0x08002635   Thumb Code  1036  stm32g4xx_hal_rcc.o(i.HAL_RCC_OscConfig)
    HAL_SYSTICK_Config                       0x08002a41   Thumb Code    40  stm32g4xx_hal_cortex.o(i.HAL_SYSTICK_Config)
    HAL_TIMEx_Break2Callback                 0x08002a69   Thumb Code     2  stm32g4xx_hal_tim_ex.o(i.HAL_TIMEx_Break2Callback)
    HAL_TIMEx_BreakCallback                  0x08002a6b   Thumb Code     2  stm32g4xx_hal_tim_ex.o(i.HAL_TIMEx_BreakCallback)
    HAL_TIMEx_CommutCallback                 0x08002a6d   Thumb Code     2  stm32g4xx_hal_tim_ex.o(i.HAL_TIMEx_CommutCallback)
    HAL_TIMEx_DirectionChangeCallback        0x08002a6f   Thumb Code     2  stm32g4xx_hal_tim_ex.o(i.HAL_TIMEx_DirectionChangeCallback)
    HAL_TIMEx_EncoderIndexCallback           0x08002a71   Thumb Code     2  stm32g4xx_hal_tim_ex.o(i.HAL_TIMEx_EncoderIndexCallback)
    HAL_TIMEx_IndexErrorCallback             0x08002a73   Thumb Code     2  stm32g4xx_hal_tim_ex.o(i.HAL_TIMEx_IndexErrorCallback)
    HAL_TIMEx_MasterConfigSynchronization    0x08002a75   Thumb Code   132  stm32g4xx_hal_tim_ex.o(i.HAL_TIMEx_MasterConfigSynchronization)
    HAL_TIMEx_TISelection                    0x08002b11   Thumb Code   126  stm32g4xx_hal_tim_ex.o(i.HAL_TIMEx_TISelection)
    HAL_TIMEx_TransitionErrorCallback        0x08002b99   Thumb Code     2  stm32g4xx_hal_tim_ex.o(i.HAL_TIMEx_TransitionErrorCallback)
    HAL_TIM_Base_Init                        0x08002b9b   Thumb Code    98  stm32g4xx_hal_tim.o(i.HAL_TIM_Base_Init)
    HAL_TIM_Base_MspInit                     0x08002bfd   Thumb Code   280  tim.o(i.HAL_TIM_Base_MspInit)
    HAL_TIM_Base_Start                       0x08002d25   Thumb Code    84  stm32g4xx_hal_tim.o(i.HAL_TIM_Base_Start)
    HAL_TIM_Base_Start_IT                    0x08002d91   Thumb Code    94  stm32g4xx_hal_tim.o(i.HAL_TIM_Base_Start_IT)
    HAL_TIM_ConfigClockSource                0x08002e09   Thumb Code   246  stm32g4xx_hal_tim.o(i.HAL_TIM_ConfigClockSource)
    HAL_TIM_IC_CaptureCallback               0x08002f09   Thumb Code   142  main.o(i.HAL_TIM_IC_CaptureCallback)
    HAL_TIM_IC_ConfigChannel                 0x08002fb5   Thumb Code   286  stm32g4xx_hal_tim.o(i.HAL_TIM_IC_ConfigChannel)
    HAL_TIM_IC_Init                          0x080030d3   Thumb Code    98  stm32g4xx_hal_tim.o(i.HAL_TIM_IC_Init)
    HAL_TIM_IC_MspInit                       0x08003135   Thumb Code     2  stm32g4xx_hal_tim.o(i.HAL_TIM_IC_MspInit)
    HAL_TIM_IC_Start_IT                      0x08003139   Thumb Code   274  stm32g4xx_hal_tim.o(i.HAL_TIM_IC_Start_IT)
    HAL_TIM_IRQHandler                       0x08003265   Thumb Code   508  stm32g4xx_hal_tim.o(i.HAL_TIM_IRQHandler)
    HAL_TIM_OC_DelayElapsedCallback          0x08003461   Thumb Code     2  stm32g4xx_hal_tim.o(i.HAL_TIM_OC_DelayElapsedCallback)
    HAL_TIM_PWM_PulseFinishedCallback        0x08003463   Thumb Code     2  stm32g4xx_hal_tim.o(i.HAL_TIM_PWM_PulseFinishedCallback)
    HAL_TIM_PeriodElapsedCallback            0x08003465   Thumb Code    16  main.o(i.HAL_TIM_PeriodElapsedCallback)
    HAL_TIM_ReadCapturedValue                0x0800347d   Thumb Code    42  stm32g4xx_hal_tim.o(i.HAL_TIM_ReadCapturedValue)
    HAL_TIM_SlaveConfigSynchro               0x080034a7   Thumb Code    86  stm32g4xx_hal_tim.o(i.HAL_TIM_SlaveConfigSynchro)
    HAL_TIM_TriggerCallback                  0x080034fd   Thumb Code     2  stm32g4xx_hal_tim.o(i.HAL_TIM_TriggerCallback)
    HAL_UARTEx_DisableFifoMode               0x080034ff   Thumb Code    62  stm32g4xx_hal_uart_ex.o(i.HAL_UARTEx_DisableFifoMode)
    HAL_UARTEx_ReceiveToIdle_DMA             0x0800353d   Thumb Code    82  stm32g4xx_hal_uart_ex.o(i.HAL_UARTEx_ReceiveToIdle_DMA)
    HAL_UARTEx_RxEventCallback               0x08003591   Thumb Code   464  main.o(i.HAL_UARTEx_RxEventCallback)
    HAL_UARTEx_RxFifoFullCallback            0x080037c9   Thumb Code     2  stm32g4xx_hal_uart_ex.o(i.HAL_UARTEx_RxFifoFullCallback)
    HAL_UARTEx_SetRxFifoThreshold            0x080037cb   Thumb Code    76  stm32g4xx_hal_uart_ex.o(i.HAL_UARTEx_SetRxFifoThreshold)
    HAL_UARTEx_SetTxFifoThreshold            0x08003817   Thumb Code    76  stm32g4xx_hal_uart_ex.o(i.HAL_UARTEx_SetTxFifoThreshold)
    HAL_UARTEx_TxFifoEmptyCallback           0x08003863   Thumb Code     2  stm32g4xx_hal_uart_ex.o(i.HAL_UARTEx_TxFifoEmptyCallback)
    HAL_UARTEx_WakeupCallback                0x08003865   Thumb Code     2  stm32g4xx_hal_uart_ex.o(i.HAL_UARTEx_WakeupCallback)
    HAL_UART_ErrorCallback                   0x08003867   Thumb Code     2  stm32g4xx_hal_uart.o(i.HAL_UART_ErrorCallback)
    HAL_UART_IRQHandler                      0x08003869   Thumb Code   722  stm32g4xx_hal_uart.o(i.HAL_UART_IRQHandler)
    HAL_UART_Init                            0x08003b49   Thumb Code   106  stm32g4xx_hal_uart.o(i.HAL_UART_Init)
    HAL_UART_MspInit                         0x08003bb5   Thumb Code   174  usart.o(i.HAL_UART_MspInit)
    HAL_UART_RxCpltCallback                  0x08003c75   Thumb Code     2  stm32g4xx_hal_uart.o(i.HAL_UART_RxCpltCallback)
    HAL_UART_RxHalfCpltCallback              0x08003c77   Thumb Code     2  stm32g4xx_hal_uart.o(i.HAL_UART_RxHalfCpltCallback)
    HAL_UART_Transmit                        0x08003c79   Thumb Code   188  stm32g4xx_hal_uart.o(i.HAL_UART_Transmit)
    HAL_UART_TxCpltCallback                  0x08003d35   Thumb Code     2  stm32g4xx_hal_uart.o(i.HAL_UART_TxCpltCallback)
    HardFault_Handler                        0x08003d37   Thumb Code     2  stm32g4xx_it.o(i.HardFault_Handler)
    LCD_BusIn                                0x08003d39   Thumb Code    40  lcd.o(i.LCD_BusIn)
    LCD_BusOut                               0x08003d65   Thumb Code    42  lcd.o(i.LCD_BusOut)
    LCD_Clear                                0x08003d95   Thumb Code    36  lcd.o(i.LCD_Clear)
    LCD_CtrlLinesConfig                      0x08003db9   Thumb Code   136  lcd.o(i.LCD_CtrlLinesConfig)
    LCD_DisplayChar                          0x08003e49   Thumb Code    18  lcd.o(i.LCD_DisplayChar)
    LCD_DisplayStringLine                    0x08003e61   Thumb Code    42  lcd.o(i.LCD_DisplayStringLine)
    LCD_DrawChar                             0x08003e8d   Thumb Code    84  lcd.o(i.LCD_DrawChar)
    LCD_Init                                 0x08003ee5   Thumb Code    46  lcd.o(i.LCD_Init)
    LCD_ReadReg                              0x08003f19   Thumb Code   120  lcd.o(i.LCD_ReadReg)
    LCD_SetBackColor                         0x08003f99   Thumb Code    12  lcd.o(i.LCD_SetBackColor)
    LCD_SetCursor                            0x08003fa9   Thumb Code    24  lcd.o(i.LCD_SetCursor)
    LCD_SetTextColor                         0x08003fc1   Thumb Code    12  lcd.o(i.LCD_SetTextColor)
    LCD_WriteRAM                             0x08003fd1   Thumb Code    80  lcd.o(i.LCD_WriteRAM)
    LCD_WriteRAM_Prepare                     0x08004029   Thumb Code    82  lcd.o(i.LCD_WriteRAM_Prepare)
    LCD_WriteReg                             0x08004085   Thumb Code   100  lcd.o(i.LCD_WriteReg)
    MX_ADC2_Init                             0x0800414d   Thumb Code   110  adc.o(i.MX_ADC2_Init)
    MX_COMP2_Init                            0x080041c9   Thumb Code    46  comp.o(i.MX_COMP2_Init)
    MX_COMP3_Init                            0x08004201   Thumb Code    44  comp.o(i.MX_COMP3_Init)
    MX_DMA_Init                              0x08004239   Thumb Code    56  dma.o(i.MX_DMA_Init)
    MX_GPIO_Init                             0x08004275   Thumb Code   270  gpio.o(i.MX_GPIO_Init)
    MX_TIM15_Init                            0x08004395   Thumb Code   100  tim.o(i.MX_TIM15_Init)
    MX_TIM2_Init                             0x08004401   Thumb Code   176  tim.o(i.MX_TIM2_Init)
    MX_TIM3_Init                             0x080044b9   Thumb Code   198  tim.o(i.MX_TIM3_Init)
    MX_TIM4_Init                             0x08004589   Thumb Code   214  tim.o(i.MX_TIM4_Init)
    MX_USART1_UART_Init                      0x08004669   Thumb Code    94  usart.o(i.MX_USART1_UART_Init)
    MemManage_Handler                        0x080046d1   Thumb Code     2  stm32g4xx_it.o(i.MemManage_Handler)
    NMI_Handler                              0x080046d3   Thumb Code     2  stm32g4xx_it.o(i.NMI_Handler)
    PendSV_Handler                           0x080046d5   Thumb Code     2  stm32g4xx_it.o(i.PendSV_Handler)
    REG_8230_Init                            0x080046d7   Thumb Code   274  lcd.o(i.REG_8230_Init)
    REG_932X_Init                            0x080047e9   Thumb Code   514  lcd.o(i.REG_932X_Init)
    SVC_Handler                              0x080049eb   Thumb Code     2  stm32g4xx_it.o(i.SVC_Handler)
    SysTick_Handler                          0x080049ed   Thumb Code     4  stm32g4xx_it.o(i.SysTick_Handler)
    SystemClock_Config                       0x080049f1   Thumb Code   108  main.o(i.SystemClock_Config)
    SystemInit                               0x08004a5d   Thumb Code    12  system_stm32g4xx.o(i.SystemInit)
    TIM1_BRK_TIM15_IRQHandler                0x08004a6d   Thumb Code     6  stm32g4xx_it.o(i.TIM1_BRK_TIM15_IRQHandler)
    TIM2_IRQHandler                          0x08004a79   Thumb Code     6  stm32g4xx_it.o(i.TIM2_IRQHandler)
    TIM3_IRQHandler                          0x08004a85   Thumb Code     6  stm32g4xx_it.o(i.TIM3_IRQHandler)
    TIM4_IRQHandler                          0x08004a91   Thumb Code     6  stm32g4xx_it.o(i.TIM4_IRQHandler)
    TIM_Base_SetConfig                       0x08004a9d   Thumb Code   146  stm32g4xx_hal_tim.o(i.TIM_Base_SetConfig)
    TIM_CCxChannelCmd                        0x08004b4d   Thumb Code    26  stm32g4xx_hal_tim.o(i.TIM_CCxChannelCmd)
    TIM_ETR_SetConfig                        0x08004b67   Thumb Code    20  stm32g4xx_hal_tim.o(i.TIM_ETR_SetConfig)
    TIM_TI1_SetConfig                        0x08004c85   Thumb Code    88  stm32g4xx_hal_tim.o(i.TIM_TI1_SetConfig)
    UART_AdvFeatureConfig                    0x08004d91   Thumb Code   200  stm32g4xx_hal_uart.o(i.UART_AdvFeatureConfig)
    UART_CheckIdleState                      0x08004e59   Thumb Code    96  stm32g4xx_hal_uart.o(i.UART_CheckIdleState)
    UART_SetConfig                           0x08005041   Thumb Code   582  stm32g4xx_hal_uart.o(i.UART_SetConfig)
    UART_Start_Receive_DMA                   0x080052b5   Thumb Code   152  stm32g4xx_hal_uart.o(i.UART_Start_Receive_DMA)
    UART_WaitOnFlagUntilTimeout              0x08005359   Thumb Code   198  stm32g4xx_hal_uart.o(i.UART_WaitOnFlagUntilTimeout)
    USART1_IRQHandler                        0x08005421   Thumb Code     6  stm32g4xx_it.o(i.USART1_IRQHandler)
    UsageFault_Handler                       0x0800542d   Thumb Code     2  stm32g4xx_it.o(i.UsageFault_Handler)
    __0printf                                0x08005431   Thumb Code    22  printfa.o(i.__0printf)
    __1printf                                0x08005431   Thumb Code     0  printfa.o(i.__0printf)
    __2printf                                0x08005431   Thumb Code     0  printfa.o(i.__0printf)
    __c89printf                              0x08005431   Thumb Code     0  printfa.o(i.__0printf)
    printf                                   0x08005431   Thumb Code     0  printfa.o(i.__0printf)
    __0vsprintf                              0x08005451   Thumb Code    30  printfa.o(i.__0vsprintf)
    __1vsprintf                              0x08005451   Thumb Code     0  printfa.o(i.__0vsprintf)
    __2vsprintf                              0x08005451   Thumb Code     0  printfa.o(i.__0vsprintf)
    __c89vsprintf                            0x08005451   Thumb Code     0  printfa.o(i.__0vsprintf)
    vsprintf                                 0x08005451   Thumb Code     0  printfa.o(i.__0vsprintf)
    __scatterload_copy                       0x08005495   Thumb Code    14  handlers.o(i.__scatterload_copy)
    __scatterload_null                       0x080054a3   Thumb Code     2  handlers.o(i.__scatterload_null)
    __scatterload_zeroinit                   0x080054a5   Thumb Code    14  handlers.o(i.__scatterload_zeroinit)
    angleA                                   0x08005d71   Thumb Code    68  main.o(i.angleA)
    angleB                                   0x08005dc5   Thumb Code    68  main.o(i.angleB)
    cmp                                      0x08005e19   Thumb Code    40  main.o(i.cmp)
    format                                   0x08005e41   Thumb Code    32  main.o(i.format)
    fputc                                    0x08005e65   Thumb Code    20  main.o(i.fputc)
    free                                     0x08005e7d   Thumb Code    76  malloc.o(i.free)
    incPax                                   0x08005ecd   Thumb Code    40  main.o(i.incPax)
    incPbx                                   0x08005efd   Thumb Code    40  main.o(i.incPbx)
    incPf                                    0x08005f2d   Thumb Code    50  main.o(i.incPf)
    main                                     0x08005f69   Thumb Code   510  main.o(i.main)
    malloc                                   0x080061ad   Thumb Code    92  malloc.o(i.malloc)
    refreshAngle                             0x08006219   Thumb Code    58  main.o(i.refreshAngle)
    render                                   0x08006259   Thumb Code    80  main.o(i.render)
    updA                                     0x080062cd   Thumb Code    36  main.o(i.updA)
    updAx                                    0x080062f9   Thumb Code    24  main.o(i.updAx)
    updB                                     0x08006319   Thumb Code    36  main.o(i.updB)
    updBx                                    0x08006345   Thumb Code    24  main.o(i.updBx)
    updF                                     0x08006365   Thumb Code    24  main.o(i.updF)
    updMode                                  0x08006385   Thumb Code    26  main.o(i.updMode)
    ASCII_Table                              0x080063a8   Data        4560  lcd.o(.constdata)
    UARTPrescTable                           0x08007578   Data          24  stm32g4xx_hal_uart.o(.constdata)
    AHBPrescTable                            0x080075a0   Data          16  system_stm32g4xx.o(.constdata)
    APBPrescTable                            0x080075b0   Data           8  system_stm32g4xx.o(.constdata)
    Region$$Table$$Base                      0x08007648   Number         0  anon$$obj.o(Region$$Table)
    Region$$Table$$Limit                     0x08007668   Number         0  anon$$obj.o(Region$$Table)
    dummy                                    0x20000004   Data           2  lcd.o(.data)
    paraPage                                 0x20000008   Data           1  main.o(.data)
    modeB                                    0x20000009   Data           1  main.o(.data)
    rf                                       0x2000000a   Data           1  main.o(.data)
    ra                                       0x2000000b   Data           1  main.o(.data)
    rb                                       0x2000000c   Data           1  main.o(.data)
    a                                        0x20000010   Data           4  main.o(.data)
    b                                        0x20000014   Data           4  main.o(.data)
    da                                       0x20000018   Data           4  main.o(.data)
    db                                       0x2000001c   Data           4  main.o(.data)
    ax                                       0x20000020   Data           4  main.o(.data)
    bx                                       0x20000024   Data           4  main.o(.data)
    pax                                      0x20000028   Data           4  main.o(.data)
    pbx                                      0x2000002c   Data           4  main.o(.data)
    pf                                       0x20000030   Data           4  main.o(.data)
    f                                        0x20000034   Data           4  main.o(.data)
    adcIn                                    0x20000038   Data           4  main.o(.data)
    irA                                      0x2000003c   Data           4  main.o(.data)
    irB                                      0x20000040   Data           4  main.o(.data)
    uwTickPrio                               0x20000044   Data           4  stm32g4xx_hal.o(.data)
    uwTickFreq                               0x20000048   Data           4  stm32g4xx_hal.o(.data)
    uwTick                                   0x2000004c   Data           4  stm32g4xx_hal.o(.data)
    SystemCoreClock                          0x20000050   Data           4  system_stm32g4xx.o(.data)
    __stdout                                 0x20000054   Data           4  stdout.o(.data)
    __microlib_freelist                      0x20000058   Data           4  mvars.o(.data)
    __microlib_freelist_initialised          0x2000005c   Data           4  mvars.o(.data)
    fmtBuf                                   0x20000060   Data          32  main.o(.bss)
    rxBuf                                    0x20000080   Data          32  main.o(.bss)
    recA                                     0x200000a0   Data          20  main.o(.bss)
    recB                                     0x200000b4   Data          20  main.o(.bss)
    hadc2                                    0x200000c8   Data         108  adc.o(.bss)
    hcomp2                                   0x20000134   Data          36  comp.o(.bss)
    hcomp3                                   0x20000158   Data          36  comp.o(.bss)
    htim2                                    0x2000017c   Data          76  tim.o(.bss)
    htim3                                    0x200001c8   Data          76  tim.o(.bss)
    htim4                                    0x20000214   Data          76  tim.o(.bss)
    htim15                                   0x20000260   Data          76  tim.o(.bss)
    huart1                                   0x200002ac   Data         144  usart.o(.bss)
    hdma_usart1_rx                           0x2000033c   Data          96  usart.o(.bss)
    __heap_base                              0x200003a0   Data           0  startup_stm32g431xx.o(HEAP)
    __heap_limit                             0x200005a0   Data           0  startup_stm32g431xx.o(HEAP)
    __initial_sp                             0x200009a0   Data           0  startup_stm32g431xx.o(STACK)



==============================================================================

Memory Map of the image

  Image Entry point : 0x080001d9

  Load Region LR_IROM1 (Base: 0x08000000, Size: 0x000076c8, Max: 0x00020000, ABSOLUTE)

    Execution Region ER_IROM1 (Exec base: 0x08000000, Load base: 0x08000000, Size: 0x00007668, Max: 0x00020000, ABSOLUTE)

    Exec Addr    Load Addr    Size         Type   Attr      Idx    E Section Name        Object

    0x08000000   0x08000000   0x000001d8   Data   RO            3    RESET               startup_stm32g431xx.o
    0x080001d8   0x080001d8   0x00000000   Code   RO         4697  * .ARM.Collect$$$$00000000  mc_w.l(entry.o)
    0x080001d8   0x080001d8   0x00000004   Code   RO         5009    .ARM.Collect$$$$00000001  mc_w.l(entry2.o)
    0x080001dc   0x080001dc   0x00000004   Code   RO         5012    .ARM.Collect$$$$00000004  mc_w.l(entry5.o)
    0x080001e0   0x080001e0   0x00000000   Code   RO         5014    .ARM.Collect$$$$00000008  mc_w.l(entry7b.o)
    0x080001e0   0x080001e0   0x00000000   Code   RO         5016    .ARM.Collect$$$$0000000A  mc_w.l(entry8b.o)
    0x080001e0   0x080001e0   0x00000008   Code   RO         5017    .ARM.Collect$$$$0000000B  mc_w.l(entry9a.o)
    0x080001e8   0x080001e8   0x00000000   Code   RO         5019    .ARM.Collect$$$$0000000D  mc_w.l(entry10a.o)
    0x080001e8   0x080001e8   0x00000000   Code   RO         5021    .ARM.Collect$$$$0000000F  mc_w.l(entry11a.o)
    0x080001e8   0x080001e8   0x00000004   Code   RO         5010    .ARM.Collect$$$$00002712  mc_w.l(entry2.o)
    0x080001ec   0x080001ec   0x00000024   Code   RO            4    .text               startup_stm32g431xx.o
    0x08000210   0x08000210   0x00000062   Code   RO         4700    .text               mc_w.l(uldiv.o)
    0x08000272   0x08000272   0x0000009c   Code   RO         4702    .text               mc_w.l(qsort.o)
    0x0800030e   0x0800030e   0x00000024   Code   RO         4704    .text               mc_w.l(memcpya.o)
    0x08000332   0x08000332   0x00000024   Code   RO         4706    .text               mc_w.l(memseta.o)
    0x08000356   0x08000356   0x0000001c   Code   RO         4708    .text               mc_w.l(strcmp.o)
    0x08000372   0x08000372   0x000000de   Code   RO         5001    .text               mf_w.l(ddiv.o)
    0x08000450   0x08000450   0x00000022   Code   RO         5003    .text               mf_w.l(dflti.o)
    0x08000472   0x08000472   0x00000026   Code   RO         5005    .text               mf_w.l(f2d.o)
    0x08000498   0x08000498   0x00000038   Code   RO         5007    .text               mf_w.l(d2f.o)
    0x080004d0   0x080004d0   0x0000002c   Code   RO         5024    .text               mc_w.l(uidiv.o)
    0x080004fc   0x080004fc   0x0000001e   Code   RO         5026    .text               mc_w.l(llshl.o)
    0x0800051a   0x0800051a   0x00000020   Code   RO         5028    .text               mc_w.l(llushr.o)
    0x0800053a   0x0800053a   0x00000000   Code   RO         5032    .text               mc_w.l(iusefp.o)
    0x0800053a   0x0800053a   0x0000006e   Code   RO         5033    .text               mf_w.l(fepilogue.o)
    0x080005a8   0x080005a8   0x000000ba   Code   RO         5035    .text               mf_w.l(depilogue.o)
    0x08000662   0x08000662   0x0000014e   Code   RO         5037    .text               mf_w.l(dadd.o)
    0x080007b0   0x080007b0   0x000000e4   Code   RO         5039    .text               mf_w.l(dmul.o)
    0x08000894   0x08000894   0x00000030   Code   RO         5041    .text               mf_w.l(dfixul.o)
    0x080008c4   0x080008c4   0x00000030   Code   RO         5043    .text               mf_w.l(cdrcmple.o)
    0x080008f4   0x080008f4   0x00000024   Code   RO         5045    .text               mc_w.l(init.o)
    0x08000918   0x08000918   0x00000024   Code   RO         5047    .text               mc_w.l(llsshr.o)
    0x0800093c   0x0800093c   0x0000000c   Code   RO          804    i.ADC1_2_IRQHandler  stm32g4xx_it.o
    0x08000948   0x08000948   0x00000070   Code   RO          974    i.ADC_Disable       stm32g4xx_hal_adc.o
    0x080009b8   0x080009b8   0x00000074   Code   RO          975    i.ADC_Enable        stm32g4xx_hal_adc.o
    0x08000a2c   0x08000a2c   0x00000002   Code   RO          805    i.BusFault_Handler  stm32g4xx_it.o
    0x08000a2e   0x08000a2e   0x00000002   PAD
    0x08000a30   0x08000a30   0x0000000c   Code   RO          806    i.COMP1_2_3_IRQHandler  stm32g4xx_it.o
    0x08000a3c   0x08000a3c   0x0000000c   Code   RO          807    i.DMA2_Channel1_IRQHandler  stm32g4xx_it.o
    0x08000a48   0x08000a48   0x00000040   Code   RO         2250    i.DMA_CalcDMAMUXChannelBaseAndMask  stm32g4xx_hal_dma.o
    0x08000a88   0x08000a88   0x00000024   Code   RO         2251    i.DMA_CalcDMAMUXRequestGenBaseAndMask  stm32g4xx_hal_dma.o
    0x08000aac   0x08000aac   0x0000003e   Code   RO         2252    i.DMA_SetConfig     stm32g4xx_hal_dma.o
    0x08000aea   0x08000aea   0x00000002   Code   RO          808    i.DebugMon_Handler  stm32g4xx_it.o
    0x08000aec   0x08000aec   0x0000001c   Code   RO           13    i.Delay_LCD         lcd.o
    0x08000b08   0x08000b08   0x00000006   Code   RO          809    i.EXTI0_IRQHandler  stm32g4xx_it.o
    0x08000b0e   0x08000b0e   0x00000006   Code   RO          810    i.EXTI1_IRQHandler  stm32g4xx_it.o
    0x08000b14   0x08000b14   0x00000006   Code   RO          811    i.EXTI2_IRQHandler  stm32g4xx_it.o
    0x08000b1a   0x08000b1a   0x00000004   Code   RO          339    i.Error_Handler     main.o
    0x08000b1e   0x08000b1e   0x00000002   PAD
    0x08000b20   0x08000b20   0x00000094   Code   RO         1208    i.HAL_ADCEx_Calibration_Start  stm32g4xx_hal_adc_ex.o
    0x08000bb4   0x08000bb4   0x00000002   Code   RO         1212    i.HAL_ADCEx_EndOfSamplingCallback  stm32g4xx_hal_adc_ex.o
    0x08000bb6   0x08000bb6   0x00000002   Code   RO         1215    i.HAL_ADCEx_InjectedConvCpltCallback  stm32g4xx_hal_adc_ex.o
    0x08000bb8   0x08000bb8   0x00000002   Code   RO         1218    i.HAL_ADCEx_InjectedQueueOverflowCallback  stm32g4xx_hal_adc_ex.o
    0x08000bba   0x08000bba   0x00000002   Code   RO         1223    i.HAL_ADCEx_LevelOutOfWindow2Callback  stm32g4xx_hal_adc_ex.o
    0x08000bbc   0x08000bbc   0x00000002   Code   RO         1224    i.HAL_ADCEx_LevelOutOfWindow3Callback  stm32g4xx_hal_adc_ex.o
    0x08000bbe   0x08000bbe   0x00000002   PAD
    0x08000bc0   0x08000bc0   0x00000418   Code   RO          977    i.HAL_ADC_ConfigChannel  stm32g4xx_hal_adc.o
    0x08000fd8   0x08000fd8   0x0000003c   Code   RO          340    i.HAL_ADC_ConvCpltCallback  main.o
    0x08001014   0x08001014   0x00000002   Code   RO          981    i.HAL_ADC_ErrorCallback  stm32g4xx_hal_adc.o
    0x08001016   0x08001016   0x00000006   Code   RO          984    i.HAL_ADC_GetValue  stm32g4xx_hal_adc.o
    0x0800101c   0x0800101c   0x0000026c   Code   RO          985    i.HAL_ADC_IRQHandler  stm32g4xx_hal_adc.o
    0x08001288   0x08001288   0x000001fc   Code   RO          986    i.HAL_ADC_Init      stm32g4xx_hal_adc.o
    0x08001484   0x08001484   0x00000002   Code   RO          987    i.HAL_ADC_LevelOutOfWindowCallback  stm32g4xx_hal_adc.o
    0x08001486   0x08001486   0x00000002   PAD
    0x08001488   0x08001488   0x00000088   Code   RO          589    i.HAL_ADC_MspInit   adc.o
    0x08001510   0x08001510   0x00000178   Code   RO          995    i.HAL_ADC_Start_IT  stm32g4xx_hal_adc.o
    0x08001688   0x08001688   0x0000000a   Code   RO         2894    i.HAL_COMP_GetOutputLevel  stm32g4xx_hal_comp.o
    0x08001692   0x08001692   0x00000002   PAD
    0x08001694   0x08001694   0x00000048   Code   RO         2896    i.HAL_COMP_IRQHandler  stm32g4xx_hal_comp.o
    0x080016dc   0x080016dc   0x00000124   Code   RO         2897    i.HAL_COMP_Init     stm32g4xx_hal_comp.o
    0x08001800   0x08001800   0x00000084   Code   RO          631    i.HAL_COMP_MspInit  comp.o
    0x08001884   0x08001884   0x0000004c   Code   RO         2901    i.HAL_COMP_Start    stm32g4xx_hal_comp.o
    0x080018d0   0x080018d0   0x00000038   Code   RO          341    i.HAL_COMP_TriggerCallback  main.o
    0x08001908   0x08001908   0x0000006a   Code   RO         2253    i.HAL_DMA_Abort     stm32g4xx_hal_dma.o
    0x08001972   0x08001972   0x00000078   Code   RO         2254    i.HAL_DMA_Abort_IT  stm32g4xx_hal_dma.o
    0x080019ea   0x080019ea   0x000000ba   Code   RO         2258    i.HAL_DMA_IRQHandler  stm32g4xx_hal_dma.o
    0x08001aa4   0x08001aa4   0x000000c0   Code   RO         2259    i.HAL_DMA_Init      stm32g4xx_hal_dma.o
    0x08001b64   0x08001b64   0x0000008c   Code   RO         2263    i.HAL_DMA_Start_IT  stm32g4xx_hal_dma.o
    0x08001bf0   0x08001bf0   0x00000024   Code   RO         1424    i.HAL_Delay         stm32g4xx_hal.o
    0x08001c14   0x08001c14   0x00000098   Code   RO          342    i.HAL_GPIO_EXTI_Callback  main.o
    0x08001cac   0x08001cac   0x00000018   Code   RO         2114    i.HAL_GPIO_EXTI_IRQHandler  stm32g4xx_hal_gpio.o
    0x08001cc4   0x08001cc4   0x00000248   Code   RO         2115    i.HAL_GPIO_Init     stm32g4xx_hal_gpio.o
    0x08001f0c   0x08001f0c   0x0000000a   Code   RO         2117    i.HAL_GPIO_ReadPin  stm32g4xx_hal_gpio.o
    0x08001f16   0x08001f16   0x0000000a   Code   RO         2119    i.HAL_GPIO_WritePin  stm32g4xx_hal_gpio.o
    0x08001f20   0x08001f20   0x0000000c   Code   RO         1428    i.HAL_GetTick       stm32g4xx_hal.o
    0x08001f2c   0x08001f2c   0x00000010   Code   RO         1431    i.HAL_IncTick       stm32g4xx_hal.o
    0x08001f3c   0x08001f3c   0x0000001e   Code   RO         1432    i.HAL_Init          stm32g4xx_hal.o
    0x08001f5a   0x08001f5a   0x00000002   PAD
    0x08001f5c   0x08001f5c   0x00000044   Code   RO         1433    i.HAL_InitTick      stm32g4xx_hal.o
    0x08001fa0   0x08001fa0   0x00000030   Code   RO          946    i.HAL_MspInit       stm32g4xx_hal_msp.o
    0x08001fd0   0x08001fd0   0x0000001a   Code   RO         2762    i.HAL_NVIC_EnableIRQ  stm32g4xx_hal_cortex.o
    0x08001fea   0x08001fea   0x00000002   PAD
    0x08001fec   0x08001fec   0x00000040   Code   RO         2768    i.HAL_NVIC_SetPriority  stm32g4xx_hal_cortex.o
    0x0800202c   0x0800202c   0x00000024   Code   RO         2769    i.HAL_NVIC_SetPriorityGrouping  stm32g4xx_hal_cortex.o
    0x08002050   0x08002050   0x000000bc   Code   RO         2518    i.HAL_PWREx_ControlVoltageScaling  stm32g4xx_hal_pwr_ex.o
    0x0800210c   0x0800210c   0x00000010   Code   RO         2530    i.HAL_PWREx_DisableUCPDDeadBattery  stm32g4xx_hal_pwr_ex.o
    0x0800211c   0x0800211c   0x00000288   Code   RO         1777    i.HAL_RCCEx_PeriphCLKConfig  stm32g4xx_hal_rcc_ex.o
    0x080023a4   0x080023a4   0x000001dc   Code   RO         1652    i.HAL_RCC_ClockConfig  stm32g4xx_hal_rcc.o
    0x08002580   0x08002580   0x00000024   Code   RO         1660    i.HAL_RCC_GetPCLK1Freq  stm32g4xx_hal_rcc.o
    0x080025a4   0x080025a4   0x00000024   Code   RO         1661    i.HAL_RCC_GetPCLK2Freq  stm32g4xx_hal_rcc.o
    0x080025c8   0x080025c8   0x0000006c   Code   RO         1662    i.HAL_RCC_GetSysClockFreq  stm32g4xx_hal_rcc.o
    0x08002634   0x08002634   0x0000040c   Code   RO         1665    i.HAL_RCC_OscConfig  stm32g4xx_hal_rcc.o
    0x08002a40   0x08002a40   0x00000028   Code   RO         2773    i.HAL_SYSTICK_Config  stm32g4xx_hal_cortex.o
    0x08002a68   0x08002a68   0x00000002   Code   RO         3701    i.HAL_TIMEx_Break2Callback  stm32g4xx_hal_tim_ex.o
    0x08002a6a   0x08002a6a   0x00000002   Code   RO         3702    i.HAL_TIMEx_BreakCallback  stm32g4xx_hal_tim_ex.o
    0x08002a6c   0x08002a6c   0x00000002   Code   RO         3703    i.HAL_TIMEx_CommutCallback  stm32g4xx_hal_tim_ex.o
    0x08002a6e   0x08002a6e   0x00000002   Code   RO         3714    i.HAL_TIMEx_DirectionChangeCallback  stm32g4xx_hal_tim_ex.o
    0x08002a70   0x08002a70   0x00000002   Code   RO         3728    i.HAL_TIMEx_EncoderIndexCallback  stm32g4xx_hal_tim_ex.o
    0x08002a72   0x08002a72   0x00000002   Code   RO         3742    i.HAL_TIMEx_IndexErrorCallback  stm32g4xx_hal_tim_ex.o
    0x08002a74   0x08002a74   0x0000009c   Code   RO         3743    i.HAL_TIMEx_MasterConfigSynchronization  stm32g4xx_hal_tim_ex.o
    0x08002b10   0x08002b10   0x00000088   Code   RO         3763    i.HAL_TIMEx_TISelection  stm32g4xx_hal_tim_ex.o
    0x08002b98   0x08002b98   0x00000002   Code   RO         3764    i.HAL_TIMEx_TransitionErrorCallback  stm32g4xx_hal_tim_ex.o
    0x08002b9a   0x08002b9a   0x00000062   Code   RO         2987    i.HAL_TIM_Base_Init  stm32g4xx_hal_tim.o
    0x08002bfc   0x08002bfc   0x00000128   Code   RO          703    i.HAL_TIM_Base_MspInit  tim.o
    0x08002d24   0x08002d24   0x0000006c   Code   RO         2990    i.HAL_TIM_Base_Start  stm32g4xx_hal_tim.o
    0x08002d90   0x08002d90   0x00000078   Code   RO         2992    i.HAL_TIM_Base_Start_IT  stm32g4xx_hal_tim.o
    0x08002e08   0x08002e08   0x00000100   Code   RO         2996    i.HAL_TIM_ConfigClockSource  stm32g4xx_hal_tim.o
    0x08002f08   0x08002f08   0x000000ac   Code   RO          343    i.HAL_TIM_IC_CaptureCallback  main.o
    0x08002fb4   0x08002fb4   0x0000011e   Code   RO         3023    i.HAL_TIM_IC_ConfigChannel  stm32g4xx_hal_tim.o
    0x080030d2   0x080030d2   0x00000062   Code   RO         3026    i.HAL_TIM_IC_Init   stm32g4xx_hal_tim.o
    0x08003134   0x08003134   0x00000002   Code   RO         3028    i.HAL_TIM_IC_MspInit  stm32g4xx_hal_tim.o
    0x08003136   0x08003136   0x00000002   PAD
    0x08003138   0x08003138   0x0000012c   Code   RO         3031    i.HAL_TIM_IC_Start_IT  stm32g4xx_hal_tim.o
    0x08003264   0x08003264   0x000001fc   Code   RO         3035    i.HAL_TIM_IRQHandler  stm32g4xx_hal_tim.o
    0x08003460   0x08003460   0x00000002   Code   RO         3038    i.HAL_TIM_OC_DelayElapsedCallback  stm32g4xx_hal_tim.o
    0x08003462   0x08003462   0x00000002   Code   RO         3065    i.HAL_TIM_PWM_PulseFinishedCallback  stm32g4xx_hal_tim.o
    0x08003464   0x08003464   0x00000018   Code   RO          344    i.HAL_TIM_PeriodElapsedCallback  main.o
    0x0800347c   0x0800347c   0x0000002a   Code   RO         3075    i.HAL_TIM_ReadCapturedValue  stm32g4xx_hal_tim.o
    0x080034a6   0x080034a6   0x00000056   Code   RO         3076    i.HAL_TIM_SlaveConfigSynchro  stm32g4xx_hal_tim.o
    0x080034fc   0x080034fc   0x00000002   Code   RO         3078    i.HAL_TIM_TriggerCallback  stm32g4xx_hal_tim.o
    0x080034fe   0x080034fe   0x0000003e   Code   RO         4550    i.HAL_UARTEx_DisableFifoMode  stm32g4xx_hal_uart_ex.o
    0x0800353c   0x0800353c   0x00000052   Code   RO         4555    i.HAL_UARTEx_ReceiveToIdle_DMA  stm32g4xx_hal_uart_ex.o
    0x0800358e   0x0800358e   0x00000002   PAD
    0x08003590   0x08003590   0x00000238   Code   RO          345    i.HAL_UARTEx_RxEventCallback  main.o
    0x080037c8   0x080037c8   0x00000002   Code   RO         4557    i.HAL_UARTEx_RxFifoFullCallback  stm32g4xx_hal_uart_ex.o
    0x080037ca   0x080037ca   0x0000004c   Code   RO         4558    i.HAL_UARTEx_SetRxFifoThreshold  stm32g4xx_hal_uart_ex.o
    0x08003816   0x08003816   0x0000004c   Code   RO         4559    i.HAL_UARTEx_SetTxFifoThreshold  stm32g4xx_hal_uart_ex.o
    0x08003862   0x08003862   0x00000002   Code   RO         4561    i.HAL_UARTEx_TxFifoEmptyCallback  stm32g4xx_hal_uart_ex.o
    0x08003864   0x08003864   0x00000002   Code   RO         4562    i.HAL_UARTEx_WakeupCallback  stm32g4xx_hal_uart_ex.o
    0x08003866   0x08003866   0x00000002   Code   RO         4155    i.HAL_UART_ErrorCallback  stm32g4xx_hal_uart.o
    0x08003868   0x08003868   0x000002e0   Code   RO         4158    i.HAL_UART_IRQHandler  stm32g4xx_hal_uart.o
    0x08003b48   0x08003b48   0x0000006a   Code   RO         4159    i.HAL_UART_Init     stm32g4xx_hal_uart.o
    0x08003bb2   0x08003bb2   0x00000002   PAD
    0x08003bb4   0x08003bb4   0x000000c0   Code   RO          763    i.HAL_UART_MspInit  usart.o
    0x08003c74   0x08003c74   0x00000002   Code   RO         4166    i.HAL_UART_RxCpltCallback  stm32g4xx_hal_uart.o
    0x08003c76   0x08003c76   0x00000002   Code   RO         4167    i.HAL_UART_RxHalfCpltCallback  stm32g4xx_hal_uart.o
    0x08003c78   0x08003c78   0x000000bc   Code   RO         4168    i.HAL_UART_Transmit  stm32g4xx_hal_uart.o
    0x08003d34   0x08003d34   0x00000002   Code   RO         4171    i.HAL_UART_TxCpltCallback  stm32g4xx_hal_uart.o
    0x08003d36   0x08003d36   0x00000002   Code   RO          812    i.HardFault_Handler  stm32g4xx_it.o
    0x08003d38   0x08003d38   0x0000002c   Code   RO           14    i.LCD_BusIn         lcd.o
    0x08003d64   0x08003d64   0x00000030   Code   RO           15    i.LCD_BusOut        lcd.o
    0x08003d94   0x08003d94   0x00000024   Code   RO           16    i.LCD_Clear         lcd.o
    0x08003db8   0x08003db8   0x00000090   Code   RO           18    i.LCD_CtrlLinesConfig  lcd.o
    0x08003e48   0x08003e48   0x00000018   Code   RO           19    i.LCD_DisplayChar   lcd.o
    0x08003e60   0x08003e60   0x0000002a   Code   RO           22    i.LCD_DisplayStringLine  lcd.o
    0x08003e8a   0x08003e8a   0x00000002   PAD
    0x08003e8c   0x08003e8c   0x00000058   Code   RO           23    i.LCD_DrawChar      lcd.o
    0x08003ee4   0x08003ee4   0x00000034   Code   RO           29    i.LCD_Init          lcd.o
    0x08003f18   0x08003f18   0x00000080   Code   RO           32    i.LCD_ReadReg       lcd.o
    0x08003f98   0x08003f98   0x00000010   Code   RO           33    i.LCD_SetBackColor  lcd.o
    0x08003fa8   0x08003fa8   0x00000018   Code   RO           34    i.LCD_SetCursor     lcd.o
    0x08003fc0   0x08003fc0   0x00000010   Code   RO           36    i.LCD_SetTextColor  lcd.o
    0x08003fd0   0x08003fd0   0x00000058   Code   RO           39    i.LCD_WriteRAM      lcd.o
    0x08004028   0x08004028   0x0000005c   Code   RO           40    i.LCD_WriteRAM_Prepare  lcd.o
    0x08004084   0x08004084   0x0000006c   Code   RO           41    i.LCD_WriteReg      lcd.o
    0x080040f0   0x080040f0   0x0000000c   Code   RO         1000    i.LL_ADC_GetOffsetChannel  stm32g4xx_hal_adc.o
    0x080040fc   0x080040fc   0x00000008   Code   RO         1001    i.LL_ADC_INJ_IsConversionOngoing  stm32g4xx_hal_adc.o
    0x08004104   0x08004104   0x00000008   Code   RO         1002    i.LL_ADC_REG_IsConversionOngoing  stm32g4xx_hal_adc.o
    0x0800410c   0x0800410c   0x00000010   Code   RO         1003    i.LL_ADC_REG_IsTriggerSourceSWStart  stm32g4xx_hal_adc.o
    0x0800411c   0x0800411c   0x0000001e   Code   RO         1005    i.LL_ADC_SetChannelSamplingTime  stm32g4xx_hal_adc.o
    0x0800413a   0x0800413a   0x00000010   Code   RO         1006    i.LL_ADC_SetOffsetState  stm32g4xx_hal_adc.o
    0x0800414a   0x0800414a   0x00000002   PAD
    0x0800414c   0x0800414c   0x0000007c   Code   RO          590    i.MX_ADC2_Init      adc.o
    0x080041c8   0x080041c8   0x00000038   Code   RO          632    i.MX_COMP2_Init     comp.o
    0x08004200   0x08004200   0x00000038   Code   RO          633    i.MX_COMP3_Init     comp.o
    0x08004238   0x08004238   0x0000003c   Code   RO          678    i.MX_DMA_Init       dma.o
    0x08004274   0x08004274   0x00000120   Code   RO          564    i.MX_GPIO_Init      gpio.o
    0x08004394   0x08004394   0x0000006c   Code   RO          704    i.MX_TIM15_Init     tim.o
    0x08004400   0x08004400   0x000000b8   Code   RO          705    i.MX_TIM2_Init      tim.o
    0x080044b8   0x080044b8   0x000000d0   Code   RO          706    i.MX_TIM3_Init      tim.o
    0x08004588   0x08004588   0x000000e0   Code   RO          707    i.MX_TIM4_Init      tim.o
    0x08004668   0x08004668   0x00000068   Code   RO          764    i.MX_USART1_UART_Init  usart.o
    0x080046d0   0x080046d0   0x00000002   Code   RO          813    i.MemManage_Handler  stm32g4xx_it.o
    0x080046d2   0x080046d2   0x00000002   Code   RO          814    i.NMI_Handler       stm32g4xx_it.o
    0x080046d4   0x080046d4   0x00000002   Code   RO          815    i.PendSV_Handler    stm32g4xx_it.o
    0x080046d6   0x080046d6   0x00000112   Code   RO           42    i.REG_8230_Init     lcd.o
    0x080047e8   0x080047e8   0x00000202   Code   RO           43    i.REG_932X_Init     lcd.o
    0x080049ea   0x080049ea   0x00000002   Code   RO          816    i.SVC_Handler       stm32g4xx_it.o
    0x080049ec   0x080049ec   0x00000004   Code   RO          817    i.SysTick_Handler   stm32g4xx_it.o
    0x080049f0   0x080049f0   0x0000006c   Code   RO          346    i.SystemClock_Config  main.o
    0x08004a5c   0x08004a5c   0x00000010   Code   RO         4663    i.SystemInit        system_stm32g4xx.o
    0x08004a6c   0x08004a6c   0x0000000c   Code   RO          818    i.TIM1_BRK_TIM15_IRQHandler  stm32g4xx_it.o
    0x08004a78   0x08004a78   0x0000000c   Code   RO          819    i.TIM2_IRQHandler   stm32g4xx_it.o
    0x08004a84   0x08004a84   0x0000000c   Code   RO          820    i.TIM3_IRQHandler   stm32g4xx_it.o
    0x08004a90   0x08004a90   0x0000000c   Code   RO          821    i.TIM4_IRQHandler   stm32g4xx_it.o
    0x08004a9c   0x08004a9c   0x000000b0   Code   RO         3080    i.TIM_Base_SetConfig  stm32g4xx_hal_tim.o
    0x08004b4c   0x08004b4c   0x0000001a   Code   RO         3081    i.TIM_CCxChannelCmd  stm32g4xx_hal_tim.o
    0x08004b66   0x08004b66   0x00000014   Code   RO         3091    i.TIM_ETR_SetConfig  stm32g4xx_hal_tim.o
    0x08004b7a   0x08004b7a   0x00000002   PAD
    0x08004b7c   0x08004b7c   0x00000014   Code   RO         3092    i.TIM_ITRx_SetConfig  stm32g4xx_hal_tim.o
    0x08004b90   0x08004b90   0x000000d0   Code   RO         3099    i.TIM_SlaveTimer_SetConfig  stm32g4xx_hal_tim.o
    0x08004c60   0x08004c60   0x00000022   Code   RO         3100    i.TIM_TI1_ConfigInputStage  stm32g4xx_hal_tim.o
    0x08004c82   0x08004c82   0x00000002   PAD
    0x08004c84   0x08004c84   0x0000006c   Code   RO         3101    i.TIM_TI1_SetConfig  stm32g4xx_hal_tim.o
    0x08004cf0   0x08004cf0   0x00000024   Code   RO         3102    i.TIM_TI2_ConfigInputStage  stm32g4xx_hal_tim.o
    0x08004d14   0x08004d14   0x00000036   Code   RO         3103    i.TIM_TI2_SetConfig  stm32g4xx_hal_tim.o
    0x08004d4a   0x08004d4a   0x00000002   PAD
    0x08004d4c   0x08004d4c   0x00000044   Code   RO         4563    i.UARTEx_SetNbDataToProcess  stm32g4xx_hal_uart_ex.o
    0x08004d90   0x08004d90   0x000000c8   Code   RO         4173    i.UART_AdvFeatureConfig  stm32g4xx_hal_uart.o
    0x08004e58   0x08004e58   0x00000060   Code   RO         4174    i.UART_CheckIdleState  stm32g4xx_hal_uart.o
    0x08004eb8   0x08004eb8   0x00000014   Code   RO         4175    i.UART_DMAAbortOnError  stm32g4xx_hal_uart.o
    0x08004ecc   0x08004ecc   0x00000050   Code   RO         4176    i.UART_DMAError     stm32g4xx_hal_uart.o
    0x08004f1c   0x08004f1c   0x00000082   Code   RO         4177    i.UART_DMAReceiveCplt  stm32g4xx_hal_uart.o
    0x08004f9e   0x08004f9e   0x0000001c   Code   RO         4179    i.UART_DMARxHalfCplt  stm32g4xx_hal_uart.o
    0x08004fba   0x08004fba   0x00000002   PAD
    0x08004fbc   0x08004fbc   0x00000054   Code   RO         4185    i.UART_EndRxTransfer  stm32g4xx_hal_uart.o
    0x08005010   0x08005010   0x0000002e   Code   RO         4186    i.UART_EndTxTransfer  stm32g4xx_hal_uart.o
    0x0800503e   0x0800503e   0x00000002   PAD
    0x08005040   0x08005040   0x00000274   Code   RO         4191    i.UART_SetConfig    stm32g4xx_hal_uart.o
    0x080052b4   0x080052b4   0x000000a4   Code   RO         4192    i.UART_Start_Receive_DMA  stm32g4xx_hal_uart.o
    0x08005358   0x08005358   0x000000c6   Code   RO         4198    i.UART_WaitOnFlagUntilTimeout  stm32g4xx_hal_uart.o
    0x0800541e   0x0800541e   0x00000002   PAD
    0x08005420   0x08005420   0x0000000c   Code   RO          822    i.USART1_IRQHandler  stm32g4xx_it.o
    0x0800542c   0x0800542c   0x00000002   Code   RO          823    i.UsageFault_Handler  stm32g4xx_it.o
    0x0800542e   0x0800542e   0x00000002   PAD
    0x08005430   0x08005430   0x00000020   Code   RO         4945    i.__0printf         mc_w.l(printfa.o)
    0x08005450   0x08005450   0x00000024   Code   RO         4951    i.__0vsprintf       mc_w.l(printfa.o)
    0x08005474   0x08005474   0x00000020   Code   RO         2775    i.__NVIC_SetPriority  stm32g4xx_hal_cortex.o
    0x08005494   0x08005494   0x0000000e   Code   RO         5051    i.__scatterload_copy  mc_w.l(handlers.o)
    0x080054a2   0x080054a2   0x00000002   Code   RO         5052    i.__scatterload_null  mc_w.l(handlers.o)
    0x080054a4   0x080054a4   0x0000000e   Code   RO         5053    i.__scatterload_zeroinit  mc_w.l(handlers.o)
    0x080054b2   0x080054b2   0x00000002   PAD
    0x080054b4   0x080054b4   0x00000184   Code   RO         4952    i._fp_digits        mc_w.l(printfa.o)
    0x08005638   0x08005638   0x000006dc   Code   RO         4953    i._printf_core      mc_w.l(printfa.o)
    0x08005d14   0x08005d14   0x00000024   Code   RO         4954    i._printf_post_padding  mc_w.l(printfa.o)
    0x08005d38   0x08005d38   0x0000002e   Code   RO         4955    i._printf_pre_padding  mc_w.l(printfa.o)
    0x08005d66   0x08005d66   0x0000000a   Code   RO         4957    i._sputc            mc_w.l(printfa.o)
    0x08005d70   0x08005d70   0x00000054   Code   RO          495    i.angleA            main.o
    0x08005dc4   0x08005dc4   0x00000054   Code   RO          489    i.angleB            main.o
    0x08005e18   0x08005e18   0x00000028   Code   RO          347    i.cmp               main.o
    0x08005e40   0x08005e40   0x00000024   Code   RO          348    i.format            main.o
    0x08005e64   0x08005e64   0x00000018   Code   RO          349    i.fputc             main.o
    0x08005e7c   0x08005e7c   0x00000050   Code   RO         4973    i.free              mc_w.l(malloc.o)
    0x08005ecc   0x08005ecc   0x00000030   Code   RO          477    i.incPax            main.o
    0x08005efc   0x08005efc   0x00000030   Code   RO          471    i.incPbx            main.o
    0x08005f2c   0x08005f2c   0x0000003c   Code   RO          465    i.incPf             main.o
    0x08005f68   0x08005f68   0x00000244   Code   RO          350    i.main              main.o
    0x080061ac   0x080061ac   0x0000006c   Code   RO         4974    i.malloc            mc_w.l(malloc.o)
    0x08006218   0x08006218   0x00000040   Code   RO          483    i.refreshAngle      main.o
    0x08006258   0x08006258   0x00000074   Code   RO          351    i.render            main.o
    0x080062cc   0x080062cc   0x0000002c   Code   RO          440    i.updA              main.o
    0x080062f8   0x080062f8   0x00000020   Code   RO          460    i.updAx             main.o
    0x08006318   0x08006318   0x0000002c   Code   RO          435    i.updB              main.o
    0x08006344   0x08006344   0x00000020   Code   RO          455    i.updBx             main.o
    0x08006364   0x08006364   0x00000020   Code   RO          445    i.updF              main.o
    0x08006384   0x08006384   0x00000024   Code   RO          450    i.updMode           main.o
    0x080063a8   0x080063a8   0x000011d0   Data   RO           44    .constdata          lcd.o
    0x08007578   0x08007578   0x00000018   Data   RO         4199    .constdata          stm32g4xx_hal_uart.o
    0x08007590   0x08007590   0x00000010   Data   RO         4564    .constdata          stm32g4xx_hal_uart_ex.o
    0x080075a0   0x080075a0   0x00000010   Data   RO         4664    .constdata          system_stm32g4xx.o
    0x080075b0   0x080075b0   0x00000008   Data   RO         4665    .constdata          system_stm32g4xx.o
    0x080075b8   0x080075b8   0x0000008f   Data   RO          353    .conststring        main.o
    0x08007647   0x08007647   0x00000001   PAD
    0x08007648   0x08007648   0x00000020   Data   RO         5049    Region$$Table       anon$$obj.o


    Execution Region RW_IRAM1 (Exec base: 0x20000000, Load base: 0x08007668, Size: 0x000009a0, Max: 0x00008000, ABSOLUTE)

    Exec Addr    Load Addr    Size         Type   Attr      Idx    E Section Name        Object

    0x20000000   0x08007668   0x00000006   Data   RW           45    .data               lcd.o
    0x20000006   0x0800766e   0x00000002   PAD
    0x20000008   0x08007670   0x0000003c   Data   RW          354    .data               main.o
    0x20000044   0x080076ac   0x0000000c   Data   RW         1452    .data               stm32g4xx_hal.o
    0x20000050   0x080076b8   0x00000004   Data   RW         4666    .data               system_stm32g4xx.o
    0x20000054   0x080076bc   0x00000004   Data   RW         5023    .data               mc_w.l(stdout.o)
    0x20000058   0x080076c0   0x00000004   Data   RW         5030    .data               mc_w.l(mvars.o)
    0x2000005c   0x080076c4   0x00000004   Data   RW         5031    .data               mc_w.l(mvars.o)
    0x20000060        -       0x00000068   Zero   RW          352    .bss                main.o
    0x200000c8        -       0x0000006c   Zero   RW          591    .bss                adc.o
    0x20000134        -       0x00000048   Zero   RW          634    .bss                comp.o
    0x2000017c        -       0x00000130   Zero   RW          708    .bss                tim.o
    0x200002ac        -       0x000000f0   Zero   RW          765    .bss                usart.o
    0x2000039c   0x080076c8   0x00000004   PAD
    0x200003a0        -       0x00000200   Zero   RW            2    HEAP                startup_stm32g431xx.o
    0x200005a0        -       0x00000400   Zero   RW            1    STACK               startup_stm32g431xx.o


==============================================================================

Image component sizes


      Code (inc. data)   RO Data    RW Data    ZI Data      Debug   Object Name

       260         24          0          0        108       1765   adc.o
       244         32          0          0         72       2291   comp.o
        60          4          0          0          0        798   dma.o
       288         18          0          0          0       1051   gpio.o
      1766         76       4560          6          0     708803   lcd.o
      2548        406        143         60        104      18989   main.o
        36          8        472          0       1536        828   startup_stm32g431xx.o
       162         24          0         12          0       4277   stm32g4xx_hal.o
      2880        116          0          0          0      80456   stm32g4xx_hal_adc.o
       158         10          0          0          0      69719   stm32g4xx_hal_adc_ex.o
       450         42          0          0          0       8125   stm32g4xx_hal_comp.o
       198         14          0          0          0      33799   stm32g4xx_hal_cortex.o
       906         30          0          0          0       6510   stm32g4xx_hal_dma.o
       628         40          0          0          0       3598   stm32g4xx_hal_gpio.o
        48          6          0          0          0        850   stm32g4xx_hal_msp.o
       204         18          0          0          0       1393   stm32g4xx_hal_pwr_ex.o
      1692         88          0          0          0       6244   stm32g4xx_hal_rcc.o
       648         10          0          0          0       1864   stm32g4xx_hal_rcc_ex.o
      2592        162          0          0          0      18634   stm32g4xx_hal_tim.o
       306         34          0          0          0       6280   stm32g4xx_hal_tim_ex.o
      2712         98         24          0          0      34384   stm32g4xx_hal_uart.o
       370          6         16          0          0       6229   stm32g4xx_hal_uart_ex.o
       134         48          0          0          0       9207   stm32g4xx_it.o
        16          4         24          4          0       1111   system_stm32g4xx.o
      1020         52          0          0        304       4395   tim.o
       296         28          0          0        240       1869   usart.o

    ----------------------------------------------------------------------
     20660       1398       5272         84       2368    1033469   Object Totals
         0          0         32          0          0          0   (incl. Generated)
        38          0          1          2          4          0   (incl. Padding)

    ----------------------------------------------------------------------

      Code (inc. data)   RO Data    RW Data    ZI Data      Debug   Library Member Name

         0          0          0          0          0          0   entry.o
         0          0          0          0          0          0   entry10a.o
         0          0          0          0          0          0   entry11a.o
         8          4          0          0          0          0   entry2.o
         4          0          0          0          0          0   entry5.o
         0          0          0          0          0          0   entry7b.o
         0          0          0          0          0          0   entry8b.o
         8          4          0          0          0          0   entry9a.o
        30          0          0          0          0          0   handlers.o
        36          8          0          0          0         68   init.o
         0          0          0          0          0          0   iusefp.o
        30          0          0          0          0         68   llshl.o
        36          0          0          0          0         68   llsshr.o
        32          0          0          0          0         68   llushr.o
       188         20          0          0          0        160   malloc.o
        36          0          0          0          0         68   memcpya.o
        36          0          0          0          0        108   memseta.o
         0          0          0          8          0          0   mvars.o
      2304         96          0          0          0        600   printfa.o
       156          0          0          0          0         88   qsort.o
         0          0          0          4          0          0   stdout.o
        28          0          0          0          0         76   strcmp.o
        44          0          0          0          0         80   uidiv.o
        98          0          0          0          0         92   uldiv.o
        48          0          0          0          0         68   cdrcmple.o
        56          0          0          0          0         88   d2f.o
       334          0          0          0          0        148   dadd.o
       222          0          0          0          0        100   ddiv.o
       186          0          0          0          0        176   depilogue.o
        48          0          0          0          0         68   dfixul.o
        34          0          0          0          0         76   dflti.o
       228          0          0          0          0         96   dmul.o
        38          0          0          0          0         68   f2d.o
       110          0          0          0          0        168   fepilogue.o

    ----------------------------------------------------------------------
      4380        132          0         12          0       2600   Library Totals
         2          0          0          0          0          0   (incl. Padding)

    ----------------------------------------------------------------------

      Code (inc. data)   RO Data    RW Data    ZI Data      Debug   Library Name

      3074        132          0         12          0       1544   mc_w.l
      1304          0          0          0          0       1056   mf_w.l

    ----------------------------------------------------------------------
      4380        132          0         12          0       2600   Library Totals

    ----------------------------------------------------------------------

==============================================================================


      Code (inc. data)   RO Data    RW Data    ZI Data      Debug   

     25040       1530       5272         96       2368    1016621   Grand Totals
     25040       1530       5272         96       2368    1016621   ELF Image Totals
     25040       1530       5272         96          0          0   ROM Totals

==============================================================================

    Total RO  Size (Code + RO Data)                30312 (  29.60kB)
    Total RW  Size (RW Data + ZI Data)              2464 (   2.41kB)
    Total ROM Size (Code + RO Data + RW Data)      30408 (  29.70kB)

==============================================================================

