<html>
<body>
<pre>
<h1>µVision Build Log</h1>
<h2>Tool Versions:</h2>
IDE-Version: ¦ÌVision V5.28.0.0
Copyright (C) 2019 ARM Ltd and ARM Germany GmbH. All rights reserved.
License Information: Kuon Nakai, Brunhild Inc., LIC=47GU5-G4BHB-9UX4U-SUQYH-7PG1P-KFZZX
 
Tool Versions:
Toolchain:       MDK-ARM Plus  Version: 5.28.0.0
Toolchain Path:  D:\Keil_v5\ARM\ARMCC\Bin
C Compiler:      Armcc.exe V5.06 update 6 (build 750)
Assembler:       Armasm.exe V5.06 update 6 (build 750)
Linker/Locator:  ArmLink.exe V5.06 update 6 (build 750)
Library Manager: ArmAr.exe V5.06 update 6 (build 750)
Hex Converter:   FromElf.exe V5.06 update 6 (build 750)
CPU DLL:         SARMCM3.DLL V5.28.0.0
Dialog DLL:      DCM.DLL V1.17.3.0
Target DLL:      CMSIS_AGDI.dll V1.31.18.0
Dialog DLL:      TCM.DLL V1.36.2.0
 
<h2>Project:</h2>
D:\GitHub\stm32learning\RTOS_G431_Test\MDK-ARM\RTOS_G431_Test.uvprojx
Project File Date:  03/28/2023

<h2>Output:</h2>
*** Using Compiler 'V5.06 update 6 (build 750)', folder: 'D:\Keil_v5\ARM\ARMCC\Bin'
Build target 'RTOS_G431_Test'
compiling armlib_lock_glue.c...
assembling startup_stm32g431xx.s...
compiling stm32g4xx_hal_msp.c...
compiling tim.c...
compiling usart.c...
compiling stm32g4xx_it.c...
compiling gpio.c...
compiling dma.c...
compiling stm32g4xx_hal_timebase_tim.c...
compiling app_freertos.c...
compiling stm32g4xx_hal.c...
compiling stm32g4xx_hal_flash.c...
compiling stm32g4xx_hal_flash_ex.c...
compiling main.c...
../Core/Src/main.c(63): warning:  #188-D: enumerated type mixed with another type
  		HAL_GPIO_WritePin(GPIOC, 0xFE00, 1);
../Core/Src/main.c(65): warning:  #188-D: enumerated type mixed with another type
  		HAL_GPIO_WritePin(GPIOD, 0x0002, 1);
../Core/Src/main.c(66): warning:  #188-D: enumerated type mixed with another type
  		HAL_GPIO_WritePin(GPIOD, 0x0002, 0);
../Core/Src/main.c: 3 warnings, 0 errors
compiling stm32g4xx_hal_rcc_ex.c...
compiling stm32g4xx_hal_rcc.c...
compiling croutine.c...
compiling event_groups.c...
compiling list.c...
compiling queue.c...
compiling stream_buffer.c...
compiling tasks.c...
compiling timers.c...
compiling stm32g4xx_hal_uart_ex.c...
compiling stm32g4xx_hal_dma_ex.c...
compiling stm32g4xx_hal_gpio.c...
compiling stm32g4xx_hal_flash_ramfunc.c...
compiling system_stm32g4xx.c...
compiling stm32g4xx_hal_pwr.c...
compiling heap_4.c...
compiling stm32g4xx_hal_dma.c...
compiling stm32g4xx_hal_exti.c...
compiling port.c...
compiling stm32g4xx_hal_cortex.c...
compiling stm32g4xx_hal_pwr_ex.c...
compiling stm32g4xx_hal_tim_ex.c...
compiling stm32g4xx_hal_uart.c...
compiling stm32g4xx_hal_tim.c...
compiling cmsis_os2.c...
linking...
Program Size: Code=21364 RO-data=664 RW-data=152 ZI-data=8520  
FromELF: creating hex file...
"RTOS_G431_Test\RTOS_G431_Test.axf" - 0 Error(s), 3 Warning(s).

<h2>Software Packages used:</h2>

Package Vendor: ARM
                http://www.keil.com/pack/ARM.CMSIS.5.9.0.pack
                ARM.CMSIS.5.9.0
                CMSIS (Common Microcontroller Software Interface Standard)
   * Component: CORE Version: 5.6.0

Package Vendor: Keil
                https://www.keil.com/pack/Keil.STM32G4xx_DFP.1.5.0.pack
                Keil.STM32G4xx_DFP.1.5.0
                STMicroelectronics STM32G4 Series Device Support, Drivers and Examples

<h2>Collection of Component include folders:</h2>
  .\RTE\_RTOS_G431_Test
  D:\ArmPacks\ARM\CMSIS\5.9.0\CMSIS\Core\Include
  D:\ArmPacks\Keil\STM32G4xx_DFP\1.5.0\Drivers\CMSIS\Device\ST\STM32G4xx\Include

<h2>Collection of Component Files used:</h2>

   * Component: ARM::CMSIS:CORE:5.6.0
      Include file:  CMSIS\Core\Include\tz_context.h
Build Time Elapsed:  00:00:06
</pre>
</body>
</html>
