Component: ARM Compiler 5.06 update 6 (build 750) Tool: armlink [4d35ed]

==============================================================================

Section Cross References

    startup_stm32f103xe.o(STACK) refers (Special) to heapauxi.o(.text) for __use_two_region_memory
    startup_stm32f103xe.o(HEAP) refers (Special) to heapauxi.o(.text) for __use_two_region_memory
    startup_stm32f103xe.o(RESET) refers (Special) to heapauxi.o(.text) for __use_two_region_memory
    startup_stm32f103xe.o(RESET) refers to startup_stm32f103xe.o(STACK) for __initial_sp
    startup_stm32f103xe.o(RESET) refers to startup_stm32f103xe.o(.text) for Reset_Handler
    startup_stm32f103xe.o(RESET) refers to stm32f1xx_it.o(i.NMI_Handler) for NMI_Handler
    startup_stm32f103xe.o(RESET) refers to stm32f1xx_it.o(i.HardFault_Handler) for HardFault_Handler
    startup_stm32f103xe.o(RESET) refers to stm32f1xx_it.o(i.MemManage_Handler) for MemManage_Handler
    startup_stm32f103xe.o(RESET) refers to stm32f1xx_it.o(i.BusFault_Handler) for BusFault_Handler
    startup_stm32f103xe.o(RESET) refers to stm32f1xx_it.o(i.UsageFault_Handler) for UsageFault_Handler
    startup_stm32f103xe.o(RESET) refers to stm32f1xx_it.o(i.SVC_Handler) for SVC_Handler
    startup_stm32f103xe.o(RESET) refers to stm32f1xx_it.o(i.DebugMon_Handler) for DebugMon_Handler
    startup_stm32f103xe.o(RESET) refers to stm32f1xx_it.o(i.PendSV_Handler) for PendSV_Handler
    startup_stm32f103xe.o(RESET) refers to stm32f1xx_it.o(i.SysTick_Handler) for SysTick_Handler
    startup_stm32f103xe.o(RESET) refers to stm32f1xx_it.o(i.EXTI0_IRQHandler) for EXTI0_IRQHandler
    startup_stm32f103xe.o(RESET) refers to stm32f1xx_it.o(i.EXTI1_IRQHandler) for EXTI1_IRQHandler
    startup_stm32f103xe.o(RESET) refers to stm32f1xx_it.o(i.DMA1_Channel1_IRQHandler) for DMA1_Channel1_IRQHandler
    startup_stm32f103xe.o(RESET) refers to stm32f1xx_it.o(i.ADC1_2_IRQHandler) for ADC1_2_IRQHandler
    startup_stm32f103xe.o(RESET) refers to stm32f1xx_it.o(i.EXTI9_5_IRQHandler) for EXTI9_5_IRQHandler
    startup_stm32f103xe.o(RESET) refers to stm32f1xx_it.o(i.TIM3_IRQHandler) for TIM3_IRQHandler
    startup_stm32f103xe.o(RESET) refers to stm32f1xx_it.o(i.USART1_IRQHandler) for USART1_IRQHandler
    startup_stm32f103xe.o(RESET) refers to stm32f1xx_it.o(i.EXTI15_10_IRQHandler) for EXTI15_10_IRQHandler
    startup_stm32f103xe.o(.text) refers (Special) to heapauxi.o(.text) for __use_two_region_memory
    startup_stm32f103xe.o(.text) refers to system_stm32f1xx.o(i.SystemInit) for SystemInit
    startup_stm32f103xe.o(.text) refers to __main.o(!!!main) for __main
    startup_stm32f103xe.o(.text) refers to startup_stm32f103xe.o(HEAP) for Heap_Mem
    startup_stm32f103xe.o(.text) refers to startup_stm32f103xe.o(STACK) for Stack_Mem
    main.o(i.HAL_GPIO_EXTI_Callback) refers to stm32f1xx_hal.o(i.HAL_Delay) for HAL_Delay
    main.o(i.HAL_GPIO_EXTI_Callback) refers to stm32f1xx_hal_gpio.o(i.HAL_GPIO_ReadPin) for HAL_GPIO_ReadPin
    main.o(i.HAL_GPIO_EXTI_Callback) refers to main.o(i.pa7Upd) for pa7Upd
    main.o(i.HAL_GPIO_EXTI_Callback) refers to stm32f1xx_hal_gpio.o(i.HAL_GPIO_WritePin) for HAL_GPIO_WritePin
    main.o(i.HAL_GPIO_EXTI_Callback) refers to main.o(i.rerender) for rerender
    main.o(i.HAL_GPIO_EXTI_Callback) refers to dfixu.o(x$fpl$dfixu) for __aeabi_d2uiz
    main.o(i.HAL_GPIO_EXTI_Callback) refers to main.o(i.pa6Upd) for pa6Upd
    main.o(i.HAL_GPIO_EXTI_Callback) refers to lcd.o(i.LCD_ShowString) for LCD_ShowString
    main.o(i.HAL_GPIO_EXTI_Callback) refers to main.o(.data) for .data
    main.o(i.HAL_GPIO_EXTI_Callback) refers to tim.o(.bss) for htim3
    main.o(i.HAL_TIM_OC_DelayElapsedCallback) refers to dflt_clz.o(x$fpl$dfltu) for __aeabi_ui2d
    main.o(i.HAL_TIM_OC_DelayElapsedCallback) refers to ddiv.o(x$fpl$ddiv) for __aeabi_ddiv
    main.o(i.HAL_TIM_OC_DelayElapsedCallback) refers to daddsub_clz.o(x$fpl$drsb) for __aeabi_drsub
    main.o(i.HAL_TIM_OC_DelayElapsedCallback) refers to dmul.o(x$fpl$dmul) for __aeabi_dmul
    main.o(i.HAL_TIM_OC_DelayElapsedCallback) refers to daddsub_clz.o(x$fpl$dsub) for __aeabi_dsub
    main.o(i.HAL_TIM_OC_DelayElapsedCallback) refers to dflt_clz.o(x$fpl$dflt) for __aeabi_i2d
    main.o(i.HAL_TIM_OC_DelayElapsedCallback) refers to dfixu.o(x$fpl$dfixu) for __aeabi_d2uiz
    main.o(i.HAL_TIM_OC_DelayElapsedCallback) refers to main.o(.data) for .data
    main.o(i.HAL_TIM_OC_DelayElapsedCallback) refers to tim.o(.bss) for htim3
    main.o(i.SystemClock_Config) refers to rt_memclr_w.o(.text) for __aeabi_memclr4
    main.o(i.SystemClock_Config) refers to stm32f1xx_hal_rcc.o(i.HAL_RCC_OscConfig) for HAL_RCC_OscConfig
    main.o(i.SystemClock_Config) refers to stm32f1xx_hal_rcc.o(i.HAL_RCC_ClockConfig) for HAL_RCC_ClockConfig
    main.o(i.SystemClock_Config) refers to stm32f1xx_hal_rcc_ex.o(i.HAL_RCCEx_PeriphCLKConfig) for HAL_RCCEx_PeriphCLKConfig
    main.o(i.main) refers to stm32f1xx_hal.o(i.HAL_Init) for HAL_Init
[...]
    i.HAL_IncTick                            0x08002380   Section        0  stm32f1xx_hal.o(i.HAL_IncTick)
    i.HAL_Init                               0x08002390   Section        0  stm32f1xx_hal.o(i.HAL_Init)
    i.HAL_InitTick                           0x080023b4   Section        0  stm32f1xx_hal.o(i.HAL_InitTick)
    i.HAL_MspInit                            0x080023f4   Section        0  stm32f1xx_hal_msp.o(i.HAL_MspInit)
    i.HAL_NVIC_EnableIRQ                     0x08002430   Section        0  stm32f1xx_hal_cortex.o(i.HAL_NVIC_EnableIRQ)
    i.HAL_NVIC_SetPriority                   0x0800244c   Section        0  stm32f1xx_hal_cortex.o(i.HAL_NVIC_SetPriority)
    i.HAL_NVIC_SetPriorityGrouping           0x0800248c   Section        0  stm32f1xx_hal_cortex.o(i.HAL_NVIC_SetPriorityGrouping)
    i.HAL_RCCEx_GetPeriphCLKFreq             0x080024b0   Section        0  stm32f1xx_hal_rcc_ex.o(i.HAL_RCCEx_GetPeriphCLKFreq)
    i.HAL_RCCEx_PeriphCLKConfig              0x08002584   Section        0  stm32f1xx_hal_rcc_ex.o(i.HAL_RCCEx_PeriphCLKConfig)
    i.HAL_RCC_ClockConfig                    0x08002670   Section        0  stm32f1xx_hal_rcc.o(i.HAL_RCC_ClockConfig)
    i.HAL_RCC_GetPCLK1Freq                   0x0800279c   Section        0  stm32f1xx_hal_rcc.o(i.HAL_RCC_GetPCLK1Freq)
    i.HAL_RCC_GetPCLK2Freq                   0x080027bc   Section        0  stm32f1xx_hal_rcc.o(i.HAL_RCC_GetPCLK2Freq)
    i.HAL_RCC_GetSysClockFreq                0x080027dc   Section        0  stm32f1xx_hal_rcc.o(i.HAL_RCC_GetSysClockFreq)
    i.HAL_RCC_OscConfig                      0x08002848   Section        0  stm32f1xx_hal_rcc.o(i.HAL_RCC_OscConfig)
    i.HAL_SYSTICK_CLKSourceConfig            0x08002b68   Section        0  stm32f1xx_hal_cortex.o(i.HAL_SYSTICK_CLKSourceConfig)
    i.HAL_SYSTICK_Config                     0x08002b80   Section        0  stm32f1xx_hal_cortex.o(i.HAL_SYSTICK_Config)
    i.HAL_TIMEx_BreakCallback                0x08002ba8   Section        0  stm32f1xx_hal_tim_ex.o(i.HAL_TIMEx_BreakCallback)
    i.HAL_TIMEx_CommutCallback               0x08002baa   Section        0  stm32f1xx_hal_tim_ex.o(i.HAL_TIMEx_CommutCallback)
    i.HAL_TIMEx_MasterConfigSynchronization  0x08002bac   Section        0  stm32f1xx_hal_tim_ex.o(i.HAL_TIMEx_MasterConfigSynchronization)
    i.HAL_TIM_Base_Init                      0x08002c28   Section        0  stm32f1xx_hal_tim.o(i.HAL_TIM_Base_Init)
    i.HAL_TIM_Base_MspInit                   0x08002c84   Section        0  tim.o(i.HAL_TIM_Base_MspInit)
    i.HAL_TIM_ConfigClockSource              0x08002cc0   Section        0  stm32f1xx_hal_tim.o(i.HAL_TIM_ConfigClockSource)
    i.HAL_TIM_IC_CaptureCallback             0x08002d96   Section        0  stm32f1xx_hal_tim.o(i.HAL_TIM_IC_CaptureCallback)
    i.HAL_TIM_IRQHandler                     0x08002d98   Section        0  stm32f1xx_hal_tim.o(i.HAL_TIM_IRQHandler)
    i.HAL_TIM_MspPostInit                    0x08002f00   Section        0  tim.o(i.HAL_TIM_MspPostInit)
    i.HAL_TIM_OC_ConfigChannel               0x08002f4c   Section        0  stm32f1xx_hal_tim.o(i.HAL_TIM_OC_ConfigChannel)
    i.HAL_TIM_OC_DelayElapsedCallback        0x08002f98   Section        0  main.o(i.HAL_TIM_OC_DelayElapsedCallback)
    i.HAL_TIM_OC_Init                        0x08003098   Section        0  stm32f1xx_hal_tim.o(i.HAL_TIM_OC_Init)
    i.HAL_TIM_OC_MspInit                     0x080030f2   Section        0  stm32f1xx_hal_tim.o(i.HAL_TIM_OC_MspInit)
    i.HAL_TIM_PWM_ConfigChannel              0x080030f4   Section        0  stm32f1xx_hal_tim.o(i.HAL_TIM_PWM_ConfigChannel)
    i.HAL_TIM_PWM_Init                       0x080031ba   Section        0  stm32f1xx_hal_tim.o(i.HAL_TIM_PWM_Init)
    i.HAL_TIM_PWM_MspInit                    0x08003214   Section        0  stm32f1xx_hal_tim.o(i.HAL_TIM_PWM_MspInit)
    i.HAL_TIM_PWM_PulseFinishedCallback      0x08003216   Section        0  stm32f1xx_hal_tim.o(i.HAL_TIM_PWM_PulseFinishedCallback)
    i.HAL_TIM_PeriodElapsedCallback          0x08003218   Section        0  stm32f1xx_hal_tim.o(i.HAL_TIM_PeriodElapsedCallback)
    i.HAL_TIM_TriggerCallback                0x0800321a   Section        0  stm32f1xx_hal_tim.o(i.HAL_TIM_TriggerCallback)
    i.HAL_UARTEx_RxEventCallback             0x0800321c   Section        0  stm32f1xx_hal_uart.o(i.HAL_UARTEx_RxEventCallback)
    i.HAL_UART_ErrorCallback                 0x0800321e   Section        0  stm32f1xx_hal_uart.o(i.HAL_UART_ErrorCallback)
    i.HAL_UART_IRQHandler                    0x08003220   Section        0  stm32f1xx_hal_uart.o(i.HAL_UART_IRQHandler)
    i.HAL_UART_Init                          0x0800342c   Section        0  stm32f1xx_hal_uart.o(i.HAL_UART_Init)
    i.HAL_UART_MspInit                       0x08003490   Section        0  usart.o(i.HAL_UART_MspInit)
    i.HAL_UART_RxCpltCallback                0x08003510   Section        0  stm32f1xx_hal_uart.o(i.HAL_UART_RxCpltCallback)
    i.HAL_UART_TxCpltCallback                0x08003512   Section        0  stm32f1xx_hal_uart.o(i.HAL_UART_TxCpltCallback)
    i.HardFault_Handler                      0x08003514   Section        0  stm32f1xx_it.o(i.HardFault_Handler)
    i.LCD_Clear                              0x08003518   Section        0  lcd.o(i.LCD_Clear)
    i.LCD_Display_Dir                        0x08003564   Section        0  lcd.o(i.LCD_Display_Dir)
    i.LCD_Fast_DrawPoint                     0x0800361c   Section        0  lcd.o(i.LCD_Fast_DrawPoint)
    i.LCD_Init                               0x080037dc   Section        0  lcd.o(i.LCD_Init)
    i.LCD_Pow                                0x08005e98   Section        0  lcd.o(i.LCD_Pow)
    i.LCD_RD_DATA                            0x08005ea8   Section        0  lcd.o(i.LCD_RD_DATA)
    i.LCD_SSD_BackLightSet                   0x08005ef8   Section        0  lcd.o(i.LCD_SSD_BackLightSet)
    i.LCD_Scan_Dir                           0x08005f94   Section        0  lcd.o(i.LCD_Scan_Dir)
    i.LCD_SetCursor                          0x08006268   Section        0  lcd.o(i.LCD_SetCursor)
    i.LCD_ShowChar                           0x0800647c   Section        0  lcd.o(i.LCD_ShowChar)
    i.LCD_ShowNum                            0x08006550   Section        0  lcd.o(i.LCD_ShowNum)
    i.LCD_ShowString                         0x080065c6   Section        0  lcd.o(i.LCD_ShowString)
    i.LCD_WR_DATAX                           0x0800661c   Section        0  lcd.o(i.LCD_WR_DATAX)
    i.LCD_WR_REG                             0x08006640   Section        0  lcd.o(i.LCD_WR_REG)
    i.LCD_WriteRAM_Prepare                   0x08006664   Section        0  lcd.o(i.LCD_WriteRAM_Prepare)
    i.LCD_WriteReg                           0x08006670   Section        0  lcd.o(i.LCD_WriteReg)
    i.MX_ADC1_Init                           0x0800669c   Section        0  adc.o(i.MX_ADC1_Init)
    i.MX_DAC_Init                            0x080066ec   Section        0  dac.o(i.MX_DAC_Init)
    i.MX_DMA_Init                            0x08006728   Section        0  dma.o(i.MX_DMA_Init)
    i.MX_GPIO_Init                           0x08006754   Section        0  gpio.o(i.MX_GPIO_Init)
    i.MX_TIM3_Init                           0x0800686c   Section        0  tim.o(i.MX_TIM3_Init)
    i.MX_USART1_UART_Init                    0x08006924   Section        0  usart.o(i.MX_USART1_UART_Init)
    i.MemManage_Handler                      0x0800695c   Section        0  stm32f1xx_it.o(i.MemManage_Handler)
    i.NMI_Handler                            0x0800695e   Section        0  stm32f1xx_it.o(i.NMI_Handler)
    i.PendSV_Handler                         0x08006960   Section        0  stm32f1xx_it.o(i.PendSV_Handler)
    i.SVC_Handler                            0x08006962   Section        0  stm32f1xx_it.o(i.SVC_Handler)
    i.SysTick_Handler                        0x08006964   Section        0  stm32f1xx_it.o(i.SysTick_Handler)
    i.SystemClock_Config                     0x08006968   Section        0  main.o(i.SystemClock_Config)
    i.SystemInit                             0x080069e2   Section        0  system_stm32f1xx.o(i.SystemInit)
    i.TIM3_IRQHandler                        0x080069e4   Section        0  stm32f1xx_it.o(i.TIM3_IRQHandler)
    i.TIM_Base_SetConfig                     0x080069f0   Section        0  stm32f1xx_hal_tim.o(i.TIM_Base_SetConfig)
    i.TIM_ETR_SetConfig                      0x08006a7c   Section        0  stm32f1xx_hal_tim.o(i.TIM_ETR_SetConfig)
    i.TIM_ITRx_SetConfig                     0x08006a90   Section        0  stm32f1xx_hal_tim.o(i.TIM_ITRx_SetConfig)
    TIM_ITRx_SetConfig                       0x08006a91   Thumb Code    16  stm32f1xx_hal_tim.o(i.TIM_ITRx_SetConfig)
    i.TIM_OC1_SetConfig                      0x08006aa0   Section        0  stm32f1xx_hal_tim.o(i.TIM_OC1_SetConfig)
    TIM_OC1_SetConfig                        0x08006aa1   Thumb Code    88  stm32f1xx_hal_tim.o(i.TIM_OC1_SetConfig)
    i.TIM_OC2_SetConfig                      0x08006b00   Section        0  stm32f1xx_hal_tim.o(i.TIM_OC2_SetConfig)
    i.TIM_OC3_SetConfig                      0x08006b6c   Section        0  stm32f1xx_hal_tim.o(i.TIM_OC3_SetConfig)
    TIM_OC3_SetConfig                        0x08006b6d   Thumb Code    96  stm32f1xx_hal_tim.o(i.TIM_OC3_SetConfig)
    i.TIM_OC4_SetConfig                      0x08006bd4   Section        0  stm32f1xx_hal_tim.o(i.TIM_OC4_SetConfig)
    TIM_OC4_SetConfig                        0x08006bd5   Thumb Code    70  stm32f1xx_hal_tim.o(i.TIM_OC4_SetConfig)
    i.TIM_TI1_ConfigInputStage               0x08006c24   Section        0  stm32f1xx_hal_tim.o(i.TIM_TI1_ConfigInputStage)
    TIM_TI1_ConfigInputStage                 0x08006c25   Thumb Code    34  stm32f1xx_hal_tim.o(i.TIM_TI1_ConfigInputStage)
    i.TIM_TI2_ConfigInputStage               0x08006c46   Section        0  stm32f1xx_hal_tim.o(i.TIM_TI2_ConfigInputStage)
    TIM_TI2_ConfigInputStage                 0x08006c47   Thumb Code    36  stm32f1xx_hal_tim.o(i.TIM_TI2_ConfigInputStage)
    i.UART_DMAAbortOnError                   0x08006c6a   Section        0  stm32f1xx_hal_uart.o(i.UART_DMAAbortOnError)
    UART_DMAAbortOnError                     0x08006c6b   Thumb Code    16  stm32f1xx_hal_uart.o(i.UART_DMAAbortOnError)
    i.UART_EndRxTransfer                     0x08006c7a   Section        0  stm32f1xx_hal_uart.o(i.UART_EndRxTransfer)
    UART_EndRxTransfer                       0x08006c7b   Thumb Code    48  stm32f1xx_hal_uart.o(i.UART_EndRxTransfer)
    i.UART_Receive_IT                        0x08006caa   Section        0  stm32f1xx_hal_uart.o(i.UART_Receive_IT)
    UART_Receive_IT                          0x08006cab   Thumb Code   182  stm32f1xx_hal_uart.o(i.UART_Receive_IT)
    i.UART_SetConfig                         0x08006d60   Section        0  stm32f1xx_hal_uart.o(i.UART_SetConfig)
    UART_SetConfig                           0x08006d61   Thumb Code   178  stm32f1xx_hal_uart.o(i.UART_SetConfig)
    i.USART1_IRQHandler                      0x08006e18   Section        0  stm32f1xx_it.o(i.USART1_IRQHandler)
    i.UsageFault_Handler                     0x08006e24   Section        0  stm32f1xx_it.o(i.UsageFault_Handler)
    i.__ARM_fpclassify                       0x08006e26   Section        0  fpclassify.o(i.__ARM_fpclassify)
    i.__NVIC_SetPriority                     0x08006e4e   Section        0  stm32f1xx_hal_cortex.o(i.__NVIC_SetPriority)
    __NVIC_SetPriority                       0x08006e4f   Thumb Code    32  stm32f1xx_hal_cortex.o(i.__NVIC_SetPriority)
    i._is_digit                              0x08006e6e   Section        0  __printf_wp.o(i._is_digit)
    i.delay_init                             0x08006e7c   Section        0  delay.o(i.delay_init)
    i.delay_ms                               0x08006e90   Section        0  delay.o(i.delay_ms)
    i.delay_us                               0x08006eac   Section        0  delay.o(i.delay_us)
    i.main                                   0x08006ee0   Section        0  main.o(i.main)
    i.pa6Upd                                 0x08006fc4   Section        0  main.o(i.pa6Upd)
    i.pa7Upd                                 0x08006ff4   Section        0  main.o(i.pa7Upd)
    i.rerender                               0x08007024   Section        0  main.o(i.rerender)
    i.voltUpd                                0x080070f0   Section        0  main.o(i.voltUpd)
    locale$$code                             0x08007148   Section       44  lc_numeric_c.o(locale$$code)
    x$fpl$dadd                               0x08007174   Section      336  daddsub_clz.o(x$fpl$dadd)
    _dadd1                                   0x08007185   Thumb Code     0  daddsub_clz.o(x$fpl$dadd)
    x$fpl$dcheck1                            0x080072c4   Section       16  dcheck1.o(x$fpl$dcheck1)
    x$fpl$ddiv                               0x080072d4   Section      688  ddiv.o(x$fpl$ddiv)
    ddiv_entry                               0x080072db   Thumb Code     0  ddiv.o(x$fpl$ddiv)
    x$fpl$dfixu                              0x08007584   Section       90  dfixu.o(x$fpl$dfixu)
    x$fpl$dflt                               0x080075de   Section       46  dflt_clz.o(x$fpl$dflt)
    x$fpl$dfltu                              0x0800760c   Section       38  dflt_clz.o(x$fpl$dfltu)
    x$fpl$dmul                               0x08007634   Section      340  dmul.o(x$fpl$dmul)
    x$fpl$dnaninf                            0x08007788   Section      156  dnaninf.o(x$fpl$dnaninf)
    x$fpl$dretinf                            0x08007824   Section       12  dretinf.o(x$fpl$dretinf)
    x$fpl$drsb                               0x08007830   Section       22  daddsub_clz.o(x$fpl$drsb)
    x$fpl$dsub                               0x08007848   Section      468  daddsub_clz.o(x$fpl$dsub)
    _dsub1                                   0x08007859   Thumb Code     0  daddsub_clz.o(x$fpl$dsub)
    x$fpl$printf1                            0x08007a1c   Section        4  printf1.o(x$fpl$printf1)
    x$fpl$retnan                             0x08007a20   Section      100  retnan.o(x$fpl$retnan)
    x$fpl$scalbn                             0x08007a84   Section       92  scalbn.o(x$fpl$scalbn)
    x$fpl$trapveneer                         0x08007ae0   Section       48  trapv.o(x$fpl$trapveneer)
    .constdata                               0x08007b10   Section       16  system_stm32f1xx.o(.constdata)
    x$fpl$usenofp                            0x08007b10   Section        0  usenofp.o(x$fpl$usenofp)
    .constdata                               0x08007b20   Section        8  system_stm32f1xx.o(.constdata)
    .constdata                               0x08007b28   Section     6080  lcd.o(.constdata)
    .constdata                               0x080092e8   Section      148  bigflt0.o(.constdata)
    tenpwrs_x                                0x080092e8   Data          60  bigflt0.o(.constdata)
    tenpwrs_i                                0x08009324   Data          64  bigflt0.o(.constdata)
    .conststring                             0x0800937c   Section       69  main.o(.conststring)
    locale$$data                             0x080093e4   Section       28  lc_numeric_c.o(locale$$data)
    __lcnum_c_name                           0x080093e8   Data           2  lc_numeric_c.o(locale$$data)
    __lcnum_c_start                          0x080093f0   Data           0  lc_numeric_c.o(locale$$data)
    __lcnum_c_point                          0x080093fc   Data           0  lc_numeric_c.o(locale$$data)
    __lcnum_c_thousands                      0x080093fe   Data           0  lc_numeric_c.o(locale$$data)
    __lcnum_c_grouping                       0x080093ff   Data           0  lc_numeric_c.o(locale$$data)
    __lcnum_c_end                            0x08009400   Data           0  lc_numeric_c.o(locale$$data)
    .data                                    0x20000000   Section       16  main.o(.data)
    .data                                    0x20000010   Section       12  stm32f1xx_hal.o(.data)
    .data                                    0x2000001c   Section        4  system_stm32f1xx.o(.data)
    .data                                    0x20000020   Section        4  delay.o(.data)
    fac_us                                   0x20000020   Data           4  delay.o(.data)
    .data                                    0x20000024   Section        4  lcd.o(.data)
    .bss                                     0x20000028   Section       32  main.o(.bss)
    .bss                                     0x20000048   Section      116  adc.o(.bss)
    .bss                                     0x200000bc   Section       20  dac.o(.bss)
    .bss                                     0x200000d0   Section       72  tim.o(.bss)
    .bss                                     0x20000118   Section       68  usart.o(.bss)
    .bss                                     0x2000015c   Section       14  lcd.o(.bss)
    .bss                                     0x2000016c   Section       96  libspace.o(.bss)
    HEAP                                     0x200001d0   Section      512  startup_stm32f103xe.o(HEAP)
    Heap_Mem                                 0x200001d0   Data         512  startup_stm32f103xe.o(HEAP)
    STACK                                    0x200003d0   Section     1024  startup_stm32f103xe.o(STACK)
    Stack_Mem                                0x200003d0   Data        1024  startup_stm32f103xe.o(STACK)
    __initial_sp                             0x200007d0   Data           0  startup_stm32f103xe.o(STACK)

    Global Symbols

    Symbol Name                              Value     Ov Type        Size  Object(Section)

    BuildAttributes$$THM_ISAv4$P$D$K$B$S$PE$A:L22UL41UL21$X:L11$S22US41US21$IEEE1$IW$USESV6$~STKCKD$USESV7$~SHL$OTIME$ROPI$IEEEJ$EBA8$UX$STANDARDLIB$REQ8$PRES8$EABIv2 0x00000000   Number         0  anon$$obj.o ABSOLUTE
    __ARM_use_no_argv                        0x00000000   Number         0  main.o ABSOLUTE
    _printf_flags                            0x00000000   Number         0  printf_stubs.o ABSOLUTE
    _printf_return_value                     0x00000000   Number         0  printf_stubs.o ABSOLUTE
    _printf_sizespec                         0x00000000   Number         0  printf_stubs.o ABSOLUTE
    _printf_widthprec                        0x00000000   Number         0  printf_stubs.o ABSOLUTE
    __ARM_exceptions_init                     - Undefined Weak Reference
    __alloca_initialize                       - Undefined Weak Reference
    __arm_preinit_                            - Undefined Weak Reference
    __cpp_initialize__aeabi_                  - Undefined Weak Reference
    __cxa_finalize                            - Undefined Weak Reference
    __sigvec_lookup                           - Undefined Weak Reference
    _atexit_init                              - Undefined Weak Reference
    _call_atexit_fns                          - Undefined Weak Reference
    _clock_init                               - Undefined Weak Reference
    _fp_trap_init                             - Undefined Weak Reference
    _fp_trap_shutdown                         - Undefined Weak Reference
    _get_lc_collate                           - Undefined Weak Reference
    _get_lc_ctype                             - Undefined Weak Reference
    _get_lc_monetary                          - Undefined Weak Reference
    _get_lc_time                              - Undefined Weak Reference
    _getenv_init                              - Undefined Weak Reference
    _handle_redirection                       - Undefined Weak Reference
    _init_alloc                               - Undefined Weak Reference
    _init_user_alloc                          - Undefined Weak Reference
    _initio                                   - Undefined Weak Reference
    _printf_post_padding                      - Undefined Weak Reference
    _printf_pre_padding                       - Undefined Weak Reference
    _rand_init                                - Undefined Weak Reference
    _signal_finish                            - Undefined Weak Reference
    _signal_init                              - Undefined Weak Reference
    _terminate_alloc                          - Undefined Weak Reference
    _terminate_user_alloc                     - Undefined Weak Reference
    _terminateio                              - Undefined Weak Reference
    __Vectors_Size                           0x00000130   Number         0  startup_stm32f103xe.o ABSOLUTE
    __Vectors                                0x08000000   Data           4  startup_stm32f103xe.o(RESET)
    __Vectors_End                            0x08000130   Data           0  startup_stm32f103xe.o(RESET)
    __main                                   0x08000131   Thumb Code     8  __main.o(!!!main)
    __scatterload                            0x08000139   Thumb Code     0  __scatter.o(!!!scatter)
    __scatterload_rt2                        0x08000139   Thumb Code    44  __scatter.o(!!!scatter)
    __scatterload_rt2_thumb_only             0x08000139   Thumb Code     0  __scatter.o(!!!scatter)
    __scatterload_null                       0x08000147   Thumb Code     0  __scatter.o(!!!scatter)
    __scatterload_copy                       0x0800016d   Thumb Code    26  __scatter_copy.o(!!handler_copy)
    __scatterload_zeroinit                   0x08000189   Thumb Code    28  __scatter_zi.o(!!handler_zi)
    _printf_f                                0x080001a5   Thumb Code     0  _printf_f.o(.ARM.Collect$$_printf_percent$$00000003)
    _printf_percent                          0x080001a5   Thumb Code     0  _printf_percent.o(.ARM.Collect$$_printf_percent$$00000000)
    _printf_percent_end                      0x080001ab   Thumb Code     0  _printf_percent_end.o(.ARM.Collect$$_printf_percent$$00000017)
    __rt_lib_init                            0x080001af   Thumb Code     0  libinit.o(.ARM.Collect$$libinit$$00000000)
    __rt_lib_init_fp_1                       0x080001b1   Thumb Code     0  libinit2.o(.ARM.Collect$$libinit$$00000002)
    __rt_lib_init_heap_1                     0x080001b1   Thumb Code     0  libinit2.o(.ARM.Collect$$libinit$$0000000A)
    __rt_lib_init_lc_common                  0x080001b1   Thumb Code     0  libinit2.o(.ARM.Collect$$libinit$$0000000F)
    __rt_lib_init_preinit_1                  0x080001b1   Thumb Code     0  libinit2.o(.ARM.Collect$$libinit$$00000004)
    __rt_lib_init_rand_1                     0x080001b1   Thumb Code     0  libinit2.o(.ARM.Collect$$libinit$$0000000E)
    __rt_lib_init_user_alloc_1               0x080001b1   Thumb Code     0  libinit2.o(.ARM.Collect$$libinit$$0000000C)
    __rt_lib_init_lc_collate_1               0x080001b7   Thumb Code     0  libinit2.o(.ARM.Collect$$libinit$$00000011)
    __rt_lib_init_lc_ctype_1                 0x080001b7   Thumb Code     0  libinit2.o(.ARM.Collect$$libinit$$00000013)
    __rt_lib_init_lc_monetary_1              0x080001b7   Thumb Code     0  libinit2.o(.ARM.Collect$$libinit$$00000015)
    __rt_lib_init_lc_numeric_2               0x080001b7   Thumb Code     0  libinit2.o(.ARM.Collect$$libinit$$00000016)
    __rt_lib_init_alloca_1                   0x080001c1   Thumb Code     0  libinit2.o(.ARM.Collect$$libinit$$0000002E)
    __rt_lib_init_argv_1                     0x080001c1   Thumb Code     0  libinit2.o(.ARM.Collect$$libinit$$0000002C)
    __rt_lib_init_atexit_1                   0x080001c1   Thumb Code     0  libinit2.o(.ARM.Collect$$libinit$$0000001B)
    __rt_lib_init_clock_1                    0x080001c1   Thumb Code     0  libinit2.o(.ARM.Collect$$libinit$$00000021)
    __rt_lib_init_cpp_1                      0x080001c1   Thumb Code     0  libinit2.o(.ARM.Collect$$libinit$$00000032)
    __rt_lib_init_exceptions_1               0x080001c1   Thumb Code     0  libinit2.o(.ARM.Collect$$libinit$$00000030)
    __rt_lib_init_fp_trap_1                  0x080001c1   Thumb Code     0  libinit2.o(.ARM.Collect$$libinit$$0000001F)
    __rt_lib_init_getenv_1                   0x080001c1   Thumb Code     0  libinit2.o(.ARM.Collect$$libinit$$00000023)
    __rt_lib_init_lc_numeric_1               0x080001c1   Thumb Code     0  libinit2.o(.ARM.Collect$$libinit$$00000017)
    __rt_lib_init_lc_time_1                  0x080001c1   Thumb Code     0  libinit2.o(.ARM.Collect$$libinit$$00000019)
    __rt_lib_init_return                     0x080001c1   Thumb Code     0  libinit2.o(.ARM.Collect$$libinit$$00000033)
    __rt_lib_init_signal_1                   0x080001c1   Thumb Code     0  libinit2.o(.ARM.Collect$$libinit$$0000001D)
    __rt_lib_init_stdio_1                    0x080001c1   Thumb Code     0  libinit2.o(.ARM.Collect$$libinit$$00000025)
    __rt_lib_shutdown                        0x080001c3   Thumb Code     0  libshutdown.o(.ARM.Collect$$libshutdown$$00000000)
    __rt_lib_shutdown_cpp_1                  0x080001c5   Thumb Code     0  libshutdown2.o(.ARM.Collect$$libshutdown$$00000002)
    __rt_lib_shutdown_fp_trap_1              0x080001c5   Thumb Code     0  libshutdown2.o(.ARM.Collect$$libshutdown$$00000007)
    __rt_lib_shutdown_heap_1                 0x080001c5   Thumb Code     0  libshutdown2.o(.ARM.Collect$$libshutdown$$0000000F)
    __rt_lib_shutdown_return                 0x080001c5   Thumb Code     0  libshutdown2.o(.ARM.Collect$$libshutdown$$00000010)
    __rt_lib_shutdown_signal_1               0x080001c5   Thumb Code     0  libshutdown2.o(.ARM.Collect$$libshutdown$$0000000A)
    __rt_lib_shutdown_stdio_1                0x080001c5   Thumb Code     0  libshutdown2.o(.ARM.Collect$$libshutdown$$00000004)
    __rt_lib_shutdown_user_alloc_1           0x080001c5   Thumb Code     0  libshutdown2.o(.ARM.Collect$$libshutdown$$0000000C)
    __rt_entry                               0x080001c7   Thumb Code     0  __rtentry.o(.ARM.Collect$$rtentry$$00000000)
    __rt_entry_presh_1                       0x080001c7   Thumb Code     0  __rtentry2.o(.ARM.Collect$$rtentry$$00000002)
    __rt_entry_sh                            0x080001c7   Thumb Code     0  __rtentry4.o(.ARM.Collect$$rtentry$$00000004)
    __rt_entry_li                            0x080001cd   Thumb Code     0  __rtentry2.o(.ARM.Collect$$rtentry$$0000000A)
    __rt_entry_postsh_1                      0x080001cd   Thumb Code     0  __rtentry2.o(.ARM.Collect$$rtentry$$00000009)
    __rt_entry_main                          0x080001d1   Thumb Code     0  __rtentry2.o(.ARM.Collect$$rtentry$$0000000D)
    __rt_entry_postli_1                      0x080001d1   Thumb Code     0  __rtentry2.o(.ARM.Collect$$rtentry$$0000000C)
    __rt_exit                                0x080001d9   Thumb Code     0  rtexit.o(.ARM.Collect$$rtexit$$00000000)
    __rt_exit_ls                             0x080001db   Thumb Code     0  rtexit2.o(.ARM.Collect$$rtexit$$00000003)
    __rt_exit_prels_1                        0x080001db   Thumb Code     0  rtexit2.o(.ARM.Collect$$rtexit$$00000002)
    __rt_exit_exit                           0x080001df   Thumb Code     0  rtexit2.o(.ARM.Collect$$rtexit$$00000004)
    Reset_Handler                            0x080001e5   Thumb Code     8  startup_stm32f103xe.o(.text)
    ADC3_IRQHandler                          0x080001ff   Thumb Code     0  startup_stm32f103xe.o(.text)
    CAN1_RX1_IRQHandler                      0x080001ff   Thumb Code     0  startup_stm32f103xe.o(.text)
    CAN1_SCE_IRQHandler                      0x080001ff   Thumb Code     0  startup_stm32f103xe.o(.text)
    DMA1_Channel2_IRQHandler                 0x080001ff   Thumb Code     0  startup_stm32f103xe.o(.text)
    DMA1_Channel3_IRQHandler                 0x080001ff   Thumb Code     0  startup_stm32f103xe.o(.text)
    DMA1_Channel4_IRQHandler                 0x080001ff   Thumb Code     0  startup_stm32f103xe.o(.text)
    DMA1_Channel5_IRQHandler                 0x080001ff   Thumb Code     0  startup_stm32f103xe.o(.text)
    DMA1_Channel6_IRQHandler                 0x080001ff   Thumb Code     0  startup_stm32f103xe.o(.text)
    DMA1_Channel7_IRQHandler                 0x080001ff   Thumb Code     0  startup_stm32f103xe.o(.text)
    DMA2_Channel1_IRQHandler                 0x080001ff   Thumb Code     0  startup_stm32f103xe.o(.text)
    DMA2_Channel2_IRQHandler                 0x080001ff   Thumb Code     0  startup_stm32f103xe.o(.text)
    DMA2_Channel3_IRQHandler                 0x080001ff   Thumb Code     0  startup_stm32f103xe.o(.text)
    DMA2_Channel4_5_IRQHandler               0x080001ff   Thumb Code     0  startup_stm32f103xe.o(.text)
    EXTI2_IRQHandler                         0x080001ff   Thumb Code     0  startup_stm32f103xe.o(.text)
    EXTI3_IRQHandler                         0x080001ff   Thumb Code     0  startup_stm32f103xe.o(.text)
    EXTI4_IRQHandler                         0x080001ff   Thumb Code     0  startup_stm32f103xe.o(.text)
    FLASH_IRQHandler                         0x080001ff   Thumb Code     0  startup_stm32f103xe.o(.text)
    FSMC_IRQHandler                          0x080001ff   Thumb Code     0  startup_stm32f103xe.o(.text)
    I2C1_ER_IRQHandler                       0x080001ff   Thumb Code     0  startup_stm32f103xe.o(.text)
    I2C1_EV_IRQHandler                       0x080001ff   Thumb Code     0  startup_stm32f103xe.o(.text)
    I2C2_ER_IRQHandler                       0x080001ff   Thumb Code     0  startup_stm32f103xe.o(.text)
    I2C2_EV_IRQHandler                       0x080001ff   Thumb Code     0  startup_stm32f103xe.o(.text)
    PVD_IRQHandler                           0x080001ff   Thumb Code     0  startup_stm32f103xe.o(.text)
    RCC_IRQHandler                           0x080001ff   Thumb Code     0  startup_stm32f103xe.o(.text)
    RTC_Alarm_IRQHandler                     0x080001ff   Thumb Code     0  startup_stm32f103xe.o(.text)
    RTC_IRQHandler                           0x080001ff   Thumb Code     0  startup_stm32f103xe.o(.text)
    SDIO_IRQHandler                          0x080001ff   Thumb Code     0  startup_stm32f103xe.o(.text)
    SPI1_IRQHandler                          0x080001ff   Thumb Code     0  startup_stm32f103xe.o(.text)
    SPI2_IRQHandler                          0x080001ff   Thumb Code     0  startup_stm32f103xe.o(.text)
    SPI3_IRQHandler                          0x080001ff   Thumb Code     0  startup_stm32f103xe.o(.text)
    TAMPER_IRQHandler                        0x080001ff   Thumb Code     0  startup_stm32f103xe.o(.text)
    TIM1_BRK_IRQHandler                      0x080001ff   Thumb Code     0  startup_stm32f103xe.o(.text)
    TIM1_CC_IRQHandler                       0x080001ff   Thumb Code     0  startup_stm32f103xe.o(.text)
    TIM1_TRG_COM_IRQHandler                  0x080001ff   Thumb Code     0  startup_stm32f103xe.o(.text)
    TIM1_UP_IRQHandler                       0x080001ff   Thumb Code     0  startup_stm32f103xe.o(.text)
    TIM2_IRQHandler                          0x080001ff   Thumb Code     0  startup_stm32f103xe.o(.text)
    TIM4_IRQHandler                          0x080001ff   Thumb Code     0  startup_stm32f103xe.o(.text)
    TIM5_IRQHandler                          0x080001ff   Thumb Code     0  startup_stm32f103xe.o(.text)
    TIM6_IRQHandler                          0x080001ff   Thumb Code     0  startup_stm32f103xe.o(.text)
    TIM7_IRQHandler                          0x080001ff   Thumb Code     0  startup_stm32f103xe.o(.text)
    TIM8_BRK_IRQHandler                      0x080001ff   Thumb Code     0  startup_stm32f103xe.o(.text)
    TIM8_CC_IRQHandler                       0x080001ff   Thumb Code     0  startup_stm32f103xe.o(.text)
    TIM8_TRG_COM_IRQHandler                  0x080001ff   Thumb Code     0  startup_stm32f103xe.o(.text)
    TIM8_UP_IRQHandler                       0x080001ff   Thumb Code     0  startup_stm32f103xe.o(.text)
    UART4_IRQHandler                         0x080001ff   Thumb Code     0  startup_stm32f103xe.o(.text)
    UART5_IRQHandler                         0x080001ff   Thumb Code     0  startup_stm32f103xe.o(.text)
    USART2_IRQHandler                        0x080001ff   Thumb Code     0  startup_stm32f103xe.o(.text)
    USART3_IRQHandler                        0x080001ff   Thumb Code     0  startup_stm32f103xe.o(.text)
    USBWakeUp_IRQHandler                     0x080001ff   Thumb Code     0  startup_stm32f103xe.o(.text)
    USB_HP_CAN1_TX_IRQHandler                0x080001ff   Thumb Code     0  startup_stm32f103xe.o(.text)
    USB_LP_CAN1_RX0_IRQHandler               0x080001ff   Thumb Code     0  startup_stm32f103xe.o(.text)
    WWDG_IRQHandler                          0x080001ff   Thumb Code     0  startup_stm32f103xe.o(.text)
    __user_initial_stackheap                 0x08000201   Thumb Code     0  startup_stm32f103xe.o(.text)
    __2sprintf                               0x08000225   Thumb Code    34  noretval__2sprintf.o(.text)
    __printf                                 0x0800024d   Thumb Code   270  __printf_wp.o(.text)
    __aeabi_memclr                           0x0800035b   Thumb Code     0  rt_memclr.o(.text)
    __rt_memclr                              0x0800035b   Thumb Code    68  rt_memclr.o(.text)
    _memset                                  0x0800035f   Thumb Code     0  rt_memclr.o(.text)
    __aeabi_memclr4                          0x0800039f   Thumb Code     0  rt_memclr_w.o(.text)
    __aeabi_memclr8                          0x0800039f   Thumb Code     0  rt_memclr_w.o(.text)
    __rt_memclr_w                            0x0800039f   Thumb Code    78  rt_memclr_w.o(.text)
    _memset_w                                0x080003a3   Thumb Code     0  rt_memclr_w.o(.text)
    __use_two_region_memory                  0x080003ed   Thumb Code     2  heapauxi.o(.text)
    __rt_heap_escrow$2region                 0x080003ef   Thumb Code     2  heapauxi.o(.text)
    __rt_heap_expand$2region                 0x080003f1   Thumb Code     2  heapauxi.o(.text)
    __lib_sel_fp_printf                      0x080003f3   Thumb Code     2  _printf_fp_dec.o(.text)
    _printf_fp_dec_real                      0x080005a5   Thumb Code   620  _printf_fp_dec.o(.text)
    _printf_char_common                      0x0800081b   Thumb Code    32  _printf_char_common.o(.text)
    _sputc                                   0x08000841   Thumb Code    10  _sputc.o(.text)
    __rt_locale                              0x0800084d   Thumb Code     8  rt_locale_intlibspace.o(.text)
    _ll_udiv10                               0x08000855   Thumb Code   138  lludiv10.o(.text)
    _printf_fp_infnan                        0x080008e1   Thumb Code   112  _printf_fp_infnan.o(.text)
    _btod_etento                             0x08000961   Thumb Code   224  bigflt0.o(.text)
    __user_libspace                          0x08000a45   Thumb Code     8  libspace.o(.text)
    __user_perproc_libspace                  0x08000a45   Thumb Code     0  libspace.o(.text)
    __user_perthread_libspace                0x08000a45   Thumb Code     0  libspace.o(.text)
    __user_setup_stackheap                   0x08000a4d   Thumb Code    74  sys_stackheap_outer.o(.text)
    exit                                     0x08000a97   Thumb Code    18  exit.o(.text)
    strcmp                                   0x08000aa9   Thumb Code   128  strcmpv7m.o(.text)
    _sys_exit                                0x08000b29   Thumb Code     8  sys_exit.o(.text)
    __I$use$semihosting                      0x08000b35   Thumb Code     0  use_no_semi.o(.text)
    __use_no_semihosting_swi                 0x08000b35   Thumb Code     2  use_no_semi.o(.text)
    __semihosting_library_function           0x08000b37   Thumb Code     0  indicate_semi.o(.text)
    _btod_d2e                                0x08000b37   Thumb Code    62  btod.o(CL$$btod_d2e)
    _d2e_denorm_low                          0x08000b75   Thumb Code    70  btod.o(CL$$btod_d2e_denorm_low)
    _d2e_norm_op1                            0x08000bbb   Thumb Code    96  btod.o(CL$$btod_d2e_norm_op1)
    __btod_div_common                        0x08000c1b   Thumb Code   696  btod.o(CL$$btod_div_common)
    _e2e                                     0x08000f53   Thumb Code   220  btod.o(CL$$btod_e2e)
    _btod_ediv                               0x0800102f   Thumb Code    42  btod.o(CL$$btod_ediv)
    _btod_emul                               0x08001059   Thumb Code    42  btod.o(CL$$btod_emul)
    __btod_mult_common                       0x08001083   Thumb Code   580  btod.o(CL$$btod_mult_common)
    ADC1_2_IRQHandler                        0x080012c9   Thumb Code     6  stm32f1xx_it.o(i.ADC1_2_IRQHandler)
    ADC_ConversionStop_Disable               0x080012d5   Thumb Code    86  stm32f1xx_hal_adc.o(i.ADC_ConversionStop_Disable)
    ADC_DMAConvCplt                          0x0800132b   Thumb Code    78  stm32f1xx_hal_adc.o(i.ADC_DMAConvCplt)
    ADC_DMAError                             0x08001379   Thumb Code    26  stm32f1xx_hal_adc.o(i.ADC_DMAError)
    ADC_DMAHalfConvCplt                      0x08001393   Thumb Code    10  stm32f1xx_hal_adc.o(i.ADC_DMAHalfConvCplt)
    ADC_Enable                               0x0800139d   Thumb Code   114  stm32f1xx_hal_adc.o(i.ADC_Enable)
    BusFault_Handler                         0x08001419   Thumb Code     2  stm32f1xx_it.o(i.BusFault_Handler)
    DMA1_Channel1_IRQHandler                 0x0800141d   Thumb Code     6  stm32f1xx_it.o(i.DMA1_Channel1_IRQHandler)
    DebugMon_Handler                         0x08001453   Thumb Code     2  stm32f1xx_it.o(i.DebugMon_Handler)
    EXTI0_IRQHandler                         0x08001455   Thumb Code     6  stm32f1xx_it.o(i.EXTI0_IRQHandler)
    EXTI15_10_IRQHandler                     0x0800145b   Thumb Code     8  stm32f1xx_it.o(i.EXTI15_10_IRQHandler)
    EXTI1_IRQHandler                         0x08001463   Thumb Code     6  stm32f1xx_it.o(i.EXTI1_IRQHandler)
    EXTI9_5_IRQHandler                       0x08001469   Thumb Code     6  stm32f1xx_it.o(i.EXTI9_5_IRQHandler)
    Error_Handler                            0x0800146f   Thumb Code     4  main.o(i.Error_Handler)
    HAL_ADCEx_Calibration_Start              0x08001475   Thumb Code   210  stm32f1xx_hal_adc_ex.o(i.HAL_ADCEx_Calibration_Start)
    HAL_ADCEx_InjectedConvCpltCallback       0x0800154d   Thumb Code     2  stm32f1xx_hal_adc_ex.o(i.HAL_ADCEx_InjectedConvCpltCallback)
    HAL_ADC_ConfigChannel                    0x08001551   Thumb Code   240  stm32f1xx_hal_adc.o(i.HAL_ADC_ConfigChannel)
    HAL_ADC_ConvCpltCallback                 0x0800164d   Thumb Code     2  stm32f1xx_hal_adc.o(i.HAL_ADC_ConvCpltCallback)
    HAL_ADC_ConvHalfCpltCallback             0x0800164f   Thumb Code     2  stm32f1xx_hal_adc.o(i.HAL_ADC_ConvHalfCpltCallback)
    HAL_ADC_ErrorCallback                    0x08001651   Thumb Code     2  stm32f1xx_hal_adc.o(i.HAL_ADC_ErrorCallback)
    HAL_ADC_IRQHandler                       0x08001653   Thumb Code   230  stm32f1xx_hal_adc.o(i.HAL_ADC_IRQHandler)
    HAL_ADC_Init                             0x08001739   Thumb Code   272  stm32f1xx_hal_adc.o(i.HAL_ADC_Init)
    HAL_ADC_LevelOutOfWindowCallback         0x08001859   Thumb Code     2  stm32f1xx_hal_adc.o(i.HAL_ADC_LevelOutOfWindowCallback)
    HAL_ADC_MspInit                          0x0800185d   Thumb Code   136  adc.o(i.HAL_ADC_MspInit)
    HAL_ADC_Start_DMA                        0x080018f9   Thumb Code   246  stm32f1xx_hal_adc.o(i.HAL_ADC_Start_DMA)
    HAL_DAC_ConfigChannel                    0x08001a05   Thumb Code    70  stm32f1xx_hal_dac.o(i.HAL_DAC_ConfigChannel)
    HAL_DAC_Init                             0x08001a4b   Thumb Code    40  stm32f1xx_hal_dac.o(i.HAL_DAC_Init)
    HAL_DAC_MspInit                          0x08001a75   Thumb Code    76  dac.o(i.HAL_DAC_MspInit)
    HAL_DAC_SetValue                         0x08001acd   Thumb Code    26  stm32f1xx_hal_dac.o(i.HAL_DAC_SetValue)
    HAL_DAC_Start                            0x08001ae7   Thumb Code    92  stm32f1xx_hal_dac.o(i.HAL_DAC_Start)
    HAL_DMA_Abort                            0x08001b43   Thumb Code    70  stm32f1xx_hal_dma.o(i.HAL_DMA_Abort)
    HAL_DMA_Abort_IT                         0x08001b89   Thumb Code   296  stm32f1xx_hal_dma.o(i.HAL_DMA_Abort_IT)
    HAL_DMA_IRQHandler                       0x08001cb9   Thumb Code   552  stm32f1xx_hal_dma.o(i.HAL_DMA_IRQHandler)
    HAL_DMA_Init                             0x08001f01   Thumb Code   112  stm32f1xx_hal_dma.o(i.HAL_DMA_Init)
    HAL_DMA_Start_IT                         0x08001f7d   Thumb Code   112  stm32f1xx_hal_dma.o(i.HAL_DMA_Start_IT)
    HAL_Delay                                0x08001fed   Thumb Code    32  stm32f1xx_hal.o(i.HAL_Delay)
    HAL_GPIO_EXTI_Callback                   0x08002011   Thumb Code   278  main.o(i.HAL_GPIO_EXTI_Callback)
    HAL_GPIO_EXTI_IRQHandler                 0x08002151   Thumb Code    18  stm32f1xx_hal_gpio.o(i.HAL_GPIO_EXTI_IRQHandler)
    HAL_GPIO_Init                            0x08002169   Thumb Code   462  stm32f1xx_hal_gpio.o(i.HAL_GPIO_Init)
    HAL_GPIO_ReadPin                         0x08002361   Thumb Code    10  stm32f1xx_hal_gpio.o(i.HAL_GPIO_ReadPin)
    HAL_GPIO_WritePin                        0x0800236b   Thumb Code    10  stm32f1xx_hal_gpio.o(i.HAL_GPIO_WritePin)
    HAL_GetTick                              0x08002375   Thumb Code     6  stm32f1xx_hal.o(i.HAL_GetTick)
    HAL_IncTick                              0x08002381   Thumb Code    12  stm32f1xx_hal.o(i.HAL_IncTick)
    HAL_Init                                 0x08002391   Thumb Code    32  stm32f1xx_hal.o(i.HAL_Init)
    HAL_InitTick                             0x080023b5   Thumb Code    54  stm32f1xx_hal.o(i.HAL_InitTick)
    HAL_MspInit                              0x080023f5   Thumb Code    52  stm32f1xx_hal_msp.o(i.HAL_MspInit)
    HAL_NVIC_EnableIRQ                       0x08002431   Thumb Code    26  stm32f1xx_hal_cortex.o(i.HAL_NVIC_EnableIRQ)
    HAL_NVIC_SetPriority                     0x0800244d   Thumb Code    60  stm32f1xx_hal_cortex.o(i.HAL_NVIC_SetPriority)
    HAL_NVIC_SetPriorityGrouping             0x0800248d   Thumb Code    26  stm32f1xx_hal_cortex.o(i.HAL_NVIC_SetPriorityGrouping)
    HAL_RCCEx_GetPeriphCLKFreq               0x080024b1   Thumb Code   180  stm32f1xx_hal_rcc_ex.o(i.HAL_RCCEx_GetPeriphCLKFreq)
    HAL_RCCEx_PeriphCLKConfig                0x08002585   Thumb Code   224  stm32f1xx_hal_rcc_ex.o(i.HAL_RCCEx_PeriphCLKConfig)
    HAL_RCC_ClockConfig                      0x08002671   Thumb Code   280  stm32f1xx_hal_rcc.o(i.HAL_RCC_ClockConfig)
    HAL_RCC_GetPCLK1Freq                     0x0800279d   Thumb Code    20  stm32f1xx_hal_rcc.o(i.HAL_RCC_GetPCLK1Freq)
    HAL_RCC_GetPCLK2Freq                     0x080027bd   Thumb Code    20  stm32f1xx_hal_rcc.o(i.HAL_RCC_GetPCLK2Freq)
    HAL_RCC_GetSysClockFreq                  0x080027dd   Thumb Code    74  stm32f1xx_hal_rcc.o(i.HAL_RCC_GetSysClockFreq)
    HAL_RCC_OscConfig                        0x08002849   Thumb Code   778  stm32f1xx_hal_rcc.o(i.HAL_RCC_OscConfig)
    HAL_SYSTICK_CLKSourceConfig              0x08002b69   Thumb Code    24  stm32f1xx_hal_cortex.o(i.HAL_SYSTICK_CLKSourceConfig)
    HAL_SYSTICK_Config                       0x08002b81   Thumb Code    40  stm32f1xx_hal_cortex.o(i.HAL_SYSTICK_Config)
    HAL_TIMEx_BreakCallback                  0x08002ba9   Thumb Code     2  stm32f1xx_hal_tim_ex.o(i.HAL_TIMEx_BreakCallback)
    HAL_TIMEx_CommutCallback                 0x08002bab   Thumb Code     2  stm32f1xx_hal_tim_ex.o(i.HAL_TIMEx_CommutCallback)
    HAL_TIMEx_MasterConfigSynchronization    0x08002bad   Thumb Code   104  stm32f1xx_hal_tim_ex.o(i.HAL_TIMEx_MasterConfigSynchronization)
    HAL_TIM_Base_Init                        0x08002c29   Thumb Code    90  stm32f1xx_hal_tim.o(i.HAL_TIM_Base_Init)
    HAL_TIM_Base_MspInit                     0x08002c85   Thumb Code    50  tim.o(i.HAL_TIM_Base_MspInit)
    HAL_TIM_ConfigClockSource                0x08002cc1   Thumb Code   214  stm32f1xx_hal_tim.o(i.HAL_TIM_ConfigClockSource)
    HAL_TIM_IC_CaptureCallback               0x08002d97   Thumb Code     2  stm32f1xx_hal_tim.o(i.HAL_TIM_IC_CaptureCallback)
    HAL_TIM_IRQHandler                       0x08002d99   Thumb Code   358  stm32f1xx_hal_tim.o(i.HAL_TIM_IRQHandler)
    HAL_TIM_MspPostInit                      0x08002f01   Thumb Code    62  tim.o(i.HAL_TIM_MspPostInit)
    HAL_TIM_OC_ConfigChannel                 0x08002f4d   Thumb Code    76  stm32f1xx_hal_tim.o(i.HAL_TIM_OC_ConfigChannel)
    HAL_TIM_OC_DelayElapsedCallback          0x08002f99   Thumb Code   224  main.o(i.HAL_TIM_OC_DelayElapsedCallback)
    HAL_TIM_OC_Init                          0x08003099   Thumb Code    90  stm32f1xx_hal_tim.o(i.HAL_TIM_OC_Init)
    HAL_TIM_OC_MspInit                       0x080030f3   Thumb Code     2  stm32f1xx_hal_tim.o(i.HAL_TIM_OC_MspInit)
    HAL_TIM_PWM_ConfigChannel                0x080030f5   Thumb Code   198  stm32f1xx_hal_tim.o(i.HAL_TIM_PWM_ConfigChannel)
    HAL_TIM_PWM_Init                         0x080031bb   Thumb Code    90  stm32f1xx_hal_tim.o(i.HAL_TIM_PWM_Init)
    HAL_TIM_PWM_MspInit                      0x08003215   Thumb Code     2  stm32f1xx_hal_tim.o(i.HAL_TIM_PWM_MspInit)
    HAL_TIM_PWM_PulseFinishedCallback        0x08003217   Thumb Code     2  stm32f1xx_hal_tim.o(i.HAL_TIM_PWM_PulseFinishedCallback)
    HAL_TIM_PeriodElapsedCallback            0x08003219   Thumb Code     2  stm32f1xx_hal_tim.o(i.HAL_TIM_PeriodElapsedCallback)
    HAL_TIM_TriggerCallback                  0x0800321b   Thumb Code     2  stm32f1xx_hal_tim.o(i.HAL_TIM_TriggerCallback)
    HAL_UARTEx_RxEventCallback               0x0800321d   Thumb Code     2  stm32f1xx_hal_uart.o(i.HAL_UARTEx_RxEventCallback)
    HAL_UART_ErrorCallback                   0x0800321f   Thumb Code     2  stm32f1xx_hal_uart.o(i.HAL_UART_ErrorCallback)
    HAL_UART_IRQHandler                      0x08003221   Thumb Code   520  stm32f1xx_hal_uart.o(i.HAL_UART_IRQHandler)
    HAL_UART_Init                            0x0800342d   Thumb Code    98  stm32f1xx_hal_uart.o(i.HAL_UART_Init)
    HAL_UART_MspInit                         0x08003491   Thumb Code   116  usart.o(i.HAL_UART_MspInit)
    HAL_UART_RxCpltCallback                  0x08003511   Thumb Code     2  stm32f1xx_hal_uart.o(i.HAL_UART_RxCpltCallback)
    HAL_UART_TxCpltCallback                  0x08003513   Thumb Code     2  stm32f1xx_hal_uart.o(i.HAL_UART_TxCpltCallback)
    HardFault_Handler                        0x08003515   Thumb Code     2  stm32f1xx_it.o(i.HardFault_Handler)
    LCD_Clear                                0x08003519   Thumb Code    64  lcd.o(i.LCD_Clear)
    LCD_Display_Dir                          0x08003565   Thumb Code   180  lcd.o(i.LCD_Display_Dir)
    LCD_Fast_DrawPoint                       0x0800361d   Thumb Code   434  lcd.o(i.LCD_Fast_DrawPoint)
    LCD_Init                                 0x080037dd   Thumb Code  9906  lcd.o(i.LCD_Init)
    LCD_Pow                                  0x08005e99   Thumb Code    16  lcd.o(i.LCD_Pow)
    LCD_RD_DATA                              0x08005ea9   Thumb Code    72  lcd.o(i.LCD_RD_DATA)
    LCD_SSD_BackLightSet                     0x08005ef9   Thumb Code   142  lcd.o(i.LCD_SSD_BackLightSet)
    LCD_Scan_Dir                             0x08005f95   Thumb Code   710  lcd.o(i.LCD_Scan_Dir)
    LCD_SetCursor                            0x08006269   Thumb Code   518  lcd.o(i.LCD_SetCursor)
    LCD_ShowChar                             0x0800647d   Thumb Code   190  lcd.o(i.LCD_ShowChar)
    LCD_ShowNum                              0x08006551   Thumb Code   118  lcd.o(i.LCD_ShowNum)
    LCD_ShowString                           0x080065c7   Thumb Code    84  lcd.o(i.LCD_ShowString)
    LCD_WR_DATAX                             0x0800661d   Thumb Code    26  lcd.o(i.LCD_WR_DATAX)
    LCD_WR_REG                               0x08006641   Thumb Code    26  lcd.o(i.LCD_WR_REG)
    LCD_WriteRAM_Prepare                     0x08006665   Thumb Code     8  lcd.o(i.LCD_WriteRAM_Prepare)
    LCD_WriteReg                             0x08006671   Thumb Code    34  lcd.o(i.LCD_WriteReg)
    MX_ADC1_Init                             0x0800669d   Thumb Code    70  adc.o(i.MX_ADC1_Init)
    MX_DAC_Init                              0x080066ed   Thumb Code    50  dac.o(i.MX_DAC_Init)
    MX_DMA_Init                              0x08006729   Thumb Code    40  dma.o(i.MX_DMA_Init)
    MX_GPIO_Init                             0x08006755   Thumb Code   254  gpio.o(i.MX_GPIO_Init)
    MX_TIM3_Init                             0x0800686d   Thumb Code   176  tim.o(i.MX_TIM3_Init)
    MX_USART1_UART_Init                      0x08006925   Thumb Code    48  usart.o(i.MX_USART1_UART_Init)
    MemManage_Handler                        0x0800695d   Thumb Code     2  stm32f1xx_it.o(i.MemManage_Handler)
    NMI_Handler                              0x0800695f   Thumb Code     2  stm32f1xx_it.o(i.NMI_Handler)
    PendSV_Handler                           0x08006961   Thumb Code     2  stm32f1xx_it.o(i.PendSV_Handler)
    SVC_Handler                              0x08006963   Thumb Code     2  stm32f1xx_it.o(i.SVC_Handler)
    SysTick_Handler                          0x08006965   Thumb Code     4  stm32f1xx_it.o(i.SysTick_Handler)
    SystemClock_Config                       0x08006969   Thumb Code   122  main.o(i.SystemClock_Config)
    SystemInit                               0x080069e3   Thumb Code     2  system_stm32f1xx.o(i.SystemInit)
    TIM3_IRQHandler                          0x080069e5   Thumb Code     6  stm32f1xx_it.o(i.TIM3_IRQHandler)
    TIM_Base_SetConfig                       0x080069f1   Thumb Code   120  stm32f1xx_hal_tim.o(i.TIM_Base_SetConfig)
    TIM_ETR_SetConfig                        0x08006a7d   Thumb Code    20  stm32f1xx_hal_tim.o(i.TIM_ETR_SetConfig)
    TIM_OC2_SetConfig                        0x08006b01   Thumb Code    98  stm32f1xx_hal_tim.o(i.TIM_OC2_SetConfig)
    USART1_IRQHandler                        0x08006e19   Thumb Code     6  stm32f1xx_it.o(i.USART1_IRQHandler)
    UsageFault_Handler                       0x08006e25   Thumb Code     2  stm32f1xx_it.o(i.UsageFault_Handler)
    __ARM_fpclassify                         0x08006e27   Thumb Code    40  fpclassify.o(i.__ARM_fpclassify)
    _is_digit                                0x08006e6f   Thumb Code    14  __printf_wp.o(i._is_digit)
    delay_init                               0x08006e7d   Thumb Code    16  delay.o(i.delay_init)
    delay_ms                                 0x08006e91   Thumb Code    26  delay.o(i.delay_ms)
    delay_us                                 0x08006ead   Thumb Code    48  delay.o(i.delay_us)
    main                                     0x08006ee1   Thumb Code   182  main.o(i.main)
    pa6Upd                                   0x08006fc5   Thumb Code    40  main.o(i.pa6Upd)
    pa7Upd                                   0x08006ff5   Thumb Code    40  main.o(i.pa7Upd)
    rerender                                 0x08007025   Thumb Code   168  main.o(i.rerender)
    voltUpd                                  0x080070f1   Thumb Code    72  main.o(i.voltUpd)
    _get_lc_numeric                          0x08007149   Thumb Code    44  lc_numeric_c.o(locale$$code)
    __aeabi_dadd                             0x08007175   Thumb Code     0  daddsub_clz.o(x$fpl$dadd)
    _dadd                                    0x08007175   Thumb Code   332  daddsub_clz.o(x$fpl$dadd)
    __fpl_dcheck_NaN1                        0x080072c5   Thumb Code    10  dcheck1.o(x$fpl$dcheck1)
    __aeabi_ddiv                             0x080072d5   Thumb Code     0  ddiv.o(x$fpl$ddiv)
    _ddiv                                    0x080072d5   Thumb Code   552  ddiv.o(x$fpl$ddiv)
    __aeabi_d2uiz                            0x08007585   Thumb Code     0  dfixu.o(x$fpl$dfixu)
    _dfixu                                   0x08007585   Thumb Code    90  dfixu.o(x$fpl$dfixu)
    __aeabi_i2d                              0x080075df   Thumb Code     0  dflt_clz.o(x$fpl$dflt)
    _dflt                                    0x080075df   Thumb Code    46  dflt_clz.o(x$fpl$dflt)
    __aeabi_ui2d                             0x0800760d   Thumb Code     0  dflt_clz.o(x$fpl$dfltu)
    _dfltu                                   0x0800760d   Thumb Code    38  dflt_clz.o(x$fpl$dfltu)
    __aeabi_dmul                             0x08007635   Thumb Code     0  dmul.o(x$fpl$dmul)
    _dmul                                    0x08007635   Thumb Code   332  dmul.o(x$fpl$dmul)
    __fpl_dnaninf                            0x08007789   Thumb Code   156  dnaninf.o(x$fpl$dnaninf)
    __fpl_dretinf                            0x08007825   Thumb Code    12  dretinf.o(x$fpl$dretinf)
    __aeabi_drsub                            0x08007831   Thumb Code     0  daddsub_clz.o(x$fpl$drsb)
    _drsb                                    0x08007831   Thumb Code    22  daddsub_clz.o(x$fpl$drsb)
    __aeabi_dsub                             0x08007849   Thumb Code     0  daddsub_clz.o(x$fpl$dsub)
    _dsub                                    0x08007849   Thumb Code   464  daddsub_clz.o(x$fpl$dsub)
    _printf_fp_dec                           0x08007a1d   Thumb Code     4  printf1.o(x$fpl$printf1)
    __fpl_return_NaN                         0x08007a21   Thumb Code   100  retnan.o(x$fpl$retnan)
    __ARM_scalbn                             0x08007a85   Thumb Code    92  scalbn.o(x$fpl$scalbn)
    __fpl_cmpreturn                          0x08007ae1   Thumb Code    48  trapv.o(x$fpl$trapveneer)
    AHBPrescTable                            0x08007b10   Data          16  system_stm32f1xx.o(.constdata)
    __I$use$fp                               0x08007b10   Number         0  usenofp.o(x$fpl$usenofp)
    APBPrescTable                            0x08007b20   Data           8  system_stm32f1xx.o(.constdata)
    asc2_1206                                0x08007b28   Data        1140  lcd.o(.constdata)
    asc2_1608                                0x08007f9c   Data        1520  lcd.o(.constdata)
    asc2_2412                                0x0800858c   Data        3420  lcd.o(.constdata)
    Region$$Table$$Base                      0x080093c4   Number         0  anon$$obj.o(Region$$Table)
    Region$$Table$$Limit                     0x080093e4   Number         0  anon$$obj.o(Region$$Table)
    paraPage                                 0x20000000   Data           1  main.o(.data)
    autoMode                                 0x20000001   Data           1  main.o(.data)
    pa6Rate                                  0x20000002   Data           1  main.o(.data)
    pa7Rate                                  0x20000003   Data           1  main.o(.data)
    pa7Step                                  0x20000004   Data           1  main.o(.data)
    voltage                                  0x20000008   Data           4  main.o(.data)
    adcBuf                                   0x2000000c   Data           4  main.o(.data)
    uwTickFreq                               0x20000010   Data           1  stm32f1xx_hal.o(.data)
    uwTickPrio                               0x20000014   Data           4  stm32f1xx_hal.o(.data)
    uwTick                                   0x20000018   Data           4  stm32f1xx_hal.o(.data)
    SystemCoreClock                          0x2000001c   Data           4  system_stm32f1xx.o(.data)
    POINT_COLOR                              0x20000024   Data           2  lcd.o(.data)
    BACK_COLOR                               0x20000026   Data           2  lcd.o(.data)
    buf                                      0x20000028   Data          32  main.o(.bss)
    hadc1                                    0x20000048   Data          48  adc.o(.bss)
    hdma_adc1                                0x20000078   Data          68  adc.o(.bss)
    hdac                                     0x200000bc   Data          20  dac.o(.bss)
    htim3                                    0x200000d0   Data          72  tim.o(.bss)
    huart1                                   0x20000118   Data          68  usart.o(.bss)
    lcddev                                   0x2000015c   Data          14  lcd.o(.bss)
    __libspace_start                         0x2000016c   Data          96  libspace.o(.bss)
    __temporary_stack_top$libspace           0x200001cc   Data           0  libspace.o(.bss)



==============================================================================

Memory Map of the image

  Image Entry point : 0x08000131

  Load Region LR_IROM1 (Base: 0x08000000, Size: 0x00009428, Max: 0x00040000, ABSOLUTE)

    Execution Region ER_IROM1 (Exec base: 0x08000000, Load base: 0x08000000, Size: 0x00009400, Max: 0x00040000, ABSOLUTE)

    Exec Addr    Load Addr    Size         Type   Attr      Idx    E Section Name        Object

    0x08000000   0x08000000   0x00000130   Data   RO            3    RESET               startup_stm32f103xe.o
    0x08000130   0x08000130   0x00000008   Code   RO         3790  * !!!main             c_w.l(__main.o)
    0x08000138   0x08000138   0x00000034   Code   RO         4036    !!!scatter          c_w.l(__scatter.o)
    0x0800016c   0x0800016c   0x0000001a   Code   RO         4038    !!handler_copy      c_w.l(__scatter_copy.o)
    0x08000186   0x08000186   0x00000002   PAD
    0x08000188   0x08000188   0x0000001c   Code   RO         4040    !!handler_zi        c_w.l(__scatter_zi.o)
    0x080001a4   0x080001a4   0x00000000   Code   RO         3783    .ARM.Collect$$_printf_percent$$00000000  c_w.l(_printf_percent.o)
    0x080001a4   0x080001a4   0x00000006   Code   RO         3782    .ARM.Collect$$_printf_percent$$00000003  c_w.l(_printf_f.o)
    0x080001aa   0x080001aa   0x00000004   Code   RO         3825    .ARM.Collect$$_printf_percent$$00000017  c_w.l(_printf_percent_end.o)
    0x080001ae   0x080001ae   0x00000002   Code   RO         3907    .ARM.Collect$$libinit$$00000000  c_w.l(libinit.o)
    0x080001b0   0x080001b0   0x00000000   Code   RO         3909    .ARM.Collect$$libinit$$00000002  c_w.l(libinit2.o)
    0x080001b0   0x080001b0   0x00000000   Code   RO         3911    .ARM.Collect$$libinit$$00000004  c_w.l(libinit2.o)
    0x080001b0   0x080001b0   0x00000000   Code   RO         3914    .ARM.Collect$$libinit$$0000000A  c_w.l(libinit2.o)
    0x080001b0   0x080001b0   0x00000000   Code   RO         3916    .ARM.Collect$$libinit$$0000000C  c_w.l(libinit2.o)
    0x080001b0   0x080001b0   0x00000000   Code   RO         3918    .ARM.Collect$$libinit$$0000000E  c_w.l(libinit2.o)
    0x080001b0   0x080001b0   0x00000006   Code   RO         3919    .ARM.Collect$$libinit$$0000000F  c_w.l(libinit2.o)
    0x080001b6   0x080001b6   0x00000000   Code   RO         3921    .ARM.Collect$$libinit$$00000011  c_w.l(libinit2.o)
    0x080001b6   0x080001b6   0x00000000   Code   RO         3923    .ARM.Collect$$libinit$$00000013  c_w.l(libinit2.o)
    0x080001b6   0x080001b6   0x00000000   Code   RO         3925    .ARM.Collect$$libinit$$00000015  c_w.l(libinit2.o)
    0x080001b6   0x080001b6   0x0000000a   Code   RO         3926    .ARM.Collect$$libinit$$00000016  c_w.l(libinit2.o)
    0x080001c0   0x080001c0   0x00000000   Code   RO         3927    .ARM.Collect$$libinit$$00000017  c_w.l(libinit2.o)
    0x080001c0   0x080001c0   0x00000000   Code   RO         3929    .ARM.Collect$$libinit$$00000019  c_w.l(libinit2.o)
    0x080001c0   0x080001c0   0x00000000   Code   RO         3931    .ARM.Collect$$libinit$$0000001B  c_w.l(libinit2.o)
    0x080001c0   0x080001c0   0x00000000   Code   RO         3933    .ARM.Collect$$libinit$$0000001D  c_w.l(libinit2.o)
    0x080001c0   0x080001c0   0x00000000   Code   RO         3935    .ARM.Collect$$libinit$$0000001F  c_w.l(libinit2.o)
    0x080001c0   0x080001c0   0x00000000   Code   RO         3937    .ARM.Collect$$libinit$$00000021  c_w.l(libinit2.o)
    0x080001c0   0x080001c0   0x00000000   Code   RO         3939    .ARM.Collect$$libinit$$00000023  c_w.l(libinit2.o)
    0x080001c0   0x080001c0   0x00000000   Code   RO         3941    .ARM.Collect$$libinit$$00000025  c_w.l(libinit2.o)
    0x080001c0   0x080001c0   0x00000000   Code   RO         3945    .ARM.Collect$$libinit$$0000002C  c_w.l(libinit2.o)
    0x080001c0   0x080001c0   0x00000000   Code   RO         3947    .ARM.Collect$$libinit$$0000002E  c_w.l(libinit2.o)
    0x080001c0   0x080001c0   0x00000000   Code   RO         3949    .ARM.Collect$$libinit$$00000030  c_w.l(libinit2.o)
    0x080001c0   0x080001c0   0x00000000   Code   RO         3951    .ARM.Collect$$libinit$$00000032  c_w.l(libinit2.o)
    0x080001c0   0x080001c0   0x00000002   Code   RO         3952    .ARM.Collect$$libinit$$00000033  c_w.l(libinit2.o)
    0x080001c2   0x080001c2   0x00000002   Code   RO         3984    .ARM.Collect$$libshutdown$$00000000  c_w.l(libshutdown.o)
    0x080001c4   0x080001c4   0x00000000   Code   RO         3995    .ARM.Collect$$libshutdown$$00000002  c_w.l(libshutdown2.o)
    0x080001c4   0x080001c4   0x00000000   Code   RO         3997    .ARM.Collect$$libshutdown$$00000004  c_w.l(libshutdown2.o)
    0x080001c4   0x080001c4   0x00000000   Code   RO         4000    .ARM.Collect$$libshutdown$$00000007  c_w.l(libshutdown2.o)
    0x080001c4   0x080001c4   0x00000000   Code   RO         4003    .ARM.Collect$$libshutdown$$0000000A  c_w.l(libshutdown2.o)
    0x080001c4   0x080001c4   0x00000000   Code   RO         4005    .ARM.Collect$$libshutdown$$0000000C  c_w.l(libshutdown2.o)
    0x080001c4   0x080001c4   0x00000000   Code   RO         4008    .ARM.Collect$$libshutdown$$0000000F  c_w.l(libshutdown2.o)
    0x080001c4   0x080001c4   0x00000002   Code   RO         4009    .ARM.Collect$$libshutdown$$00000010  c_w.l(libshutdown2.o)
    0x080001c6   0x080001c6   0x00000000   Code   RO         3818    .ARM.Collect$$rtentry$$00000000  c_w.l(__rtentry.o)
    0x080001c6   0x080001c6   0x00000000   Code   RO         3834    .ARM.Collect$$rtentry$$00000002  c_w.l(__rtentry2.o)
    0x080001c6   0x080001c6   0x00000006   Code   RO         3846    .ARM.Collect$$rtentry$$00000004  c_w.l(__rtentry4.o)
    0x080001cc   0x080001cc   0x00000000   Code   RO         3836    .ARM.Collect$$rtentry$$00000009  c_w.l(__rtentry2.o)
    0x080001cc   0x080001cc   0x00000004   Code   RO         3837    .ARM.Collect$$rtentry$$0000000A  c_w.l(__rtentry2.o)
    0x080001d0   0x080001d0   0x00000000   Code   RO         3839    .ARM.Collect$$rtentry$$0000000C  c_w.l(__rtentry2.o)
    0x080001d0   0x080001d0   0x00000008   Code   RO         3840    .ARM.Collect$$rtentry$$0000000D  c_w.l(__rtentry2.o)
    0x080001d8   0x080001d8   0x00000002   Code   RO         3955    .ARM.Collect$$rtexit$$00000000  c_w.l(rtexit.o)
    0x080001da   0x080001da   0x00000000   Code   RO         3962    .ARM.Collect$$rtexit$$00000002  c_w.l(rtexit2.o)
    0x080001da   0x080001da   0x00000004   Code   RO         3963    .ARM.Collect$$rtexit$$00000003  c_w.l(rtexit2.o)
    0x080001de   0x080001de   0x00000006   Code   RO         3964    .ARM.Collect$$rtexit$$00000004  c_w.l(rtexit2.o)
    0x080001e4   0x080001e4   0x00000040   Code   RO            4    .text               startup_stm32f103xe.o
    0x08000224   0x08000224   0x00000028   Code   RO         3758    .text               c_w.l(noretval__2sprintf.o)
    0x0800024c   0x0800024c   0x0000010e   Code   RO         3770    .text               c_w.l(__printf_wp.o)
    0x0800035a   0x0800035a   0x00000044   Code   RO         3784    .text               c_w.l(rt_memclr.o)
    0x0800039e   0x0800039e   0x0000004e   Code   RO         3786    .text               c_w.l(rt_memclr_w.o)
    0x080003ec   0x080003ec   0x00000006   Code   RO         3788    .text               c_w.l(heapauxi.o)
    0x080003f2   0x080003f2   0x0000041e   Code   RO         3819    .text               c_w.l(_printf_fp_dec.o)
    0x08000810   0x08000810   0x00000030   Code   RO         3821    .text               c_w.l(_printf_char_common.o)
    0x08000840   0x08000840   0x0000000a   Code   RO         3823    .text               c_w.l(_sputc.o)
    0x0800084a   0x0800084a   0x00000002   PAD
    0x0800084c   0x0800084c   0x00000008   Code   RO         3851    .text               c_w.l(rt_locale_intlibspace.o)
    0x08000854   0x08000854   0x0000008a   Code   RO         3853    .text               c_w.l(lludiv10.o)
    0x080008de   0x080008de   0x00000002   PAD
    0x080008e0   0x080008e0   0x00000080   Code   RO         3855    .text               c_w.l(_printf_fp_infnan.o)
    0x08000960   0x08000960   0x000000e4   Code   RO         3859    .text               c_w.l(bigflt0.o)
    0x08000a44   0x08000a44   0x00000008   Code   RO         3893    .text               c_w.l(libspace.o)
    0x08000a4c   0x08000a4c   0x0000004a   Code   RO         3896    .text               c_w.l(sys_stackheap_outer.o)
    0x08000a96   0x08000a96   0x00000012   Code   RO         3898    .text               c_w.l(exit.o)
    0x08000aa8   0x08000aa8   0x00000080   Code   RO         3900    .text               c_w.l(strcmpv7m.o)
    0x08000b28   0x08000b28   0x0000000c   Code   RO         3974    .text               c_w.l(sys_exit.o)
    0x08000b34   0x08000b34   0x00000002   Code   RO         3985    .text               c_w.l(use_no_semi.o)
    0x08000b36   0x08000b36   0x00000000   Code   RO         3987    .text               c_w.l(indicate_semi.o)
    0x08000b36   0x08000b36   0x0000003e   Code   RO         3862    CL$$btod_d2e        c_w.l(btod.o)
    0x08000b74   0x08000b74   0x00000046   Code   RO         3864    CL$$btod_d2e_denorm_low  c_w.l(btod.o)
    0x08000bba   0x08000bba   0x00000060   Code   RO         3863    CL$$btod_d2e_norm_op1  c_w.l(btod.o)
    0x08000c1a   0x08000c1a   0x00000338   Code   RO         3872    CL$$btod_div_common  c_w.l(btod.o)
    0x08000f52   0x08000f52   0x000000dc   Code   RO         3869    CL$$btod_e2e        c_w.l(btod.o)
    0x0800102e   0x0800102e   0x0000002a   Code   RO         3866    CL$$btod_ediv       c_w.l(btod.o)
    0x08001058   0x08001058   0x0000002a   Code   RO         3865    CL$$btod_emul       c_w.l(btod.o)
    0x08001082   0x08001082   0x00000244   Code   RO         3871    CL$$btod_mult_common  c_w.l(btod.o)
    0x080012c6   0x080012c6   0x00000002   PAD
    0x080012c8   0x080012c8   0x0000000c   Code   RO          451    i.ADC1_2_IRQHandler  stm32f1xx_it.o
    0x080012d4   0x080012d4   0x00000056   Code   RO          635    i.ADC_ConversionStop_Disable  stm32f1xx_hal_adc.o
    0x0800132a   0x0800132a   0x0000004e   Code   RO          636    i.ADC_DMAConvCplt   stm32f1xx_hal_adc.o
    0x08001378   0x08001378   0x0000001a   Code   RO          637    i.ADC_DMAError      stm32f1xx_hal_adc.o
    0x08001392   0x08001392   0x0000000a   Code   RO          638    i.ADC_DMAHalfConvCplt  stm32f1xx_hal_adc.o
    0x0800139c   0x0800139c   0x0000007c   Code   RO          639    i.ADC_Enable        stm32f1xx_hal_adc.o
    0x08001418   0x08001418   0x00000002   Code   RO          452    i.BusFault_Handler  stm32f1xx_it.o
    0x0800141a   0x0800141a   0x00000002   PAD
    0x0800141c   0x0800141c   0x0000000c   Code   RO          453    i.DMA1_Channel1_IRQHandler  stm32f1xx_it.o
    0x08001428   0x08001428   0x0000002a   Code   RO         1289    i.DMA_SetConfig     stm32f1xx_hal_dma.o
    0x08001452   0x08001452   0x00000002   Code   RO          454    i.DebugMon_Handler  stm32f1xx_it.o
    0x08001454   0x08001454   0x00000006   Code   RO          455    i.EXTI0_IRQHandler  stm32f1xx_it.o
    0x0800145a   0x0800145a   0x00000008   Code   RO          456    i.EXTI15_10_IRQHandler  stm32f1xx_it.o
    0x08001462   0x08001462   0x00000006   Code   RO          457    i.EXTI1_IRQHandler  stm32f1xx_it.o
    0x08001468   0x08001468   0x00000006   Code   RO          458    i.EXTI9_5_IRQHandler  stm32f1xx_it.o
    0x0800146e   0x0800146e   0x00000004   Code   RO           13    i.Error_Handler     main.o
    0x08001472   0x08001472   0x00000002   PAD
    0x08001474   0x08001474   0x000000d8   Code   RO          815    i.HAL_ADCEx_Calibration_Start  stm32f1xx_hal_adc_ex.o
    0x0800154c   0x0800154c   0x00000002   Code   RO          817    i.HAL_ADCEx_InjectedConvCpltCallback  stm32f1xx_hal_adc_ex.o
    0x0800154e   0x0800154e   0x00000002   PAD
    0x08001550   0x08001550   0x000000fc   Code   RO          641    i.HAL_ADC_ConfigChannel  stm32f1xx_hal_adc.o
    0x0800164c   0x0800164c   0x00000002   Code   RO          642    i.HAL_ADC_ConvCpltCallback  stm32f1xx_hal_adc.o
    0x0800164e   0x0800164e   0x00000002   Code   RO          643    i.HAL_ADC_ConvHalfCpltCallback  stm32f1xx_hal_adc.o
    0x08001650   0x08001650   0x00000002   Code   RO          645    i.HAL_ADC_ErrorCallback  stm32f1xx_hal_adc.o
    0x08001652   0x08001652   0x000000e6   Code   RO          649    i.HAL_ADC_IRQHandler  stm32f1xx_hal_adc.o
    0x08001738   0x08001738   0x00000120   Code   RO          650    i.HAL_ADC_Init      stm32f1xx_hal_adc.o
    0x08001858   0x08001858   0x00000002   Code   RO          651    i.HAL_ADC_LevelOutOfWindowCallback  stm32f1xx_hal_adc.o
    0x0800185a   0x0800185a   0x00000002   PAD
    0x0800185c   0x0800185c   0x0000009c   Code   RO          254    i.HAL_ADC_MspInit   adc.o
    0x080018f8   0x080018f8   0x0000010c   Code   RO          657    i.HAL_ADC_Start_DMA  stm32f1xx_hal_adc.o
    0x08001a04   0x08001a04   0x00000046   Code   RO         1889    i.HAL_DAC_ConfigChannel  stm32f1xx_hal_dac.o
    0x08001a4a   0x08001a4a   0x00000028   Code   RO         1899    i.HAL_DAC_Init      stm32f1xx_hal_dac.o
    0x08001a72   0x08001a72   0x00000002   PAD
    0x08001a74   0x08001a74   0x00000058   Code   RO          296    i.HAL_DAC_MspInit   dac.o
    0x08001acc   0x08001acc   0x0000001a   Code   RO         1902    i.HAL_DAC_SetValue  stm32f1xx_hal_dac.o
    0x08001ae6   0x08001ae6   0x0000005c   Code   RO         1903    i.HAL_DAC_Start     stm32f1xx_hal_dac.o
    0x08001b42   0x08001b42   0x00000046   Code   RO         1290    i.HAL_DMA_Abort     stm32f1xx_hal_dma.o
    0x08001b88   0x08001b88   0x00000130   Code   RO         1291    i.HAL_DMA_Abort_IT  stm32f1xx_hal_dma.o
    0x08001cb8   0x08001cb8   0x00000248   Code   RO         1295    i.HAL_DMA_IRQHandler  stm32f1xx_hal_dma.o
    0x08001f00   0x08001f00   0x0000007c   Code   RO         1296    i.HAL_DMA_Init      stm32f1xx_hal_dma.o
    0x08001f7c   0x08001f7c   0x00000070   Code   RO         1300    i.HAL_DMA_Start_IT  stm32f1xx_hal_dma.o
    0x08001fec   0x08001fec   0x00000024   Code   RO          918    i.HAL_Delay         stm32f1xx_hal.o
    0x08002010   0x08002010   0x00000140   Code   RO           14    i.HAL_GPIO_EXTI_Callback  main.o
    0x08002150   0x08002150   0x00000018   Code   RO         1225    i.HAL_GPIO_EXTI_IRQHandler  stm32f1xx_hal_gpio.o
    0x08002168   0x08002168   0x000001f8   Code   RO         1226    i.HAL_GPIO_Init     stm32f1xx_hal_gpio.o
    0x08002360   0x08002360   0x0000000a   Code   RO         1228    i.HAL_GPIO_ReadPin  stm32f1xx_hal_gpio.o
    0x0800236a   0x0800236a   0x0000000a   Code   RO         1230    i.HAL_GPIO_WritePin  stm32f1xx_hal_gpio.o
    0x08002374   0x08002374   0x0000000c   Code   RO          922    i.HAL_GetTick       stm32f1xx_hal.o
    0x08002380   0x08002380   0x00000010   Code   RO          928    i.HAL_IncTick       stm32f1xx_hal.o
    0x08002390   0x08002390   0x00000024   Code   RO          929    i.HAL_Init          stm32f1xx_hal.o
    0x080023b4   0x080023b4   0x00000040   Code   RO          930    i.HAL_InitTick      stm32f1xx_hal.o
    0x080023f4   0x080023f4   0x0000003c   Code   RO          575    i.HAL_MspInit       stm32f1xx_hal_msp.o
    0x08002430   0x08002430   0x0000001a   Code   RO         1386    i.HAL_NVIC_EnableIRQ  stm32f1xx_hal_cortex.o
    0x0800244a   0x0800244a   0x00000002   PAD
    0x0800244c   0x0800244c   0x00000040   Code   RO         1392    i.HAL_NVIC_SetPriority  stm32f1xx_hal_cortex.o
    0x0800248c   0x0800248c   0x00000024   Code   RO         1393    i.HAL_NVIC_SetPriorityGrouping  stm32f1xx_hal_cortex.o
    0x080024b0   0x080024b0   0x000000d4   Code   RO         1188    i.HAL_RCCEx_GetPeriphCLKFreq  stm32f1xx_hal_rcc_ex.o
    0x08002584   0x08002584   0x000000ec   Code   RO         1189    i.HAL_RCCEx_PeriphCLKConfig  stm32f1xx_hal_rcc_ex.o
    0x08002670   0x08002670   0x0000012c   Code   RO         1086    i.HAL_RCC_ClockConfig  stm32f1xx_hal_rcc.o
    0x0800279c   0x0800279c   0x00000020   Code   RO         1093    i.HAL_RCC_GetPCLK1Freq  stm32f1xx_hal_rcc.o
    0x080027bc   0x080027bc   0x00000020   Code   RO         1094    i.HAL_RCC_GetPCLK2Freq  stm32f1xx_hal_rcc.o
    0x080027dc   0x080027dc   0x0000006c   Code   RO         1095    i.HAL_RCC_GetSysClockFreq  stm32f1xx_hal_rcc.o
    0x08002848   0x08002848   0x00000320   Code   RO         1098    i.HAL_RCC_OscConfig  stm32f1xx_hal_rcc.o
    0x08002b68   0x08002b68   0x00000018   Code   RO         1395    i.HAL_SYSTICK_CLKSourceConfig  stm32f1xx_hal_cortex.o
    0x08002b80   0x08002b80   0x00000028   Code   RO         1397    i.HAL_SYSTICK_Config  stm32f1xx_hal_cortex.o
    0x08002ba8   0x08002ba8   0x00000002   Code   RO         2832    i.HAL_TIMEx_BreakCallback  stm32f1xx_hal_tim_ex.o
    0x08002baa   0x08002baa   0x00000002   Code   RO         2833    i.HAL_TIMEx_CommutCallback  stm32f1xx_hal_tim_ex.o
    0x08002bac   0x08002bac   0x0000007c   Code   RO         2851    i.HAL_TIMEx_MasterConfigSynchronization  stm32f1xx_hal_tim_ex.o
    0x08002c28   0x08002c28   0x0000005a   Code   RO         2128    i.HAL_TIM_Base_Init  stm32f1xx_hal_tim.o
    0x08002c82   0x08002c82   0x00000002   PAD
    0x08002c84   0x08002c84   0x0000003c   Code   RO          362    i.HAL_TIM_Base_MspInit  tim.o
    0x08002cc0   0x08002cc0   0x000000d6   Code   RO         2137    i.HAL_TIM_ConfigClockSource  stm32f1xx_hal_tim.o
    0x08002d96   0x08002d96   0x00000002   Code   RO         2162    i.HAL_TIM_IC_CaptureCallback  stm32f1xx_hal_tim.o
    0x08002d98   0x08002d98   0x00000166   Code   RO         2176    i.HAL_TIM_IRQHandler  stm32f1xx_hal_tim.o
    0x08002efe   0x08002efe   0x00000002   PAD
    0x08002f00   0x08002f00   0x0000004c   Code   RO          363    i.HAL_TIM_MspPostInit  tim.o
    0x08002f4c   0x08002f4c   0x0000004c   Code   RO         2177    i.HAL_TIM_OC_ConfigChannel  stm32f1xx_hal_tim.o
    0x08002f98   0x08002f98   0x00000100   Code   RO           15    i.HAL_TIM_OC_DelayElapsedCallback  main.o
    0x08003098   0x08003098   0x0000005a   Code   RO         2181    i.HAL_TIM_OC_Init   stm32f1xx_hal_tim.o
    0x080030f2   0x080030f2   0x00000002   Code   RO         2183    i.HAL_TIM_OC_MspInit  stm32f1xx_hal_tim.o
    0x080030f4   0x080030f4   0x000000c6   Code   RO         2200    i.HAL_TIM_PWM_ConfigChannel  stm32f1xx_hal_tim.o
    0x080031ba   0x080031ba   0x0000005a   Code   RO         2203    i.HAL_TIM_PWM_Init  stm32f1xx_hal_tim.o
    0x08003214   0x08003214   0x00000002   Code   RO         2205    i.HAL_TIM_PWM_MspInit  stm32f1xx_hal_tim.o
    0x08003216   0x08003216   0x00000002   Code   RO         2206    i.HAL_TIM_PWM_PulseFinishedCallback  stm32f1xx_hal_tim.o
    0x08003218   0x08003218   0x00000002   Code   RO         2214    i.HAL_TIM_PeriodElapsedCallback  stm32f1xx_hal_tim.o
    0x0800321a   0x0800321a   0x00000002   Code   RO         2219    i.HAL_TIM_TriggerCallback  stm32f1xx_hal_tim.o
    0x0800321c   0x0800321c   0x00000002   Code   RO         3110    i.HAL_UARTEx_RxEventCallback  stm32f1xx_hal_uart.o
    0x0800321e   0x0800321e   0x00000002   Code   RO         3124    i.HAL_UART_ErrorCallback  stm32f1xx_hal_uart.o
    0x08003220   0x08003220   0x0000020c   Code   RO         3127    i.HAL_UART_IRQHandler  stm32f1xx_hal_uart.o
    0x0800342c   0x0800342c   0x00000062   Code   RO         3128    i.HAL_UART_Init     stm32f1xx_hal_uart.o
    0x0800348e   0x0800348e   0x00000002   PAD
    0x08003490   0x08003490   0x00000080   Code   RO          410    i.HAL_UART_MspInit  usart.o
    0x08003510   0x08003510   0x00000002   Code   RO         3134    i.HAL_UART_RxCpltCallback  stm32f1xx_hal_uart.o
    0x08003512   0x08003512   0x00000002   Code   RO         3139    i.HAL_UART_TxCpltCallback  stm32f1xx_hal_uart.o
    0x08003514   0x08003514   0x00000002   Code   RO          459    i.HardFault_Handler  stm32f1xx_it.o
    0x08003516   0x08003516   0x00000002   PAD
    0x08003518   0x08003518   0x0000004c   Code   RO         3536    i.LCD_Clear         lcd.o
    0x08003564   0x08003564   0x000000b8   Code   RO         3540    i.LCD_Display_Dir   lcd.o
    0x0800361c   0x0800361c   0x000001c0   Code   RO         3545    i.LCD_Fast_DrawPoint  lcd.o
    0x080037dc   0x080037dc   0x000026bc   Code   RO         3547    i.LCD_Init          lcd.o
    0x08005e98   0x08005e98   0x00000010   Code   RO         3548    i.LCD_Pow           lcd.o
    0x08005ea8   0x08005ea8   0x00000050   Code   RO         3549    i.LCD_RD_DATA       lcd.o
    0x08005ef8   0x08005ef8   0x0000009c   Code   RO         3552    i.LCD_SSD_BackLightSet  lcd.o
    0x08005f94   0x08005f94   0x000002d4   Code   RO         3553    i.LCD_Scan_Dir      lcd.o
    0x08006268   0x08006268   0x00000214   Code   RO         3554    i.LCD_SetCursor     lcd.o
    0x0800647c   0x0800647c   0x000000d4   Code   RO         3556    i.LCD_ShowChar      lcd.o
    0x08006550   0x08006550   0x00000076   Code   RO         3557    i.LCD_ShowNum       lcd.o
    0x080065c6   0x080065c6   0x00000054   Code   RO         3558    i.LCD_ShowString    lcd.o
    0x0800661a   0x0800661a   0x00000002   PAD
    0x0800661c   0x0800661c   0x00000024   Code   RO         3560    i.LCD_WR_DATAX      lcd.o
    0x08006640   0x08006640   0x00000024   Code   RO         3561    i.LCD_WR_REG        lcd.o
    0x08006664   0x08006664   0x0000000c   Code   RO         3563    i.LCD_WriteRAM_Prepare  lcd.o
    0x08006670   0x08006670   0x0000002c   Code   RO         3564    i.LCD_WriteReg      lcd.o
    0x0800669c   0x0800669c   0x00000050   Code   RO          255    i.MX_ADC1_Init      adc.o
    0x080066ec   0x080066ec   0x0000003c   Code   RO          297    i.MX_DAC_Init       dac.o
    0x08006728   0x08006728   0x0000002c   Code   RO          337    i.MX_DMA_Init       dma.o
    0x08006754   0x08006754   0x00000118   Code   RO          229    i.MX_GPIO_Init      gpio.o
    0x0800686c   0x0800686c   0x000000b8   Code   RO          364    i.MX_TIM3_Init      tim.o
    0x08006924   0x08006924   0x00000038   Code   RO          411    i.MX_USART1_UART_Init  usart.o
    0x0800695c   0x0800695c   0x00000002   Code   RO          460    i.MemManage_Handler  stm32f1xx_it.o
    0x0800695e   0x0800695e   0x00000002   Code   RO          461    i.NMI_Handler       stm32f1xx_it.o
    0x08006960   0x08006960   0x00000002   Code   RO          462    i.PendSV_Handler    stm32f1xx_it.o
    0x08006962   0x08006962   0x00000002   Code   RO          463    i.SVC_Handler       stm32f1xx_it.o
    0x08006964   0x08006964   0x00000004   Code   RO          464    i.SysTick_Handler   stm32f1xx_it.o
    0x08006968   0x08006968   0x0000007a   Code   RO           16    i.SystemClock_Config  main.o
    0x080069e2   0x080069e2   0x00000002   Code   RO         3457    i.SystemInit        system_stm32f1xx.o
    0x080069e4   0x080069e4   0x0000000c   Code   RO          465    i.TIM3_IRQHandler   stm32f1xx_it.o
    0x080069f0   0x080069f0   0x0000008c   Code   RO         2221    i.TIM_Base_SetConfig  stm32f1xx_hal_tim.o
    0x08006a7c   0x08006a7c   0x00000014   Code   RO         2232    i.TIM_ETR_SetConfig  stm32f1xx_hal_tim.o
    0x08006a90   0x08006a90   0x00000010   Code   RO         2233    i.TIM_ITRx_SetConfig  stm32f1xx_hal_tim.o
    0x08006aa0   0x08006aa0   0x00000060   Code   RO         2234    i.TIM_OC1_SetConfig  stm32f1xx_hal_tim.o
    0x08006b00   0x08006b00   0x0000006c   Code   RO         2235    i.TIM_OC2_SetConfig  stm32f1xx_hal_tim.o
    0x08006b6c   0x08006b6c   0x00000068   Code   RO         2236    i.TIM_OC3_SetConfig  stm32f1xx_hal_tim.o
    0x08006bd4   0x08006bd4   0x00000050   Code   RO         2237    i.TIM_OC4_SetConfig  stm32f1xx_hal_tim.o
    0x08006c24   0x08006c24   0x00000022   Code   RO         2239    i.TIM_TI1_ConfigInputStage  stm32f1xx_hal_tim.o
    0x08006c46   0x08006c46   0x00000024   Code   RO         2241    i.TIM_TI2_ConfigInputStage  stm32f1xx_hal_tim.o
    0x08006c6a   0x08006c6a   0x00000010   Code   RO         3141    i.UART_DMAAbortOnError  stm32f1xx_hal_uart.o
    0x08006c7a   0x08006c7a   0x00000030   Code   RO         3151    i.UART_EndRxTransfer  stm32f1xx_hal_uart.o
    0x08006caa   0x08006caa   0x000000b6   Code   RO         3153    i.UART_Receive_IT   stm32f1xx_hal_uart.o
    0x08006d60   0x08006d60   0x000000b8   Code   RO         3154    i.UART_SetConfig    stm32f1xx_hal_uart.o
    0x08006e18   0x08006e18   0x0000000c   Code   RO          466    i.USART1_IRQHandler  stm32f1xx_it.o
    0x08006e24   0x08006e24   0x00000002   Code   RO          467    i.UsageFault_Handler  stm32f1xx_it.o
    0x08006e26   0x08006e26   0x00000028   Code   RO         3891    i.__ARM_fpclassify  m_ws.l(fpclassify.o)
    0x08006e4e   0x08006e4e   0x00000020   Code   RO         1399    i.__NVIC_SetPriority  stm32f1xx_hal_cortex.o
    0x08006e6e   0x08006e6e   0x0000000e   Code   RO         3772    i._is_digit         c_w.l(__printf_wp.o)
    0x08006e7c   0x08006e7c   0x00000014   Code   RO         3494    i.delay_init        delay.o
    0x08006e90   0x08006e90   0x0000001a   Code   RO         3495    i.delay_ms          delay.o
    0x08006eaa   0x08006eaa   0x00000002   PAD
    0x08006eac   0x08006eac   0x00000034   Code   RO         3496    i.delay_us          delay.o
    0x08006ee0   0x08006ee0   0x000000e4   Code   RO           17    i.main              main.o
    0x08006fc4   0x08006fc4   0x00000030   Code   RO           71    i.pa6Upd            main.o
    0x08006ff4   0x08006ff4   0x00000030   Code   RO           65    i.pa7Upd            main.o
    0x08007024   0x08007024   0x000000cc   Code   RO           77    i.rerender          main.o
    0x080070f0   0x080070f0   0x00000058   Code   RO           59    i.voltUpd           main.o
    0x08007148   0x08007148   0x0000002c   Code   RO         3885    locale$$code        c_w.l(lc_numeric_c.o)
    0x08007174   0x08007174   0x00000150   Code   RO         3792    x$fpl$dadd          fz_ws.l(daddsub_clz.o)
    0x080072c4   0x080072c4   0x00000010   Code   RO         3826    x$fpl$dcheck1       fz_ws.l(dcheck1.o)
    0x080072d4   0x080072d4   0x000002b0   Code   RO         3799    x$fpl$ddiv          fz_ws.l(ddiv.o)
    0x08007584   0x08007584   0x0000005a   Code   RO         3802    x$fpl$dfixu         fz_ws.l(dfixu.o)
    0x080075de   0x080075de   0x0000002e   Code   RO         3807    x$fpl$dflt          fz_ws.l(dflt_clz.o)
    0x0800760c   0x0800760c   0x00000026   Code   RO         3806    x$fpl$dfltu         fz_ws.l(dflt_clz.o)
    0x08007632   0x08007632   0x00000002   PAD
    0x08007634   0x08007634   0x00000154   Code   RO         3812    x$fpl$dmul          fz_ws.l(dmul.o)
    0x08007788   0x08007788   0x0000009c   Code   RO         3828    x$fpl$dnaninf       fz_ws.l(dnaninf.o)
    0x08007824   0x08007824   0x0000000c   Code   RO         3830    x$fpl$dretinf       fz_ws.l(dretinf.o)
    0x08007830   0x08007830   0x00000016   Code   RO         3793    x$fpl$drsb          fz_ws.l(daddsub_clz.o)
    0x08007846   0x08007846   0x00000002   PAD
    0x08007848   0x08007848   0x000001d4   Code   RO         3794    x$fpl$dsub          fz_ws.l(daddsub_clz.o)
    0x08007a1c   0x08007a1c   0x00000004   Code   RO         3814    x$fpl$printf1       fz_ws.l(printf1.o)
    0x08007a20   0x08007a20   0x00000064   Code   RO         3889    x$fpl$retnan        fz_ws.l(retnan.o)
    0x08007a84   0x08007a84   0x0000005c   Code   RO         3816    x$fpl$scalbn        fz_ws.l(scalbn.o)
    0x08007ae0   0x08007ae0   0x00000030   Code   RO         3953    x$fpl$trapveneer    fz_ws.l(trapv.o)
    0x08007b10   0x08007b10   0x00000000   Code   RO         3832    x$fpl$usenofp       fz_ws.l(usenofp.o)
    0x08007b10   0x08007b10   0x00000010   Data   RO         3458    .constdata          system_stm32f1xx.o
    0x08007b20   0x08007b20   0x00000008   Data   RO         3459    .constdata          system_stm32f1xx.o
    0x08007b28   0x08007b28   0x000017c0   Data   RO         3567    .constdata          lcd.o
    0x080092e8   0x080092e8   0x00000094   Data   RO         3860    .constdata          c_w.l(bigflt0.o)
    0x0800937c   0x0800937c   0x00000045   Data   RO           19    .conststring        main.o
    0x080093c1   0x080093c1   0x00000003   PAD
    0x080093c4   0x080093c4   0x00000020   Data   RO         4034    Region$$Table       anon$$obj.o
    0x080093e4   0x080093e4   0x0000001c   Data   RO         3884    locale$$data        c_w.l(lc_numeric_c.o)


    Execution Region RW_IRAM1 (Exec base: 0x20000000, Load base: 0x08009400, Size: 0x000007d0, Max: 0x0000c000, ABSOLUTE)

    Exec Addr    Load Addr    Size         Type   Attr      Idx    E Section Name        Object

    0x20000000   0x08009400   0x00000010   Data   RW           20    .data               main.o
    0x20000010   0x08009410   0x0000000c   Data   RW          936    .data               stm32f1xx_hal.o
    0x2000001c   0x0800941c   0x00000004   Data   RW         3460    .data               system_stm32f1xx.o
    0x20000020   0x08009420   0x00000004   Data   RW         3497    .data               delay.o
    0x20000024   0x08009424   0x00000004   Data   RW         3568    .data               lcd.o
    0x20000028        -       0x00000020   Zero   RW           18    .bss                main.o
    0x20000048        -       0x00000074   Zero   RW          256    .bss                adc.o
    0x200000bc        -       0x00000014   Zero   RW          298    .bss                dac.o
    0x200000d0        -       0x00000048   Zero   RW          365    .bss                tim.o
    0x20000118        -       0x00000044   Zero   RW          412    .bss                usart.o
    0x2000015c        -       0x0000000e   Zero   RW         3566    .bss                lcd.o
    0x2000016a   0x08009428   0x00000002   PAD
    0x2000016c        -       0x00000060   Zero   RW         3894    .bss                c_w.l(libspace.o)
    0x200001cc   0x08009428   0x00000004   PAD
    0x200001d0        -       0x00000200   Zero   RW            2    HEAP                startup_stm32f103xe.o
    0x200003d0        -       0x00000400   Zero   RW            1    STACK               startup_stm32f103xe.o


==============================================================================

Image component sizes


      Code (inc. data)   RO Data    RW Data    ZI Data      Debug   Object Name

       236         30          0          0        116       1659   adc.o
       148         22          0          0         20       1531   dac.o
        98          8          0          4          0       2075   delay.o
        44          4          0          0          0        714   dma.o
       280         26          0          0          0        947   gpio.o
     12674        184       6080          4         14      18994   lcd.o
      1318        188         69         16         32     517489   main.o
        64         26        304          0       1536        788   startup_stm32f103xe.o
       164         28          0         12          0       6337   stm32f1xx_hal.o
      1370         60          0          0          0       9566   stm32f1xx_hal_adc.o
       218          6          0          0          0       1907   stm32f1xx_hal_adc_ex.o
       222         14          0          0          0      29381   stm32f1xx_hal_cortex.o
       228          0          0          0          0       3230   stm32f1xx_hal_dac.o
      1236         52          0          0          0       4966   stm32f1xx_hal_dma.o
       548         48          0          0          0       4010   stm32f1xx_hal_gpio.o
        60          8          0          0          0        826   stm32f1xx_hal_msp.o
      1272        100          0          0          0       5060   stm32f1xx_hal_rcc.o
       448         44          0          0          0       2501   stm32f1xx_hal_rcc_ex.o
      1762         56          0          0          0      15430   stm32f1xx_hal_tim.o
       128         20          0          0          0       2281   stm32f1xx_hal_tim_ex.o
      1060         10          0          0          0       7356   stm32f1xx_hal_uart.o
        94         24          0          0          0       6989   stm32f1xx_it.o
         2          0         24          4          0       1047   system_stm32f1xx.o
       320         32          0          0         72       2244   tim.o
       184         20          0          0         68       1602   usart.o

    ----------------------------------------------------------------------
     24202       1010       6512         40       1860     648930   Object Totals
         0          0         32          0          0          0   (incl. Generated)
        24          0          3          0          2          0   (incl. Padding)

    ----------------------------------------------------------------------

      Code (inc. data)   RO Data    RW Data    ZI Data      Debug   Library Member Name

         8          0          0          0          0         68   __main.o
       284          0          0          0          0        156   __printf_wp.o
         0          0          0          0          0          0   __rtentry.o
        12          0          0          0          0          0   __rtentry2.o
         6          0          0          0          0          0   __rtentry4.o
        52          8          0          0          0          0   __scatter.o
        26          0          0          0          0          0   __scatter_copy.o
        28          0          0          0          0          0   __scatter_zi.o
        48          6          0          0          0         96   _printf_char_common.o
         6          0          0          0          0          0   _printf_f.o
      1054          0          0          0          0        216   _printf_fp_dec.o
       128         16          0          0          0         84   _printf_fp_infnan.o
         0          0          0          0          0          0   _printf_percent.o
         4          0          0          0          0          0   _printf_percent_end.o
        10          0          0          0          0         68   _sputc.o
       228          4        148          0          0         96   bigflt0.o
      1936        128          0          0          0        672   btod.o
        18          0          0          0          0         80   exit.o
         6          0          0          0          0        152   heapauxi.o
         0          0          0          0          0          0   indicate_semi.o
        44         10         28          0          0         76   lc_numeric_c.o
         2          0          0          0          0          0   libinit.o
        18          0          0          0          0          0   libinit2.o
         2          0          0          0          0          0   libshutdown.o
         2          0          0          0          0          0   libshutdown2.o
         8          4          0          0         96         68   libspace.o
       138          0          0          0          0         80   lludiv10.o
        40          6          0          0          0         84   noretval__2sprintf.o
         8          4          0          0          0         68   rt_locale_intlibspace.o
        68          0          0          0          0         68   rt_memclr.o
        78          0          0          0          0         80   rt_memclr_w.o
         2          0          0          0          0          0   rtexit.o
        10          0          0          0          0          0   rtexit2.o
       128          0          0          0          0         68   strcmpv7m.o
        12          4          0          0          0         68   sys_exit.o
        74          0          0          0          0         80   sys_stackheap_outer.o
         2          0          0          0          0         68   use_no_semi.o
       826         16          0          0          0        348   daddsub_clz.o
        16          4          0          0          0         68   dcheck1.o
       688        140          0          0          0        208   ddiv.o
        90          4          0          0          0         92   dfixu.o
        84          0          0          0          0        136   dflt_clz.o
       340         12          0          0          0        104   dmul.o
       156          4          0          0          0         92   dnaninf.o
        12          0          0          0          0         68   dretinf.o
         4          0          0          0          0         68   printf1.o
       100          0          0          0          0         68   retnan.o
        92          0          0          0          0         68   scalbn.o
        48          0          0          0          0         68   trapv.o
         0          0          0          0          0          0   usenofp.o
        40          0          0          0          0         68   fpclassify.o

    ----------------------------------------------------------------------
      6998        370        176          0        100       3952   Library Totals
        12          0          0          0          4          0   (incl. Padding)

    ----------------------------------------------------------------------

      Code (inc. data)   RO Data    RW Data    ZI Data      Debug   Library Name

      4490        190        176          0         96       2496   c_w.l
      2456        180          0          0          0       1388   fz_ws.l
        40          0          0          0          0         68   m_ws.l

    ----------------------------------------------------------------------
      6998        370        176          0        100       3952   Library Totals

    ----------------------------------------------------------------------

==============================================================================


      Code (inc. data)   RO Data    RW Data    ZI Data      Debug   

     31200       1380       6688         40       1960     643674   Grand Totals
     31200       1380       6688         40       1960     643674   ELF Image Totals
     31200       1380       6688         40          0          0   ROM Totals

==============================================================================

    Total RO  Size (Code + RO Data)                37888 (  37.00kB)
    Total RW  Size (RW Data + ZI Data)              2000 (   1.95kB)
    Total ROM Size (Code + RO Data + RW Data)      37928 (  37.04kB)

==============================================================================

