<html>
<body>
<pre>
<h1>µVision Build Log</h1>
<h2>Tool Versions:</h2>
IDE-Version: ¦ÌVision V5.28.0.0
Copyright (C) 2019 ARM Ltd and ARM Germany GmbH. All rights reserved.
License Information: Kuon Nakai, Brunhild Inc., LIC=SDA0P-MBFCT-GKTBG-VXFGU-7HGEX-ME8UM
 
Tool Versions:
Toolchain:       MDK-ARM Plus  Version: 5.28.0.0
Toolchain Path:  D:\Keil_v5\ARM\ARMCC\Bin
C Compiler:      Armcc.exe V5.06 update 6 (build 750)
Assembler:       Armasm.exe V5.06 update 6 (build 750)
Linker/Locator:  ArmLink.exe V5.06 update 6 (build 750)
Library Manager: ArmAr.exe V5.06 update 6 (build 750)
Hex Converter:   FromElf.exe V5.06 update 6 (build 750)
CPU DLL:         SARMCM3.DLL V5.28.0.0
Dialog DLL:      DCM.DLL V1.17.3.0
Target DLL:      STLink\ST-LINKIII-KEIL_SWO.dll V3.0.6.0
Dialog DLL:      TCM.DLL V1.36.2.0
 
<h2>Project:</h2>
d:\GitHub\stm32learning\dmaTest0\MDK-ARM\dmaTest0.uvprojx
Project File Date:  03/02/2023

<h2>Output:</h2>
*** Using Compiler 'V5.06 update 6 (build 750)', folder: 'D:\Keil_v5\ARM\ARMCC\Bin'
Build target 'dmaTest0'
assembling startup_stm32h743xx.s...
compiling stm32h7xx_hal_dac.c...
compiling ltdc.c...
compiling gpio.c...
compiling fmc.c...
compiling tim.c...
compiling stm32h7xx_hal_cortex.c...
compiling dma2d.c...
compiling dac.c...
compiling stm32h7xx_hal_msp.c...
compiling dma.c...
compiling lptim.c...
compiling main.c...
../Core/Src/main.c(116): warning:  #167-D: argument of type "uint16_t *" is incompatible with parameter of type "uint32_t *"
  	HAL_DAC_Start_DMA(&hdac1, DAC_CHANNEL_1, &val, 1, DAC_ALIGN_12B_R);
../Core/Src/main.c: 1 warning, 0 errors
compiling usart.c...
compiling stm32h7xx_it.c...
compiling stm32h7xx_hal_dac_ex.c...
compiling stm32h7xx_hal_hsem.c...
compiling stm32h7xx_hal_pwr.c...
compiling stm32h7xx_hal_gpio.c...
compiling stm32h7xx_hal_flash.c...
compiling stm32h7xx_hal_rcc.c...
compiling stm32h7xx_hal_mdma.c...
compiling stm32h7xx_hal_flash_ex.c...
compiling stm32h7xx_hal_pwr_ex.c...
compiling stm32h7xx_hal.c...
compiling stm32h7xx_hal_dma_ex.c...
compiling stm32h7xx_hal_rcc_ex.c...
compiling stm32h7xx_hal_i2c.c...
compiling stm32h7xx_hal_dma.c...
compiling stm32h7xx_hal_i2c_ex.c...
compiling stm32h7xx_hal_ltdc.c...
compiling stm32h7xx_hal_exti.c...
compiling stm32h7xx_hal_sdram.c...
compiling stm32h7xx_ll_fmc.c...
compiling stm32h7xx_hal_sram.c...
compiling stm32h7xx_hal_lptim.c...
compiling stm32h7xx_hal_ltdc_ex.c...
compiling stm32h7xx_hal_tim_ex.c...
compiling stm32h7xx_hal_uart_ex.c...
compiling stm32h7xx_hal_dma2d.c...
compiling system_stm32h7xx.c...
compiling stm32h7xx_hal_uart.c...
compiling stm32h7xx_hal_tim.c...
linking...
Program Size: Code=22506 RO-data=762 RW-data=32 ZI-data=2528  
FromELF: creating hex file...
"dmaTest0\dmaTest0.axf" - 0 Error(s), 1 Warning(s).

<h2>Software Packages used:</h2>

Package Vendor: ARM
                http://www.keil.com/pack/ARM.CMSIS.5.5.1.pack
                ARM.CMSIS.5.5.1
                CMSIS (Cortex Microcontroller Software Interface Standard)
   * Component: CORE Version: 5.2.0

Package Vendor: Keil
                http://www.keil.com/pack/Keil.STM32H7xx_DFP.3.0.0.pack
                Keil.STM32H7xx_DFP.3.0.0
                STMicroelectronics STM32H7 Series Device Support and Examples

<h2>Collection of Component include folders:</h2>
  .\RTE\_dmaTest0
  D:\Arm\Packs\ARM\CMSIS\5.5.1\CMSIS\Core\Include
  D:\Arm\Packs\Keil\STM32H7xx_DFP\3.0.0\Drivers\CMSIS\Device\ST\STM32H7xx\Include

<h2>Collection of Component Files used:</h2>

   * Component: ARM::CMSIS:CORE:5.2.0
Build Time Elapsed:  00:01:23
</pre>
</body>
</html>
