<html>
<body>
<pre>
<h1>µVision Build Log</h1>
<h2>Tool Versions:</h2>
IDE-Version: ¦ÌVision V5.28.0.0
Copyright (C) 2019 ARM Ltd and ARM Germany GmbH. All rights reserved.
License Information: Kuon Nakai, Brunhild Inc., LIC=SDA0P-MBFCT-GKTBG-VXFGU-7HGEX-ME8UM
 
Tool Versions:
Toolchain:       MDK-ARM Plus  Version: 5.28.0.0
Toolchain Path:  D:\Keil_v5\ARM\ARMCC\Bin
C Compiler:      Armcc.exe V5.06 update 6 (build 750)
Assembler:       Armasm.exe V5.06 update 6 (build 750)
Linker/Locator:  ArmLink.exe V5.06 update 6 (build 750)
Library Manager: ArmAr.exe V5.06 update 6 (build 750)
Hex Converter:   FromElf.exe V5.06 update 6 (build 750)
CPU DLL:         SARMCM3.DLL V5.28.0.0
Dialog DLL:      DCM.DLL V1.17.3.0
Target DLL:      CMSIS_AGDI.dll V1.31.18.0
Dialog DLL:      TCM.DLL V1.36.2.0
 
<h2>Project:</h2>
D:\GitHub\stm32learning\Signal\MDK-ARM\Signal.uvprojx
Project File Date:  02/02/2023

<h2>Output:</h2>
*** Using Compiler 'V5.06 update 6 (build 750)', folder: 'D:\Keil_v5\ARM\ARMCC\Bin'
Build target 'Signal'
compiling main.c...
../Core/Src/main.c(141): warning:  #188-D: enumerated type mixed with another type
  	lds(1, 0);
../Core/Src/main.c(142): warning:  #188-D: enumerated type mixed with another type
  	lds(2, 0);
../Core/Src/main.c(143): warning:  #188-D: enumerated type mixed with another type
  	lds(3, 0);
../Core/Src/main.c(144): warning:  #188-D: enumerated type mixed with another type
  	lds(4, 0);
../Core/Src/main.c(145): warning:  #188-D: enumerated type mixed with another type
  	lds(5, 0);
../Core/Src/main.c(146): warning:  #188-D: enumerated type mixed with another type
  	lds(6, 1);
../Core/Src/main.c(147): warning:  #188-D: enumerated type mixed with another type
  	lds(7, 1);
../Core/Src/main.c(148): warning:  #188-D: enumerated type mixed with another type
  	lds(8, 1);
../Core/Src/main.c(234): warning:  #188-D: enumerated type mixed with another type
  		if(ldn) lds(ldn--, 1);
../Core/Src/main.c(290): warning:  #188-D: enumerated type mixed with another type
  	lds(1, 0);
../Core/Src/main.c(291): warning:  #188-D: enumerated type mixed with another type
  	lds(2, 0);
../Core/Src/main.c(292): warning:  #188-D: enumerated type mixed with another type
  	lds(3, 0);
../Core/Src/main.c(293): warning:  #188-D: enumerated type mixed with another type
  	lds(4, 0);
../Core/Src/main.c(294): warning:  #188-D: enumerated type mixed with another type
  	lds(5, 0);
../Core/Src/main.c(301): warning:  #188-D: enumerated type mixed with another type
  	lds(1, 0);
../Core/Src/main.c(302): warning:  #188-D: enumerated type mixed with another type
  	lds(2, 0);
../Core/Src/main.c(303): warning:  #188-D: enumerated type mixed with another type
  	lds(3, 0);
../Core/Src/main.c(304): warning:  #188-D: enumerated type mixed with another type
  	lds(4, 0);
../Core/Src/main.c(305): warning:  #188-D: enumerated type mixed with another type
  	lds(5, 0);
../Core/Src/main.c(327): warning:  #188-D: enumerated type mixed with another type
  		HAL_GPIO_WritePin(GPIOA, GPIO_PIN_1, n3 & 128u);
../Core/Src/main.c(334): warning:  #188-D: enumerated type mixed with another type
  		HAL_GPIO_WritePin(GPIOA, GPIO_PIN_1, n2 & 128u);
../Core/Src/main.c(341): warning:  #188-D: enumerated type mixed with another type
  		HAL_GPIO_WritePin(GPIOA, GPIO_PIN_1, n1 & 128u);
../Core/Src/main.c: 22 warnings, 0 errors
linking...
Program Size: Code=12848 RO-data=5128 RW-data=44 ZI-data=1932  
FromELF: creating hex file...
"Signal\Signal.axf" - 0 Error(s), 22 Warning(s).

<h2>Software Packages used:</h2>

Package Vendor: ARM
                http://www.keil.com/pack/ARM.CMSIS.5.5.1.pack
                ARM.CMSIS.5.5.1
                CMSIS (Cortex Microcontroller Software Interface Standard)
   * Component: CORE Version: 5.2.0

Package Vendor: Keil
                https://www.keil.com/pack/Keil.STM32G4xx_DFP.1.5.0.pack
                Keil.STM32G4xx_DFP.1.5.0
                STMicroelectronics STM32G4 Series Device Support, Drivers and Examples

<h2>Collection of Component include folders:</h2>
  .\RTE\_Signal
  D:\Arm\Packs\ARM\CMSIS\5.5.1\CMSIS\Core\Include
  D:\Arm\Packs\Keil\STM32G4xx_DFP\1.5.0\Drivers\CMSIS\Device\ST\STM32G4xx\Include

<h2>Collection of Component Files used:</h2>

   * Component: ARM::CMSIS:CORE:5.2.0
Build Time Elapsed:  00:00:02
</pre>
</body>
</html>
